Archive member included to satisfy reference by file (symbol)

c:/sysgcc/arm-eabi/bin/../lib/gcc/arm-none-eabi/12.3.1/thumb/v7-m/nofp\libg.a(libc_a-exit.o)
                              c:/sysgcc/arm-eabi/bin/../lib/gcc/arm-none-eabi/12.3.1/thumb/v7-m/nofp/crt0.o (exit)
c:/sysgcc/arm-eabi/bin/../lib/gcc/arm-none-eabi/12.3.1/thumb/v7-m/nofp\libg.a(libc_a-findfp.o)
                              c:/sysgcc/arm-eabi/bin/../lib/gcc/arm-none-eabi/12.3.1/thumb/v7-m/nofp\libg.a(libc_a-exit.o) (__stdio_exit_handler)
c:/sysgcc/arm-eabi/bin/../lib/gcc/arm-none-eabi/12.3.1/thumb/v7-m/nofp\libg.a(libc_a-fwalk.o)
                              c:/sysgcc/arm-eabi/bin/../lib/gcc/arm-none-eabi/12.3.1/thumb/v7-m/nofp\libg.a(libc_a-findfp.o) (_fwalk_sglue)
c:/sysgcc/arm-eabi/bin/../lib/gcc/arm-none-eabi/12.3.1/thumb/v7-m/nofp\libg.a(libc_a-stdio.o)
                              c:/sysgcc/arm-eabi/bin/../lib/gcc/arm-none-eabi/12.3.1/thumb/v7-m/nofp\libg.a(libc_a-findfp.o) (__sread)
c:/sysgcc/arm-eabi/bin/../lib/gcc/arm-none-eabi/12.3.1/thumb/v7-m/nofp\libg.a(libc_a-memset.o)
                              c:/sysgcc/arm-eabi/bin/../lib/gcc/arm-none-eabi/12.3.1/thumb/v7-m/nofp/crt0.o (memset)
c:/sysgcc/arm-eabi/bin/../lib/gcc/arm-none-eabi/12.3.1/thumb/v7-m/nofp\libg.a(libc_a-closer.o)
                              c:/sysgcc/arm-eabi/bin/../lib/gcc/arm-none-eabi/12.3.1/thumb/v7-m/nofp\libg.a(libc_a-stdio.o) (_close_r)
c:/sysgcc/arm-eabi/bin/../lib/gcc/arm-none-eabi/12.3.1/thumb/v7-m/nofp\libg.a(libc_a-reent.o)
                              c:/sysgcc/arm-eabi/bin/../lib/gcc/arm-none-eabi/12.3.1/thumb/v7-m/nofp\libg.a(libc_a-closer.o) (errno)
c:/sysgcc/arm-eabi/bin/../lib/gcc/arm-none-eabi/12.3.1/thumb/v7-m/nofp\libg.a(libc_a-impure.o)
                              c:/sysgcc/arm-eabi/bin/../lib/gcc/arm-none-eabi/12.3.1/thumb/v7-m/nofp\libg.a(libc_a-reent.o) (_impure_ptr)
c:/sysgcc/arm-eabi/bin/../lib/gcc/arm-none-eabi/12.3.1/thumb/v7-m/nofp\libg.a(libc_a-lseekr.o)
                              c:/sysgcc/arm-eabi/bin/../lib/gcc/arm-none-eabi/12.3.1/thumb/v7-m/nofp\libg.a(libc_a-stdio.o) (_lseek_r)
c:/sysgcc/arm-eabi/bin/../lib/gcc/arm-none-eabi/12.3.1/thumb/v7-m/nofp\libg.a(libc_a-readr.o)
                              c:/sysgcc/arm-eabi/bin/../lib/gcc/arm-none-eabi/12.3.1/thumb/v7-m/nofp\libg.a(libc_a-stdio.o) (_read_r)
c:/sysgcc/arm-eabi/bin/../lib/gcc/arm-none-eabi/12.3.1/thumb/v7-m/nofp\libg.a(libc_a-writer.o)
                              c:/sysgcc/arm-eabi/bin/../lib/gcc/arm-none-eabi/12.3.1/thumb/v7-m/nofp\libg.a(libc_a-stdio.o) (_write_r)
c:/sysgcc/arm-eabi/bin/../lib/gcc/arm-none-eabi/12.3.1/thumb/v7-m/nofp\libg.a(libc_a-errno.o)
                              CMakeFiles/rc_car_new.dir/C_/Works/STM32_Projects/rc_car_new/common/Core/Src/syscalls.c.obj (__errno)
c:/sysgcc/arm-eabi/bin/../lib/gcc/arm-none-eabi/12.3.1/thumb/v7-m/nofp\libg.a(libc_a-init.o)
                              c:/sysgcc/arm-eabi/bin/../lib/gcc/arm-none-eabi/12.3.1/thumb/v7-m/nofp/crt0.o (__libc_init_array)
c:/sysgcc/arm-eabi/bin/../lib/gcc/arm-none-eabi/12.3.1/thumb/v7-m/nofp\libg.a(libc_a-lock.o)
                              c:/sysgcc/arm-eabi/bin/../lib/gcc/arm-none-eabi/12.3.1/thumb/v7-m/nofp\libg.a(libc_a-findfp.o) (__retarget_lock_init_recursive)
c:/sysgcc/arm-eabi/bin/../lib/gcc/arm-none-eabi/12.3.1/thumb/v7-m/nofp\libg.a(libc_a-__call_atexit.o)
                              c:/sysgcc/arm-eabi/bin/../lib/gcc/arm-none-eabi/12.3.1/thumb/v7-m/nofp\libg.a(libc_a-exit.o) (__call_exitprocs)
c:/sysgcc/arm-eabi/bin/../lib/gcc/arm-none-eabi/12.3.1/thumb/v7-m/nofp\libg.a(libc_a-atexit.o)
                              c:/sysgcc/arm-eabi/bin/../lib/gcc/arm-none-eabi/12.3.1/thumb/v7-m/nofp\libg.a(libc_a-__call_atexit.o) (atexit)
c:/sysgcc/arm-eabi/bin/../lib/gcc/arm-none-eabi/12.3.1/thumb/v7-m/nofp\libg.a(libc_a-freer.o)
                              c:/sysgcc/arm-eabi/bin/../lib/gcc/arm-none-eabi/12.3.1/thumb/v7-m/nofp\libg.a(libc_a-reent.o) (_free_r)
c:/sysgcc/arm-eabi/bin/../lib/gcc/arm-none-eabi/12.3.1/thumb/v7-m/nofp\libg.a(libc_a-mallocr.o)
                              c:/sysgcc/arm-eabi/bin/../lib/gcc/arm-none-eabi/12.3.1/thumb/v7-m/nofp\libg.a(libc_a-findfp.o) (_malloc_r)
c:/sysgcc/arm-eabi/bin/../lib/gcc/arm-none-eabi/12.3.1/thumb/v7-m/nofp\libg.a(libc_a-mlock.o)
                              c:/sysgcc/arm-eabi/bin/../lib/gcc/arm-none-eabi/12.3.1/thumb/v7-m/nofp\libg.a(libc_a-freer.o) (__malloc_lock)
c:/sysgcc/arm-eabi/bin/../lib/gcc/arm-none-eabi/12.3.1/thumb/v7-m/nofp\libg.a(libc_a-fclose.o)
                              c:/sysgcc/arm-eabi/bin/../lib/gcc/arm-none-eabi/12.3.1/thumb/v7-m/nofp\libg.a(libc_a-findfp.o) (_fclose_r)
c:/sysgcc/arm-eabi/bin/../lib/gcc/arm-none-eabi/12.3.1/thumb/v7-m/nofp\libg.a(libc_a-fflush.o)
                              c:/sysgcc/arm-eabi/bin/../lib/gcc/arm-none-eabi/12.3.1/thumb/v7-m/nofp\libg.a(libc_a-fclose.o) (__sflush_r)
c:/sysgcc/arm-eabi/bin/../lib/gcc/arm-none-eabi/12.3.1/thumb/v7-m/nofp\libg.a(libc_a-sbrkr.o)
[...]
Memory Configuration

Name             Origin             Length             Attributes
RAM              0x20000000         0x00002800         xrw
FLASH            0x08000000         0x00008000         xr
*default*        0x00000000         0xffffffff

Linker script and memory map

LOAD c:/sysgcc/arm-eabi/bin/../lib/gcc/arm-none-eabi/12.3.1/thumb/v7-m/nofp/crti.o
LOAD c:/sysgcc/arm-eabi/bin/../lib/gcc/arm-none-eabi/12.3.1/thumb/v7-m/nofp/crtbegin.o
LOAD c:/sysgcc/arm-eabi/bin/../lib/gcc/arm-none-eabi/12.3.1/thumb/v7-m/nofp/crt0.o
LOAD CMakeFiles/BSP.dir/C_/Program_Files_(x86)/Sysprogs/VisualGDB/CMake/embedded/dummy.c.obj
LOAD CMakeFiles/rc_car_new.dir/src/data_processing.c.obj
LOAD CMakeFiles/rc_car_new.dir/C_/Works/STM32_Projects/rc_car_new/common/Startup/startup_stm32f103c6tx.s.obj
LOAD CMakeFiles/rc_car_new.dir/C_/Works/STM32_Projects/rc_car_new/common/Core/Src/main.c.obj
LOAD CMakeFiles/rc_car_new.dir/C_/Works/STM32_Projects/rc_car_new/common/Drivers/STM32F1xx_HAL_Driver/Src/stm32f1xx_hal.c.obj
LOAD CMakeFiles/rc_car_new.dir/C_/Works/STM32_Projects/rc_car_new/common/Drivers/STM32F1xx_HAL_Driver/Src/stm32f1xx_hal_cortex.c.obj
LOAD CMakeFiles/rc_car_new.dir/C_/Works/STM32_Projects/rc_car_new/common/Drivers/STM32F1xx_HAL_Driver/Src/stm32f1xx_hal_crc.c.obj
LOAD CMakeFiles/rc_car_new.dir/C_/Works/STM32_Projects/rc_car_new/common/Drivers/STM32F1xx_HAL_Driver/Src/stm32f1xx_hal_dma.c.obj
LOAD CMakeFiles/rc_car_new.dir/C_/Works/STM32_Projects/rc_car_new/common/Drivers/STM32F1xx_HAL_Driver/Src/stm32f1xx_hal_exti.c.obj
LOAD CMakeFiles/rc_car_new.dir/C_/Works/STM32_Projects/rc_car_new/common/Drivers/STM32F1xx_HAL_Driver/Src/stm32f1xx_hal_flash.c.obj
LOAD CMakeFiles/rc_car_new.dir/C_/Works/STM32_Projects/rc_car_new/common/Drivers/STM32F1xx_HAL_Driver/Src/stm32f1xx_hal_flash_ex.c.obj
LOAD CMakeFiles/rc_car_new.dir/C_/Works/STM32_Projects/rc_car_new/common/Drivers/STM32F1xx_HAL_Driver/Src/stm32f1xx_hal_gpio.c.obj
LOAD CMakeFiles/rc_car_new.dir/C_/Works/STM32_Projects/rc_car_new/common/Drivers/STM32F1xx_HAL_Driver/Src/stm32f1xx_hal_gpio_ex.c.obj
LOAD CMakeFiles/rc_car_new.dir/C_/Works/STM32_Projects/rc_car_new/common/Drivers/STM32F1xx_HAL_Driver/Src/stm32f1xx_hal_i2c.c.obj
LOAD CMakeFiles/rc_car_new.dir/C_/Works/STM32_Projects/rc_car_new/common/Drivers/STM32F1xx_HAL_Driver/Src/stm32f1xx_hal_pwr.c.obj
LOAD CMakeFiles/rc_car_new.dir/C_/Works/STM32_Projects/rc_car_new/common/Drivers/STM32F1xx_HAL_Driver/Src/stm32f1xx_hal_rcc.c.obj
LOAD CMakeFiles/rc_car_new.dir/C_/Works/STM32_Projects/rc_car_new/common/Drivers/STM32F1xx_HAL_Driver/Src/stm32f1xx_hal_rcc_ex.c.obj
LOAD CMakeFiles/rc_car_new.dir/C_/Works/STM32_Projects/rc_car_new/common/Drivers/STM32F1xx_HAL_Driver/Src/stm32f1xx_hal_tim.c.obj
LOAD CMakeFiles/rc_car_new.dir/C_/Works/STM32_Projects/rc_car_new/common/Drivers/STM32F1xx_HAL_Driver/Src/stm32f1xx_hal_tim_ex.c.obj
LOAD CMakeFiles/rc_car_new.dir/C_/Works/STM32_Projects/rc_car_new/common/Drivers/STM32F1xx_HAL_Driver/Src/stm32f1xx_hal_uart.c.obj
LOAD CMakeFiles/rc_car_new.dir/C_/Works/STM32_Projects/rc_car_new/common/Core/Src/crc.c.obj
LOAD CMakeFiles/rc_car_new.dir/C_/Works/STM32_Projects/rc_car_new/common/Core/Src/gpio.c.obj
LOAD CMakeFiles/rc_car_new.dir/C_/Works/STM32_Projects/rc_car_new/common/Core/Src/i2c.c.obj
LOAD CMakeFiles/rc_car_new.dir/C_/Works/STM32_Projects/rc_car_new/common/Core/Src/stm32f1xx_hal_msp.c.obj
LOAD CMakeFiles/rc_car_new.dir/C_/Works/STM32_Projects/rc_car_new/common/Core/Src/stm32f1xx_it.c.obj
LOAD CMakeFiles/rc_car_new.dir/C_/Works/STM32_Projects/rc_car_new/common/Core/Src/syscalls.c.obj
LOAD CMakeFiles/rc_car_new.dir/C_/Works/STM32_Projects/rc_car_new/common/Core/Src/sysmem.c.obj
LOAD CMakeFiles/rc_car_new.dir/C_/Works/STM32_Projects/rc_car_new/common/Core/Src/system_stm32f1xx.c.obj
LOAD CMakeFiles/rc_car_new.dir/C_/Works/STM32_Projects/rc_car_new/common/Core/Src/tim.c.obj
LOAD CMakeFiles/rc_car_new.dir/C_/Works/STM32_Projects/rc_car_new/common/Core/Src/usart.c.obj
START GROUP
LOAD c:/sysgcc/arm-eabi/bin/../lib/gcc/arm-none-eabi/12.3.1/thumb/v7-m/nofp\libgcc.a
LOAD c:/sysgcc/arm-eabi/bin/../lib/gcc/arm-none-eabi/12.3.1/thumb/v7-m/nofp\libg.a
LOAD c:/sysgcc/arm-eabi/bin/../lib/gcc/arm-none-eabi/12.3.1/thumb/v7-m/nofp\libc.a
END GROUP
LOAD c:/sysgcc/arm-eabi/bin/../lib/gcc/arm-none-eabi/12.3.1/thumb/v7-m/nofp/crtend.o
LOAD c:/sysgcc/arm-eabi/bin/../lib/gcc/arm-none-eabi/12.3.1/thumb/v7-m/nofp/crtn.o
                0x20002800                        _estack = (ORIGIN (RAM) + LENGTH (RAM))
                0x00000200                        _Min_Heap_Size = 0x200
                0x00000400                        _Min_Stack_Size = 0x400

.isr_vector     0x08000000      0x10c
                0x08000000                        . = ALIGN (0x4)
 *(.isr_vector)
 .isr_vector    0x08000000      0x10c CMakeFiles/rc_car_new.dir/C_/Works/STM32_Projects/rc_car_new/common/Startup/startup_stm32f103c6tx.s.obj
                0x08000000                g_pfnVectors
                0x0800010c                        . = ALIGN (0x4)

.text           0x0800010c     0x49c0
                0x0800010c                        . = ALIGN (0x4)
 *(.text)
 *(.text*)
 .text.deregister_tm_clones
                0x0800010c       0x1c c:/sysgcc/arm-eabi/bin/../lib/gcc/arm-none-eabi/12.3.1/thumb/v7-m/nofp/crtbegin.o
 .text.register_tm_clones
                0x08000128       0x24 c:/sysgcc/arm-eabi/bin/../lib/gcc/arm-none-eabi/12.3.1/thumb/v7-m/nofp/crtbegin.o
 .text.__do_global_dtors_aux
                0x0800014c       0x28 c:/sysgcc/arm-eabi/bin/../lib/gcc/arm-none-eabi/12.3.1/thumb/v7-m/nofp/crtbegin.o
 .text.frame_dummy
                0x08000174       0x24 c:/sysgcc/arm-eabi/bin/../lib/gcc/arm-none-eabi/12.3.1/thumb/v7-m/nofp/crtbegin.o
 .text.Reset_Handler
                0x08000198       0x48 CMakeFiles/rc_car_new.dir/C_/Works/STM32_Projects/rc_car_new/common/Startup/startup_stm32f103c6tx.s.obj
                0x08000198                Reset_Handler
 .text.Default_Handler
                0x080001e0        0x2 CMakeFiles/rc_car_new.dir/C_/Works/STM32_Projects/rc_car_new/common/Startup/startup_stm32f103c6tx.s.obj
                0x080001e0                RTC_Alarm_IRQHandler
                0x080001e0                EXTI2_IRQHandler
                0x080001e0                TIM1_CC_IRQHandler
                0x080001e0                PVD_IRQHandler
                0x080001e0                EXTI3_IRQHandler
                0x080001e0                EXTI0_IRQHandler
                0x080001e0                ADC1_2_IRQHandler
                0x080001e0                SPI1_IRQHandler
                0x080001e0                TAMPER_IRQHandler
                0x080001e0                DMA1_Channel4_IRQHandler
                0x080001e0                RTC_IRQHandler
                0x080001e0                DMA1_Channel7_IRQHandler
                0x080001e0                CAN1_RX1_IRQHandler
                0x080001e0                DMA1_Channel6_IRQHandler
                0x080001e0                TIM3_IRQHandler
                0x080001e0                RCC_IRQHandler
                0x080001e0                TIM1_TRG_COM_IRQHandler
                0x080001e0                DMA1_Channel1_IRQHandler
                0x080001e0                Default_Handler
                0x080001e0                EXTI15_10_IRQHandler
                0x080001e0                EXTI9_5_IRQHandler
                0x080001e0                DMA1_Channel5_IRQHandler
                0x080001e0                EXTI4_IRQHandler
                0x080001e0                USB_LP_CAN1_RX0_IRQHandler
                0x080001e0                USB_HP_CAN1_TX_IRQHandler
                0x080001e0                DMA1_Channel3_IRQHandler
                0x080001e0                TIM1_UP_IRQHandler
                0x080001e0                WWDG_IRQHandler
                0x080001e0                TIM2_IRQHandler
                0x080001e0                TIM1_BRK_IRQHandler
                0x080001e0                EXTI1_IRQHandler
                0x080001e0                USART2_IRQHandler
                0x080001e0                DMA1_Channel2_IRQHandler
                0x080001e0                CAN1_SCE_IRQHandler
                0x080001e0                FLASH_IRQHandler
                0x080001e0                USBWakeUp_IRQHandler
 *fill*         0x080001e2        0x2 
 .text.main     0x080001e4       0x3c CMakeFiles/rc_car_new.dir/C_/Works/STM32_Projects/rc_car_new/common/Core/Src/main.c.obj
                0x080001e4                main
 .text.SystemClock_Config
                0x08000220       0x8a CMakeFiles/rc_car_new.dir/C_/Works/STM32_Projects/rc_car_new/common/Core/Src/main.c.obj
                0x08000220                SystemClock_Config
 *fill*         0x080002aa        0x2 
 .text.HAL_UART_RxCpltCallback
                0x080002ac       0x1c CMakeFiles/rc_car_new.dir/C_/Works/STM32_Projects/rc_car_new/common/Core/Src/main.c.obj
                0x080002ac                HAL_UART_RxCpltCallback
 .text.Error_Handler
                0x080002c8        0xa CMakeFiles/rc_car_new.dir/C_/Works/STM32_Projects/rc_car_new/common/Core/Src/main.c.obj
                0x080002c8                Error_Handler
 *fill*         0x080002d2        0x2 
 .text.HAL_Init
                0x080002d4       0x2c CMakeFiles/rc_car_new.dir/C_/Works/STM32_Projects/rc_car_new/common/Drivers/STM32F1xx_HAL_Driver/Src/stm32f1xx_hal.c.obj
                0x080002d4                HAL_Init
 .text.HAL_InitTick
                0x08000300       0x60 CMakeFiles/rc_car_new.dir/C_/Works/STM32_Projects/rc_car_new/common/Drivers/STM32F1xx_HAL_Driver/Src/stm32f1xx_hal.c.obj
                0x08000300                HAL_InitTick
 .text.HAL_IncTick
                0x08000360       0x24 CMakeFiles/rc_car_new.dir/C_/Works/STM32_Projects/rc_car_new/common/Drivers/STM32F1xx_HAL_Driver/Src/stm32f1xx_hal.c.obj
                0x08000360                HAL_IncTick
 .text.HAL_GetTick
                0x08000384       0x14 CMakeFiles/rc_car_new.dir/C_/Works/STM32_Projects/rc_car_new/common/Drivers/STM32F1xx_HAL_Driver/Src/stm32f1xx_hal.c.obj
                0x08000384                HAL_GetTick
 .text.__NVIC_SetPriorityGrouping
                0x08000398       0x48 CMakeFiles/rc_car_new.dir/C_/Works/STM32_Projects/rc_car_new/common/Drivers/STM32F1xx_HAL_Driver/Src/stm32f1xx_hal_cortex.c.obj
 .text.__NVIC_GetPriorityGrouping
                0x080003e0       0x1c CMakeFiles/rc_car_new.dir/C_/Works/STM32_Projects/rc_car_new/common/Drivers/STM32F1xx_HAL_Driver/Src/stm32f1xx_hal_cortex.c.obj
 .text.__NVIC_EnableIRQ
                0x080003fc       0x38 CMakeFiles/rc_car_new.dir/C_/Works/STM32_Projects/rc_car_new/common/Drivers/STM32F1xx_HAL_Driver/Src/stm32f1xx_hal_cortex.c.obj
 .text.__NVIC_SetPriority
                0x08000434       0x54 CMakeFiles/rc_car_new.dir/C_/Works/STM32_Projects/rc_car_new/common/Drivers/STM32F1xx_HAL_Driver/Src/stm32f1xx_hal_cortex.c.obj
 .text.NVIC_EncodePriority
                0x08000488       0x64 CMakeFiles/rc_car_new.dir/C_/Works/STM32_Projects/rc_car_new/common/Drivers/STM32F1xx_HAL_Driver/Src/stm32f1xx_hal_cortex.c.obj
 .text.SysTick_Config
                0x080004ec       0x44 CMakeFiles/rc_car_new.dir/C_/Works/STM32_Projects/rc_car_new/common/Drivers/STM32F1xx_HAL_Driver/Src/stm32f1xx_hal_cortex.c.obj
 .text.HAL_NVIC_SetPriorityGrouping
                0x08000530       0x16 CMakeFiles/rc_car_new.dir/C_/Works/STM32_Projects/rc_car_new/common/Drivers/STM32F1xx_HAL_Driver/Src/stm32f1xx_hal_cortex.c.obj
                0x08000530                HAL_NVIC_SetPriorityGrouping
 .text.HAL_NVIC_SetPriority
                0x08000546       0x38 CMakeFiles/rc_car_new.dir/C_/Works/STM32_Projects/rc_car_new/common/Drivers/STM32F1xx_HAL_Driver/Src/stm32f1xx_hal_cortex.c.obj
                0x08000546                HAL_NVIC_SetPriority
 .text.HAL_NVIC_EnableIRQ
                0x0800057e       0x1c CMakeFiles/rc_car_new.dir/C_/Works/STM32_Projects/rc_car_new/common/Drivers/STM32F1xx_HAL_Driver/Src/stm32f1xx_hal_cortex.c.obj
                0x0800057e                HAL_NVIC_EnableIRQ
 .text.HAL_SYSTICK_Config
                0x0800059a       0x18 CMakeFiles/rc_car_new.dir/C_/Works/STM32_Projects/rc_car_new/common/Drivers/STM32F1xx_HAL_Driver/Src/stm32f1xx_hal_cortex.c.obj
                0x0800059a                HAL_SYSTICK_Config
 .text.HAL_CRC_Init
                0x080005b2       0x38 CMakeFiles/rc_car_new.dir/C_/Works/STM32_Projects/rc_car_new/common/Drivers/STM32F1xx_HAL_Driver/Src/stm32f1xx_hal_crc.c.obj
                0x080005b2                HAL_CRC_Init
 .text.HAL_DMA_Abort
                0x080005ea       0x76 CMakeFiles/rc_car_new.dir/C_/Works/STM32_Projects/rc_car_new/common/Drivers/STM32F1xx_HAL_Driver/Src/stm32f1xx_hal_dma.c.obj
                0x080005ea                HAL_DMA_Abort
 .text.HAL_DMA_Abort_IT
                0x08000660       0xf0 CMakeFiles/rc_car_new.dir/C_/Works/STM32_Projects/rc_car_new/common/Drivers/STM32F1xx_HAL_Driver/Src/stm32f1xx_hal_dma.c.obj
                0x08000660                HAL_DMA_Abort_IT
 .text.HAL_DMA_GetState
                0x08000750       0x1a CMakeFiles/rc_car_new.dir/C_/Works/STM32_Projects/rc_car_new/common/Drivers/STM32F1xx_HAL_Driver/Src/stm32f1xx_hal_dma.c.obj
                0x08000750                HAL_DMA_GetState
 *fill*         0x0800076a        0x2 
 .text.HAL_GPIO_Init
                0x0800076c      0x2f8 CMakeFiles/rc_car_new.dir/C_/Works/STM32_Projects/rc_car_new/common/Drivers/STM32F1xx_HAL_Driver/Src/stm32f1xx_hal_gpio.c.obj
                0x0800076c                HAL_GPIO_Init
 .text.HAL_GPIO_WritePin
                0x08000a64       0x30 CMakeFiles/rc_car_new.dir/C_/Works/STM32_Projects/rc_car_new/common/Drivers/STM32F1xx_HAL_Driver/Src/stm32f1xx_hal_gpio.c.obj
                0x08000a64                HAL_GPIO_WritePin
 .text.HAL_I2C_Init
                0x08000a94      0x288 CMakeFiles/rc_car_new.dir/C_/Works/STM32_Projects/rc_car_new/common/Drivers/STM32F1xx_HAL_Driver/Src/stm32f1xx_hal_i2c.c.obj
                0x08000a94                HAL_I2C_Init
 .text.I2C_Flush_DR
                0x08000d1c       0x28 CMakeFiles/rc_car_new.dir/C_/Works/STM32_Projects/rc_car_new/common/Drivers/STM32F1xx_HAL_Driver/Src/stm32f1xx_hal_i2c.c.obj
 .text.HAL_I2C_EV_IRQHandler
                0x08000d44      0x2a6 CMakeFiles/rc_car_new.dir/C_/Works/STM32_Projects/rc_car_new/common/Drivers/STM32F1xx_HAL_Driver/Src/stm32f1xx_hal_i2c.c.obj
                0x08000d44                HAL_I2C_EV_IRQHandler
 .text.HAL_I2C_ER_IRQHandler
                0x08000fea      0x14e CMakeFiles/rc_car_new.dir/C_/Works/STM32_Projects/rc_car_new/common/Drivers/STM32F1xx_HAL_Driver/Src/stm32f1xx_hal_i2c.c.obj
                0x08000fea                HAL_I2C_ER_IRQHandler
 .text.HAL_I2C_MasterTxCpltCallback
                0x08001138       0x12 CMakeFiles/rc_car_new.dir/C_/Works/STM32_Projects/rc_car_new/common/Drivers/STM32F1xx_HAL_Driver/Src/stm32f1xx_hal_i2c.c.obj
                0x08001138                HAL_I2C_MasterTxCpltCallback
 .text.HAL_I2C_MasterRxCpltCallback
                0x0800114a       0x12 CMakeFiles/rc_car_new.dir/C_/Works/STM32_Projects/rc_car_new/common/Drivers/STM32F1xx_HAL_Driver/Src/stm32f1xx_hal_i2c.c.obj
                0x0800114a                HAL_I2C_MasterRxCpltCallback
 .text.HAL_I2C_SlaveTxCpltCallback
                0x0800115c       0x12 CMakeFiles/rc_car_new.dir/C_/Works/STM32_Projects/rc_car_new/common/Drivers/STM32F1xx_HAL_Driver/Src/stm32f1xx_hal_i2c.c.obj
                0x0800115c                HAL_I2C_SlaveTxCpltCallback
 .text.HAL_I2C_SlaveRxCpltCallback
                0x0800116e       0x12 CMakeFiles/rc_car_new.dir/C_/Works/STM32_Projects/rc_car_new/common/Drivers/STM32F1xx_HAL_Driver/Src/stm32f1xx_hal_i2c.c.obj
                0x0800116e                HAL_I2C_SlaveRxCpltCallback
 .text.HAL_I2C_AddrCallback
                0x08001180       0x1a CMakeFiles/rc_car_new.dir/C_/Works/STM32_Projects/rc_car_new/common/Drivers/STM32F1xx_HAL_Driver/Src/stm32f1xx_hal_i2c.c.obj
                0x08001180                HAL_I2C_AddrCallback
 .text.HAL_I2C_ListenCpltCallback
                0x0800119a       0x12 CMakeFiles/rc_car_new.dir/C_/Works/STM32_Projects/rc_car_new/common/Drivers/STM32F1xx_HAL_Driver/Src/stm32f1xx_hal_i2c.c.obj
                0x0800119a                HAL_I2C_ListenCpltCallback
 .text.HAL_I2C_MemTxCpltCallback
                0x080011ac       0x12 CMakeFiles/rc_car_new.dir/C_/Works/STM32_Projects/rc_car_new/common/Drivers/STM32F1xx_HAL_Driver/Src/stm32f1xx_hal_i2c.c.obj
                0x080011ac                HAL_I2C_MemTxCpltCallback
 .text.HAL_I2C_MemRxCpltCallback
                0x080011be       0x12 CMakeFiles/rc_car_new.dir/C_/Works/STM32_Projects/rc_car_new/common/Drivers/STM32F1xx_HAL_Driver/Src/stm32f1xx_hal_i2c.c.obj
                0x080011be                HAL_I2C_MemRxCpltCallback
 .text.HAL_I2C_ErrorCallback
                0x080011d0       0x12 CMakeFiles/rc_car_new.dir/C_/Works/STM32_Projects/rc_car_new/common/Drivers/STM32F1xx_HAL_Driver/Src/stm32f1xx_hal_i2c.c.obj
                0x080011d0                HAL_I2C_ErrorCallback
 .text.HAL_I2C_AbortCpltCallback
                0x080011e2       0x12 CMakeFiles/rc_car_new.dir/C_/Works/STM32_Projects/rc_car_new/common/Drivers/STM32F1xx_HAL_Driver/Src/stm32f1xx_hal_i2c.c.obj
                0x080011e2                HAL_I2C_AbortCpltCallback
 .text.I2C_MasterTransmit_TXE
                0x080011f4      0x138 CMakeFiles/rc_car_new.dir/C_/Works/STM32_Projects/rc_car_new/common/Drivers/STM32F1xx_HAL_Driver/Src/stm32f1xx_hal_i2c.c.obj
 .text.I2C_MasterTransmit_BTF
                0x0800132c       0xec CMakeFiles/rc_car_new.dir/C_/Works/STM32_Projects/rc_car_new/common/Drivers/STM32F1xx_HAL_Driver/Src/stm32f1xx_hal_i2c.c.obj
 .text.I2C_MemoryTransmit_TXE_BTF
                0x08001418      0x130 CMakeFiles/rc_car_new.dir/C_/Works/STM32_Projects/rc_car_new/common/Drivers/STM32F1xx_HAL_Driver/Src/stm32f1xx_hal_i2c.c.obj
 .text.I2C_MasterReceive_RXNE
                0x08001548      0x176 CMakeFiles/rc_car_new.dir/C_/Works/STM32_Projects/rc_car_new/common/Drivers/STM32F1xx_HAL_Driver/Src/stm32f1xx_hal_i2c.c.obj
 .text.I2C_MasterReceive_BTF
                0x080016be      0x1d4 CMakeFiles/rc_car_new.dir/C_/Works/STM32_Projects/rc_car_new/common/Drivers/STM32F1xx_HAL_Driver/Src/stm32f1xx_hal_i2c.c.obj
 .text.I2C_Master_SB
                0x08001892      0x10a CMakeFiles/rc_car_new.dir/C_/Works/STM32_Projects/rc_car_new/common/Drivers/STM32F1xx_HAL_Driver/Src/stm32f1xx_hal_i2c.c.obj
 .text.I2C_Master_ADD10
                0x0800199c       0x52 CMakeFiles/rc_car_new.dir/C_/Works/STM32_Projects/rc_car_new/common/Drivers/STM32F1xx_HAL_Driver/Src/stm32f1xx_hal_i2c.c.obj
 .text.I2C_Master_ADDR
                0x080019ee      0x336 CMakeFiles/rc_car_new.dir/C_/Works/STM32_Projects/rc_car_new/common/Drivers/STM32F1xx_HAL_Driver/Src/stm32f1xx_hal_i2c.c.obj
 .text.I2C_SlaveTransmit_TXE
                0x08001d24       0x7a CMakeFiles/rc_car_new.dir/C_/Works/STM32_Projects/rc_car_new/common/Drivers/STM32F1xx_HAL_Driver/Src/stm32f1xx_hal_i2c.c.obj
 .text.I2C_SlaveTransmit_BTF
                0x08001d9e       0x40 CMakeFiles/rc_car_new.dir/C_/Works/STM32_Projects/rc_car_new/common/Drivers/STM32F1xx_HAL_Driver/Src/stm32f1xx_hal_i2c.c.obj
 .text.I2C_SlaveReceive_RXNE
                0x08001dde       0x7c CMakeFiles/rc_car_new.dir/C_/Works/STM32_Projects/rc_car_new/common/Drivers/STM32F1xx_HAL_Driver/Src/stm32f1xx_hal_i2c.c.obj
 .text.I2C_SlaveReceive_BTF
                0x08001e5a       0x42 CMakeFiles/rc_car_new.dir/C_/Works/STM32_Projects/rc_car_new/common/Drivers/STM32F1xx_HAL_Driver/Src/stm32f1xx_hal_i2c.c.obj
 .text.I2C_Slave_ADDR
                0x08001e9c       0x90 CMakeFiles/rc_car_new.dir/C_/Works/STM32_Projects/rc_car_new/common/Drivers/STM32F1xx_HAL_Driver/Src/stm32f1xx_hal_i2c.c.obj
 .text.I2C_Slave_STOPF
                0x08001f2c      0x260 CMakeFiles/rc_car_new.dir/C_/Works/STM32_Projects/rc_car_new/common/Drivers/STM32F1xx_HAL_Driver/Src/stm32f1xx_hal_i2c.c.obj
 .text.I2C_Slave_AF
                0x0800218c       0xe8 CMakeFiles/rc_car_new.dir/C_/Works/STM32_Projects/rc_car_new/common/Drivers/STM32F1xx_HAL_Driver/Src/stm32f1xx_hal_i2c.c.obj
 .text.I2C_ITError
                0x08002274      0x264 CMakeFiles/rc_car_new.dir/C_/Works/STM32_Projects/rc_car_new/common/Drivers/STM32F1xx_HAL_Driver/Src/stm32f1xx_hal_i2c.c.obj
 .text.I2C_DMAAbort
                0x080024d8      0x150 CMakeFiles/rc_car_new.dir/C_/Works/STM32_Projects/rc_car_new/common/Drivers/STM32F1xx_HAL_Driver/Src/stm32f1xx_hal_i2c.c.obj
 .text.I2C_WaitOnSTOPRequestThroughIT
                0x08002628       0x64 CMakeFiles/rc_car_new.dir/C_/Works/STM32_Projects/rc_car_new/common/Drivers/STM32F1xx_HAL_Driver/Src/stm32f1xx_hal_i2c.c.obj
 .text.I2C_ConvertOtherXferOptions
                0x0800268c       0x34 CMakeFiles/rc_car_new.dir/C_/Works/STM32_Projects/rc_car_new/common/Drivers/STM32F1xx_HAL_Driver/Src/stm32f1xx_hal_i2c.c.obj
 .text.HAL_RCC_OscConfig
                0x080026c0      0x504 CMakeFiles/rc_car_new.dir/C_/Works/STM32_Projects/rc_car_new/common/Drivers/STM32F1xx_HAL_Driver/Src/stm32f1xx_hal_rcc.c.obj
                0x080026c0                HAL_RCC_OscConfig
 .text.HAL_RCC_ClockConfig
                0x08002bc4      0x1d4 CMakeFiles/rc_car_new.dir/C_/Works/STM32_Projects/rc_car_new/common/Drivers/STM32F1xx_HAL_Driver/Src/stm32f1xx_hal_rcc.c.obj
                0x08002bc4                HAL_RCC_ClockConfig
 .text.HAL_RCC_GetSysClockFreq
                0x08002d98       0xa8 CMakeFiles/rc_car_new.dir/C_/Works/STM32_Projects/rc_car_new/common/Drivers/STM32F1xx_HAL_Driver/Src/stm32f1xx_hal_rcc.c.obj
                0x08002d98                HAL_RCC_GetSysClockFreq
 .text.HAL_RCC_GetHCLKFreq
                0x08002e40       0x14 CMakeFiles/rc_car_new.dir/C_/Works/STM32_Projects/rc_car_new/common/Drivers/STM32F1xx_HAL_Driver/Src/stm32f1xx_hal_rcc.c.obj
                0x08002e40                HAL_RCC_GetHCLKFreq
 .text.HAL_RCC_GetPCLK1Freq
                0x08002e54       0x28 CMakeFiles/rc_car_new.dir/C_/Works/STM32_Projects/rc_car_new/common/Drivers/STM32F1xx_HAL_Driver/Src/stm32f1xx_hal_rcc.c.obj
                0x08002e54                HAL_RCC_GetPCLK1Freq
 .text.HAL_RCC_GetPCLK2Freq
                0x08002e7c       0x28 CMakeFiles/rc_car_new.dir/C_/Works/STM32_Projects/rc_car_new/common/Drivers/STM32F1xx_HAL_Driver/Src/stm32f1xx_hal_rcc.c.obj
                0x08002e7c                HAL_RCC_GetPCLK2Freq
 .text.RCC_Delay
                0x08002ea4       0x3c CMakeFiles/rc_car_new.dir/C_/Works/STM32_Projects/rc_car_new/common/Drivers/STM32F1xx_HAL_Driver/Src/stm32f1xx_hal_rcc.c.obj
 .text.HAL_TIM_OC_Init
                0x08002ee0       0x9e CMakeFiles/rc_car_new.dir/C_/Works/STM32_Projects/rc_car_new/common/Drivers/STM32F1xx_HAL_Driver/Src/stm32f1xx_hal_tim.c.obj
                0x08002ee0                HAL_TIM_OC_Init
 *fill*         0x08002f7e        0x2 
 .text.HAL_TIM_OC_ConfigChannel
                0x08002f80       0xb8 CMakeFiles/rc_car_new.dir/C_/Works/STM32_Projects/rc_car_new/common/Drivers/STM32F1xx_HAL_Driver/Src/stm32f1xx_hal_tim.c.obj
                0x08002f80                HAL_TIM_OC_ConfigChannel
 .text.TIM_Base_SetConfig
                0x08003038       0xb0 CMakeFiles/rc_car_new.dir/C_/Works/STM32_Projects/rc_car_new/common/Drivers/STM32F1xx_HAL_Driver/Src/stm32f1xx_hal_tim.c.obj
                0x08003038                TIM_Base_SetConfig
 .text.TIM_OC1_SetConfig
                0x080030e8       0xcc CMakeFiles/rc_car_new.dir/C_/Works/STM32_Projects/rc_car_new/common/Drivers/STM32F1xx_HAL_Driver/Src/stm32f1xx_hal_tim.c.obj
 .text.TIM_OC2_SetConfig
                0x080031b4       0xd4 CMakeFiles/rc_car_new.dir/C_/Works/STM32_Projects/rc_car_new/common/Drivers/STM32F1xx_HAL_Driver/Src/stm32f1xx_hal_tim.c.obj
                0x080031b4                TIM_OC2_SetConfig
 .text.TIM_OC3_SetConfig
                0x08003288       0xd4 CMakeFiles/rc_car_new.dir/C_/Works/STM32_Projects/rc_car_new/common/Drivers/STM32F1xx_HAL_Driver/Src/stm32f1xx_hal_tim.c.obj
 .text.TIM_OC4_SetConfig
                0x0800335c       0x9c CMakeFiles/rc_car_new.dir/C_/Works/STM32_Projects/rc_car_new/common/Drivers/STM32F1xx_HAL_Driver/Src/stm32f1xx_hal_tim.c.obj
 .text.HAL_TIMEx_MasterConfigSynchronization
                0x080033f8       0xb0 CMakeFiles/rc_car_new.dir/C_/Works/STM32_Projects/rc_car_new/common/Drivers/STM32F1xx_HAL_Driver/Src/stm32f1xx_hal_tim_ex.c.obj
                0x080033f8                HAL_TIMEx_MasterConfigSynchronization
 .text.HAL_TIMEx_ConfigBreakDeadTime
                0x080034a8       0xa2 CMakeFiles/rc_car_new.dir/C_/Works/STM32_Projects/rc_car_new/common/Drivers/STM32F1xx_HAL_Driver/Src/stm32f1xx_hal_tim_ex.c.obj
                0x080034a8                HAL_TIMEx_ConfigBreakDeadTime
 .text.HAL_UART_Init
                0x0800354a       0xa0 CMakeFiles/rc_car_new.dir/C_/Works/STM32_Projects/rc_car_new/common/Drivers/STM32F1xx_HAL_Driver/Src/stm32f1xx_hal_uart.c.obj
                0x0800354a                HAL_UART_Init
 .text.HAL_UART_Receive_IT
                0x080035ea       0x4a CMakeFiles/rc_car_new.dir/C_/Works/STM32_Projects/rc_car_new/common/Drivers/STM32F1xx_HAL_Driver/Src/stm32f1xx_hal_uart.c.obj
                0x080035ea                HAL_UART_Receive_IT
 .text.HAL_UART_IRQHandler
                0x08003634      0x524 CMakeFiles/rc_car_new.dir/C_/Works/STM32_Projects/rc_car_new/common/Drivers/STM32F1xx_HAL_Driver/Src/stm32f1xx_hal_uart.c.obj
                0x08003634                HAL_UART_IRQHandler
 .text.HAL_UART_TxCpltCallback
                0x08003b58       0x12 CMakeFiles/rc_car_new.dir/C_/Works/STM32_Projects/rc_car_new/common/Drivers/STM32F1xx_HAL_Driver/Src/stm32f1xx_hal_uart.c.obj
                0x08003b58                HAL_UART_TxCpltCallback
 .text.HAL_UART_ErrorCallback
                0x08003b6a       0x12 CMakeFiles/rc_car_new.dir/C_/Works/STM32_Projects/rc_car_new/common/Drivers/STM32F1xx_HAL_Driver/Src/stm32f1xx_hal_uart.c.obj
                0x08003b6a                HAL_UART_ErrorCallback
 .text.HAL_UARTEx_RxEventCallback
                0x08003b7c       0x16 CMakeFiles/rc_car_new.dir/C_/Works/STM32_Projects/rc_car_new/common/Drivers/STM32F1xx_HAL_Driver/Src/stm32f1xx_hal_uart.c.obj
                0x08003b7c                HAL_UARTEx_RxEventCallback
 .text.UART_Start_Receive_IT
                0x08003b92       0x72 CMakeFiles/rc_car_new.dir/C_/Works/STM32_Projects/rc_car_new/common/Drivers/STM32F1xx_HAL_Driver/Src/stm32f1xx_hal_uart.c.obj
                0x08003b92                UART_Start_Receive_IT
 .text.UART_EndRxTransfer
                0x08003c04       0xc4 CMakeFiles/rc_car_new.dir/C_/Works/STM32_Projects/rc_car_new/common/Drivers/STM32F1xx_HAL_Driver/Src/stm32f1xx_hal_uart.c.obj
 .text.UART_DMAAbortOnError
                0x08003cc8       0x28 CMakeFiles/rc_car_new.dir/C_/Works/STM32_Projects/rc_car_new/common/Drivers/STM32F1xx_HAL_Driver/Src/stm32f1xx_hal_uart.c.obj
 .text.UART_Transmit_IT
                0x08003cf0       0x9e CMakeFiles/rc_car_new.dir/C_/Works/STM32_Projects/rc_car_new/common/Drivers/STM32F1xx_HAL_Driver/Src/stm32f1xx_hal_uart.c.obj
 .text.UART_EndTransmit_IT
                0x08003d8e       0x30 CMakeFiles/rc_car_new.dir/C_/Works/STM32_Projects/rc_car_new/common/Drivers/STM32F1xx_HAL_Driver/Src/stm32f1xx_hal_uart.c.obj
 .text.UART_Receive_IT
                0x08003dbe      0x17c CMakeFiles/rc_car_new.dir/C_/Works/STM32_Projects/rc_car_new/common/Drivers/STM32F1xx_HAL_Driver/Src/stm32f1xx_hal_uart.c.obj
 *fill*         0x08003f3a        0x2 
 .text.UART_SetConfig
                0x08003f3c      0x11c CMakeFiles/rc_car_new.dir/C_/Works/STM32_Projects/rc_car_new/common/Drivers/STM32F1xx_HAL_Driver/Src/stm32f1xx_hal_uart.c.obj
 .text.MX_CRC_Init
                0x08004058       0x28 CMakeFiles/rc_car_new.dir/C_/Works/STM32_Projects/rc_car_new/common/Core/Src/crc.c.obj
                0x08004058                MX_CRC_Init
 .text.HAL_CRC_MspInit
                0x08004080       0x3c CMakeFiles/rc_car_new.dir/C_/Works/STM32_Projects/rc_car_new/common/Core/Src/crc.c.obj
                0x08004080                HAL_CRC_MspInit
 .text.MX_GPIO_Init
                0x080040bc       0xb4 CMakeFiles/rc_car_new.dir/C_/Works/STM32_Projects/rc_car_new/common/Core/Src/gpio.c.obj
                0x080040bc                MX_GPIO_Init
 .text.MX_I2C1_Init
                0x08004170       0x5c CMakeFiles/rc_car_new.dir/C_/Works/STM32_Projects/rc_car_new/common/Core/Src/i2c.c.obj
                0x08004170                MX_I2C1_Init
 .text.HAL_I2C_MspInit
                0x080041cc       0xa0 CMakeFiles/rc_car_new.dir/C_/Works/STM32_Projects/rc_car_new/common/Core/Src/i2c.c.obj
                0x080041cc                HAL_I2C_MspInit
 .text.HAL_MspInit
                0x0800426c       0x64 CMakeFiles/rc_car_new.dir/C_/Works/STM32_Projects/rc_car_new/common/Core/Src/stm32f1xx_hal_msp.c.obj
                0x0800426c                HAL_MspInit
 .text.NMI_Handler
                0x080042d0        0x6 CMakeFiles/rc_car_new.dir/C_/Works/STM32_Projects/rc_car_new/common/Core/Src/stm32f1xx_it.c.obj
                0x080042d0                NMI_Handler
 .text.HardFault_Handler
                0x080042d6        0x6 CMakeFiles/rc_car_new.dir/C_/Works/STM32_Projects/rc_car_new/common/Core/Src/stm32f1xx_it.c.obj
                0x080042d6                HardFault_Handler
 .text.MemManage_Handler
                0x080042dc        0x6 CMakeFiles/rc_car_new.dir/C_/Works/STM32_Projects/rc_car_new/common/Core/Src/stm32f1xx_it.c.obj
                0x080042dc                MemManage_Handler
 .text.BusFault_Handler
                0x080042e2        0x6 CMakeFiles/rc_car_new.dir/C_/Works/STM32_Projects/rc_car_new/common/Core/Src/stm32f1xx_it.c.obj
                0x080042e2                BusFault_Handler
 .text.UsageFault_Handler
                0x080042e8        0x6 CMakeFiles/rc_car_new.dir/C_/Works/STM32_Projects/rc_car_new/common/Core/Src/stm32f1xx_it.c.obj
                0x080042e8                UsageFault_Handler
 .text.SVC_Handler
                0x080042ee        0xc CMakeFiles/rc_car_new.dir/C_/Works/STM32_Projects/rc_car_new/common/Core/Src/stm32f1xx_it.c.obj
                0x080042ee                SVC_Handler
 .text.DebugMon_Handler
                0x080042fa        0xc CMakeFiles/rc_car_new.dir/C_/Works/STM32_Projects/rc_car_new/common/Core/Src/stm32f1xx_it.c.obj
                0x080042fa                DebugMon_Handler
 .text.PendSV_Handler
                0x08004306        0xc CMakeFiles/rc_car_new.dir/C_/Works/STM32_Projects/rc_car_new/common/Core/Src/stm32f1xx_it.c.obj
                0x08004306                PendSV_Handler
 .text.SysTick_Handler
                0x08004312        0xc CMakeFiles/rc_car_new.dir/C_/Works/STM32_Projects/rc_car_new/common/Core/Src/stm32f1xx_it.c.obj
                0x08004312                SysTick_Handler
 *fill*         0x0800431e        0x2 
 .text.I2C1_EV_IRQHandler
                0x08004320       0x14 CMakeFiles/rc_car_new.dir/C_/Works/STM32_Projects/rc_car_new/common/Core/Src/stm32f1xx_it.c.obj
                0x08004320                I2C1_EV_IRQHandler
 .text.I2C1_ER_IRQHandler
                0x08004334       0x14 CMakeFiles/rc_car_new.dir/C_/Works/STM32_Projects/rc_car_new/common/Core/Src/stm32f1xx_it.c.obj
                0x08004334                I2C1_ER_IRQHandler
 .text.USART1_IRQHandler
                0x08004348       0x14 CMakeFiles/rc_car_new.dir/C_/Works/STM32_Projects/rc_car_new/common/Core/Src/stm32f1xx_it.c.obj
                0x08004348                USART1_IRQHandler
 .text.SystemInit
                0x0800435c        0xc CMakeFiles/rc_car_new.dir/C_/Works/STM32_Projects/rc_car_new/common/Core/Src/system_stm32f1xx.c.obj
                0x0800435c                SystemInit
 .text.MX_TIM1_Init
                0x08004368      0x108 CMakeFiles/rc_car_new.dir/C_/Works/STM32_Projects/rc_car_new/common/Core/Src/tim.c.obj
                0x08004368                MX_TIM1_Init
 .text.MX_TIM2_Init
                0x08004470       0xf4 CMakeFiles/rc_car_new.dir/C_/Works/STM32_Projects/rc_car_new/common/Core/Src/tim.c.obj
                0x08004470                MX_TIM2_Init
 .text.MX_TIM3_Init
                0x08004564       0xf4 CMakeFiles/rc_car_new.dir/C_/Works/STM32_Projects/rc_car_new/common/Core/Src/tim.c.obj
                0x08004564                MX_TIM3_Init
 .text.HAL_TIM_OC_MspInit
                0x08004658       0x88 CMakeFiles/rc_car_new.dir/C_/Works/STM32_Projects/rc_car_new/common/Core/Src/tim.c.obj
                0x08004658                HAL_TIM_OC_MspInit
 .text.HAL_TIM_MspPostInit
                0x080046e0      0x118 CMakeFiles/rc_car_new.dir/C_/Works/STM32_Projects/rc_car_new/common/Core/Src/tim.c.obj
                0x080046e0                HAL_TIM_MspPostInit
 .text.MX_USART1_UART_Init
                0x080047f8       0x54 CMakeFiles/rc_car_new.dir/C_/Works/STM32_Projects/rc_car_new/common/Core/Src/usart.c.obj
                0x080047f8                MX_USART1_UART_Init
 .text.HAL_UART_MspInit
                0x0800484c       0xa8 CMakeFiles/rc_car_new.dir/C_/Works/STM32_Projects/rc_car_new/common/Core/Src/usart.c.obj
                0x0800484c                HAL_UART_MspInit
 .text.memset   0x080048f4       0xa0 c:/sysgcc/arm-eabi/bin/../lib/gcc/arm-none-eabi/12.3.1/thumb/v7-m/nofp\libg.a(libc_a-memset.o)
                0x080048f4                memset
 .text.__libc_init_array
                0x08004994       0x50 c:/sysgcc/arm-eabi/bin/../lib/gcc/arm-none-eabi/12.3.1/thumb/v7-m/nofp\libg.a(libc_a-init.o)
                0x08004994                __libc_init_array
 .text.__retarget_lock_acquire_recursive
                0x080049e4        0x4 c:/sysgcc/arm-eabi/bin/../lib/gcc/arm-none-eabi/12.3.1/thumb/v7-m/nofp\libg.a(libc_a-lock.o)
                0x080049e4                __retarget_lock_acquire_recursive
 .text.__retarget_lock_release_recursive
                0x080049e8        0x4 c:/sysgcc/arm-eabi/bin/../lib/gcc/arm-none-eabi/12.3.1/thumb/v7-m/nofp\libg.a(libc_a-lock.o)
                0x080049e8                __retarget_lock_release_recursive
 .text.startup.register_fini
                0x080049ec       0x14 c:/sysgcc/arm-eabi/bin/../lib/gcc/arm-none-eabi/12.3.1/thumb/v7-m/nofp\libg.a(libc_a-__call_atexit.o)
 .text.atexit   0x08004a00        0xc c:/sysgcc/arm-eabi/bin/../lib/gcc/arm-none-eabi/12.3.1/thumb/v7-m/nofp\libg.a(libc_a-atexit.o)
                0x08004a00                atexit
 .text.__libc_fini_array
                0x08004a0c       0x28 c:/sysgcc/arm-eabi/bin/../lib/gcc/arm-none-eabi/12.3.1/thumb/v7-m/nofp\libg.a(libc_a-fini.o)
                0x08004a0c                __libc_fini_array
 .text.__register_exitproc
                0x08004a34       0x80 c:/sysgcc/arm-eabi/bin/../lib/gcc/arm-none-eabi/12.3.1/thumb/v7-m/nofp\libg.a(libc_a-__atexit.o)
                0x08004a34                __register_exitproc
 *(.glue_7)
 .glue_7        0x08004ab4        0x0 linker stubs
 *(.glue_7t)
 .glue_7t       0x08004ab4        0x0 linker stubs
 *(.eh_frame)
 .eh_frame      0x08004ab4        0x0 c:/sysgcc/arm-eabi/bin/../lib/gcc/arm-none-eabi/12.3.1/thumb/v7-m/nofp/crtbegin.o
 *(.init)
 .init          0x08004ab4        0x4 c:/sysgcc/arm-eabi/bin/../lib/gcc/arm-none-eabi/12.3.1/thumb/v7-m/nofp/crti.o
                0x08004ab4                _init
 .init          0x08004ab8        0x8 c:/sysgcc/arm-eabi/bin/../lib/gcc/arm-none-eabi/12.3.1/thumb/v7-m/nofp/crtn.o
 *(.fini)
 .fini          0x08004ac0        0x4 c:/sysgcc/arm-eabi/bin/../lib/gcc/arm-none-eabi/12.3.1/thumb/v7-m/nofp/crti.o
                0x08004ac0                _fini
 .fini          0x08004ac4        0x8 c:/sysgcc/arm-eabi/bin/../lib/gcc/arm-none-eabi/12.3.1/thumb/v7-m/nofp/crtn.o
                0x08004acc                        . = ALIGN (0x4)
                0x08004acc                        _etext = .

.vfp11_veneer   0x08004acc        0x0
 .vfp11_veneer  0x08004acc        0x0 linker stubs

.v4_bx          0x08004acc        0x0
 .v4_bx         0x08004acc        0x0 linker stubs

.iplt           0x08004acc        0x0
 .iplt          0x08004acc        0x0 c:/sysgcc/arm-eabi/bin/../lib/gcc/arm-none-eabi/12.3.1/thumb/v7-m/nofp/crtbegin.o

.rodata         0x08004acc       0x2c
                0x08004acc                        . = ALIGN (0x4)
 *(.rodata)
 *(.rodata*)
 .rodata.aPLLMULFactorTable.1
                0x08004acc       0x10 CMakeFiles/rc_car_new.dir/C_/Works/STM32_Projects/rc_car_new/common/Drivers/STM32F1xx_HAL_Driver/Src/stm32f1xx_hal_rcc.c.obj
 .rodata.aPredivFactorTable.0
                0x08004adc        0x2 CMakeFiles/rc_car_new.dir/C_/Works/STM32_Projects/rc_car_new/common/Drivers/STM32F1xx_HAL_Driver/Src/stm32f1xx_hal_rcc.c.obj
 *fill*         0x08004ade        0x2 
 .rodata.AHBPrescTable
                0x08004ae0       0x10 CMakeFiles/rc_car_new.dir/C_/Works/STM32_Projects/rc_car_new/common/Core/Src/system_stm32f1xx.c.obj
                0x08004ae0                AHBPrescTable
 .rodata.APBPrescTable
                0x08004af0        0x8 CMakeFiles/rc_car_new.dir/C_/Works/STM32_Projects/rc_car_new/common/Core/Src/system_stm32f1xx.c.obj
                0x08004af0                APBPrescTable
                0x08004af8                        . = ALIGN (0x4)

.rel.dyn        0x08004af8        0x0
 .rel.iplt      0x08004af8        0x0 c:/sysgcc/arm-eabi/bin/../lib/gcc/arm-none-eabi/12.3.1/thumb/v7-m/nofp/crtbegin.o

.ARM.extab      0x08004af8        0x0
                0x08004af8                        . = ALIGN (0x4)
 *(.ARM.extab* .gnu.linkonce.armextab.*)
                0x08004af8                        . = ALIGN (0x4)

.ARM            0x08004af8        0x0
                0x08004af8                        . = ALIGN (0x4)
                0x08004af8                        __exidx_start = .
 *(.ARM.exidx*)
                0x08004af8                        __exidx_end = .
                0x08004af8                        . = ALIGN (0x4)

.preinit_array  0x08004af8        0x0
                0x08004af8                        . = ALIGN (0x4)
                0x08004af8                        PROVIDE (__preinit_array_start = .)
 *(.preinit_array*)
                0x08004af8                        PROVIDE (__preinit_array_end = .)
                0x08004af8                        . = ALIGN (0x4)

.init_array     0x08004af8        0x8
                0x08004af8                        . = ALIGN (0x4)
                0x08004af8                        PROVIDE (__init_array_start = .)
 *(SORT_BY_NAME(.init_array.*))
 .init_array.00000
                0x08004af8        0x4 c:/sysgcc/arm-eabi/bin/../lib/gcc/arm-none-eabi/12.3.1/thumb/v7-m/nofp\libg.a(libc_a-__call_atexit.o)
 *(.init_array*)
 .init_array    0x08004afc        0x4 c:/sysgcc/arm-eabi/bin/../lib/gcc/arm-none-eabi/12.3.1/thumb/v7-m/nofp/crtbegin.o
                0x08004b00                        PROVIDE (__init_array_end = .)
                0x08004b00                        . = ALIGN (0x4)

.fini_array     0x08004b00        0x4
                0x08004b00                        . = ALIGN (0x4)
                0x08004b00                        PROVIDE (__fini_array_start = .)
 *(SORT_BY_NAME(.fini_array.*))
 *(.fini_array*)
 .fini_array    0x08004b00        0x4 c:/sysgcc/arm-eabi/bin/../lib/gcc/arm-none-eabi/12.3.1/thumb/v7-m/nofp/crtbegin.o
                0x08004b04                        PROVIDE (__fini_array_end = .)
                0x08004b04                        . = ALIGN (0x4)
                0x08004b04                        _sidata = LOADADDR (.data)

.data           0x20000000       0x10 load address 0x08004b04
                0x20000000                        . = ALIGN (0x4)
                0x20000000                        _sdata = .
 *(.data)
 *(.data*)
 .data.uwTickPrio
                0x20000000        0x4 CMakeFiles/rc_car_new.dir/C_/Works/STM32_Projects/rc_car_new/common/Drivers/STM32F1xx_HAL_Driver/Src/stm32f1xx_hal.c.obj
                0x20000000                uwTickPrio
 .data.uwTickFreq
                0x20000004        0x1 CMakeFiles/rc_car_new.dir/C_/Works/STM32_Projects/rc_car_new/common/Drivers/STM32F1xx_HAL_Driver/Src/stm32f1xx_hal.c.obj
                0x20000004                uwTickFreq
 *fill*         0x20000005        0x3 
 .data.SystemCoreClock
                0x20000008        0x4 CMakeFiles/rc_car_new.dir/C_/Works/STM32_Projects/rc_car_new/common/Core/Src/system_stm32f1xx.c.obj
                0x20000008                SystemCoreClock
 .data.__atexit_recursive_mutex
                0x2000000c        0x4 c:/sysgcc/arm-eabi/bin/../lib/gcc/arm-none-eabi/12.3.1/thumb/v7-m/nofp\libg.a(libc_a-__call_atexit.o)
                0x2000000c                __atexit_recursive_mutex
 *(.RamFunc)
 *(.RamFunc*)
                0x20000010                        . = ALIGN (0x4)
                0x20000010                        _edata = .

.tm_clone_table
                0x20000010        0x0 load address 0x08004b14
 .tm_clone_table
                0x20000010        0x0 c:/sysgcc/arm-eabi/bin/../lib/gcc/arm-none-eabi/12.3.1/thumb/v7-m/nofp/crtbegin.o
 .tm_clone_table
                0x20000010        0x0 c:/sysgcc/arm-eabi/bin/../lib/gcc/arm-none-eabi/12.3.1/thumb/v7-m/nofp/crtend.o

.igot.plt       0x20000010        0x0 load address 0x08004b14
 .igot.plt      0x20000010        0x0 c:/sysgcc/arm-eabi/bin/../lib/gcc/arm-none-eabi/12.3.1/thumb/v7-m/nofp/crtbegin.o
                0x20000010                        . = ALIGN (0x4)

.bss            0x20000010      0x350 load address 0x08004b14
                0x20000010                        _sbss = .
                0x20000010                        __bss_start__ = _sbss
 *(.bss)
 *(.bss*)
 .bss.completed.1
                0x20000010        0x1 c:/sysgcc/arm-eabi/bin/../lib/gcc/arm-none-eabi/12.3.1/thumb/v7-m/nofp/crtbegin.o
 *fill*         0x20000011        0x3 
 .bss.object.0  0x20000014       0x18 c:/sysgcc/arm-eabi/bin/../lib/gcc/arm-none-eabi/12.3.1/thumb/v7-m/nofp/crtbegin.o
 .bss.data_from_joystick
                0x2000002c       0x18 CMakeFiles/rc_car_new.dir/C_/Works/STM32_Projects/rc_car_new/common/Core/Src/main.c.obj
                0x2000002c                data_from_joystick
 .bss.get_message_from_joystick
                0x20000044        0x1 CMakeFiles/rc_car_new.dir/C_/Works/STM32_Projects/rc_car_new/common/Core/Src/main.c.obj
                0x20000044                get_message_from_joystick
 *fill*         0x20000045        0x3 
 .bss.uwTick    0x20000048        0x4 CMakeFiles/rc_car_new.dir/C_/Works/STM32_Projects/rc_car_new/common/Drivers/STM32F1xx_HAL_Driver/Src/stm32f1xx_hal.c.obj
                0x20000048                uwTick
 .bss.hcrc      0x2000004c        0x8 CMakeFiles/rc_car_new.dir/C_/Works/STM32_Projects/rc_car_new/common/Core/Src/crc.c.obj
                0x2000004c                hcrc
 .bss.hi2c1     0x20000054       0x54 CMakeFiles/rc_car_new.dir/C_/Works/STM32_Projects/rc_car_new/common/Core/Src/i2c.c.obj
                0x20000054                hi2c1
 .bss.htim1     0x200000a8       0x48 CMakeFiles/rc_car_new.dir/C_/Works/STM32_Projects/rc_car_new/common/Core/Src/tim.c.obj
                0x200000a8                htim1
 .bss.htim2     0x200000f0       0x48 CMakeFiles/rc_car_new.dir/C_/Works/STM32_Projects/rc_car_new/common/Core/Src/tim.c.obj
                0x200000f0                htim2
 .bss.htim3     0x20000138       0x48 CMakeFiles/rc_car_new.dir/C_/Works/STM32_Projects/rc_car_new/common/Core/Src/tim.c.obj
                0x20000138                htim3
 .bss.huart1    0x20000180       0x48 CMakeFiles/rc_car_new.dir/C_/Works/STM32_Projects/rc_car_new/common/Core/Src/usart.c.obj
                0x20000180                huart1
 .bss.__lock___atexit_recursive_mutex
                0x200001c8        0x1 c:/sysgcc/arm-eabi/bin/../lib/gcc/arm-none-eabi/12.3.1/thumb/v7-m/nofp\libg.a(libc_a-lock.o)
                0x200001c8                __lock___atexit_recursive_mutex
 *fill*         0x200001c9        0x3 
 .bss.__atexit  0x200001cc        0x4 c:/sysgcc/arm-eabi/bin/../lib/gcc/arm-none-eabi/12.3.1/thumb/v7-m/nofp\libg.a(libc_a-__call_atexit.o)
                0x200001cc                __atexit
 .bss.__atexit0
                0x200001d0      0x190 c:/sysgcc/arm-eabi/bin/../lib/gcc/arm-none-eabi/12.3.1/thumb/v7-m/nofp\libg.a(libc_a-__atexit.o)
                0x200001d0                __atexit0
 *(COMMON)
                0x20000360                        . = ALIGN (0x4)
                0x20000360                        _ebss = .
                0x20000360                        __bss_end__ = _ebss

._user_heap_stack
                0x20000360      0x600 load address 0x08004b14
                0x20000360                        . = ALIGN (0x8)
                [!provide]                        PROVIDE (end = .)
                0x20000360                        PROVIDE (_end = .)
                0x20000560                        . = (. + _Min_Heap_Size)
 *fill*         0x20000360      0x200 
                0x20000960                        . = (. + _Min_Stack_Size)
 *fill*         0x20000560      0x400 
                0x20000960                        . = ALIGN (0x8)

/DISCARD/
 libc.a(*)
 libm.a(*)
 libgcc.a(*)

.ARM.attributes
                0x00000000       0x29
 *(.ARM.attributes)
 .ARM.attributes
                0x00000000       0x1d c:/sysgcc/arm-eabi/bin/../lib/gcc/arm-none-eabi/12.3.1/thumb/v7-m/nofp/crti.o
 .ARM.attributes
                0x0000001d       0x2d c:/sysgcc/arm-eabi/bin/../lib/gcc/arm-none-eabi/12.3.1/thumb/v7-m/nofp/crtbegin.o
 .ARM.attributes
                0x0000004a       0x21 CMakeFiles/rc_car_new.dir/C_/Works/STM32_Projects/rc_car_new/common/Startup/startup_stm32f103c6tx.s.obj
 .ARM.attributes
                0x0000006b       0x2d CMakeFiles/rc_car_new.dir/C_/Works/STM32_Projects/rc_car_new/common/Core/Src/main.c.obj
 .ARM.attributes
                0x00000098       0x2d CMakeFiles/rc_car_new.dir/C_/Works/STM32_Projects/rc_car_new/common/Drivers/STM32F1xx_HAL_Driver/Src/stm32f1xx_hal.c.obj
 .ARM.attributes
                0x000000c5       0x2d CMakeFiles/rc_car_new.dir/C_/Works/STM32_Projects/rc_car_new/common/Drivers/STM32F1xx_HAL_Driver/Src/stm32f1xx_hal_cortex.c.obj
 .ARM.attributes
                0x000000f2       0x2d CMakeFiles/rc_car_new.dir/C_/Works/STM32_Projects/rc_car_new/common/Drivers/STM32F1xx_HAL_Driver/Src/stm32f1xx_hal_crc.c.obj
 .ARM.attributes
                0x0000011f       0x2d CMakeFiles/rc_car_new.dir/C_/Works/STM32_Projects/rc_car_new/common/Drivers/STM32F1xx_HAL_Driver/Src/stm32f1xx_hal_dma.c.obj
 .ARM.attributes
                0x0000014c       0x2d CMakeFiles/rc_car_new.dir/C_/Works/STM32_Projects/rc_car_new/common/Drivers/STM32F1xx_HAL_Driver/Src/stm32f1xx_hal_gpio.c.obj
 .ARM.attributes
                0x00000179       0x2d CMakeFiles/rc_car_new.dir/C_/Works/STM32_Projects/rc_car_new/common/Drivers/STM32F1xx_HAL_Driver/Src/stm32f1xx_hal_i2c.c.obj
 .ARM.attributes
                0x000001a6       0x2d CMakeFiles/rc_car_new.dir/C_/Works/STM32_Projects/rc_car_new/common/Drivers/STM32F1xx_HAL_Driver/Src/stm32f1xx_hal_rcc.c.obj
 .ARM.attributes
                0x000001d3       0x2d CMakeFiles/rc_car_new.dir/C_/Works/STM32_Projects/rc_car_new/common/Drivers/STM32F1xx_HAL_Driver/Src/stm32f1xx_hal_tim.c.obj
 .ARM.attributes
                0x00000200       0x2d CMakeFiles/rc_car_new.dir/C_/Works/STM32_Projects/rc_car_new/common/Drivers/STM32F1xx_HAL_Driver/Src/stm32f1xx_hal_tim_ex.c.obj
 .ARM.attributes
                0x0000022d       0x2d CMakeFiles/rc_car_new.dir/C_/Works/STM32_Projects/rc_car_new/common/Drivers/STM32F1xx_HAL_Driver/Src/stm32f1xx_hal_uart.c.obj
 .ARM.attributes
                0x0000025a       0x2d CMakeFiles/rc_car_new.dir/C_/Works/STM32_Projects/rc_car_new/common/Core/Src/crc.c.obj
 .ARM.attributes
                0x00000287       0x2d CMakeFiles/rc_car_new.dir/C_/Works/STM32_Projects/rc_car_new/common/Core/Src/gpio.c.obj
 .ARM.attributes
                0x000002b4       0x2d CMakeFiles/rc_car_new.dir/C_/Works/STM32_Projects/rc_car_new/common/Core/Src/i2c.c.obj
 .ARM.attributes
                0x000002e1       0x2d CMakeFiles/rc_car_new.dir/C_/Works/STM32_Projects/rc_car_new/common/Core/Src/stm32f1xx_hal_msp.c.obj
 .ARM.attributes
                0x0000030e       0x2d CMakeFiles/rc_car_new.dir/C_/Works/STM32_Projects/rc_car_new/common/Core/Src/stm32f1xx_it.c.obj
 .ARM.attributes
                0x0000033b       0x2d CMakeFiles/rc_car_new.dir/C_/Works/STM32_Projects/rc_car_new/common/Core/Src/system_stm32f1xx.c.obj
 .ARM.attributes
                0x00000368       0x2d CMakeFiles/rc_car_new.dir/C_/Works/STM32_Projects/rc_car_new/common/Core/Src/tim.c.obj
 .ARM.attributes
                0x00000395       0x2d CMakeFiles/rc_car_new.dir/C_/Works/STM32_Projects/rc_car_new/common/Core/Src/usart.c.obj
 .ARM.attributes
                0x000003c2       0x2d c:/sysgcc/arm-eabi/bin/../lib/gcc/arm-none-eabi/12.3.1/thumb/v7-m/nofp\libg.a(libc_a-memset.o)
 .ARM.attributes
                0x000003ef       0x2d c:/sysgcc/arm-eabi/bin/../lib/gcc/arm-none-eabi/12.3.1/thumb/v7-m/nofp\libg.a(libc_a-init.o)
 .ARM.attributes
                0x0000041c       0x2d c:/sysgcc/arm-eabi/bin/../lib/gcc/arm-none-eabi/12.3.1/thumb/v7-m/nofp\libg.a(libc_a-lock.o)
 .ARM.attributes
                0x00000449       0x2d c:/sysgcc/arm-eabi/bin/../lib/gcc/arm-none-eabi/12.3.1/thumb/v7-m/nofp\libg.a(libc_a-__call_atexit.o)
 .ARM.attributes
                0x00000476       0x2d c:/sysgcc/arm-eabi/bin/../lib/gcc/arm-none-eabi/12.3.1/thumb/v7-m/nofp\libg.a(libc_a-atexit.o)
 .ARM.attributes
                0x000004a3       0x2d c:/sysgcc/arm-eabi/bin/../lib/gcc/arm-none-eabi/12.3.1/thumb/v7-m/nofp\libg.a(libc_a-fini.o)
 .ARM.attributes
                0x000004d0       0x2d c:/sysgcc/arm-eabi/bin/../lib/gcc/arm-none-eabi/12.3.1/thumb/v7-m/nofp\libg.a(libc_a-__atexit.o)
 .ARM.attributes
                0x000004fd       0x2d c:/sysgcc/arm-eabi/bin/../lib/gcc/arm-none-eabi/12.3.1/thumb/v7-m/nofp/crtend.o
 .ARM.attributes
                0x0000052a       0x1d c:/sysgcc/arm-eabi/bin/../lib/gcc/arm-none-eabi/12.3.1/thumb/v7-m/nofp/crtn.o
OUTPUT(rc_car_new elf32-littlearm)
LOAD linker stubs
LOAD c:/sysgcc/arm-eabi/bin/../lib/gcc/arm-none-eabi/12.3.1/thumb/v7-m/nofp\libc.a
LOAD c:/sysgcc/arm-eabi/bin/../lib/gcc/arm-none-eabi/12.3.1/thumb/v7-m/nofp\libm.a
LOAD c:/sysgcc/arm-eabi/bin/../lib/gcc/arm-none-eabi/12.3.1/thumb/v7-m/nofp\libgcc.a

.debug_line     0x00000000    0x115bc
 .debug_line    0x00000000       0x78 CMakeFiles/rc_car_new.dir/C_/Works/STM32_Projects/rc_car_new/common/Startup/startup_stm32f103c6tx.s.obj
 .debug_line    0x00000078      0x5c7 CMakeFiles/rc_car_new.dir/C_/Works/STM32_Projects/rc_car_new/common/Core/Src/main.c.obj
 .debug_line    0x0000063f      0x7b6 CMakeFiles/rc_car_new.dir/C_/Works/STM32_Projects/rc_car_new/common/Drivers/STM32F1xx_HAL_Driver/Src/stm32f1xx_hal.c.obj
 .debug_line    0x00000df5      0x9a2 CMakeFiles/rc_car_new.dir/C_/Works/STM32_Projects/rc_car_new/common/Drivers/STM32F1xx_HAL_Driver/Src/stm32f1xx_hal_cortex.c.obj
 .debug_line    0x00001797      0x651 CMakeFiles/rc_car_new.dir/C_/Works/STM32_Projects/rc_car_new/common/Drivers/STM32F1xx_HAL_Driver/Src/stm32f1xx_hal_crc.c.obj
 .debug_line    0x00001de8      0xc0f CMakeFiles/rc_car_new.dir/C_/Works/STM32_Projects/rc_car_new/common/Drivers/STM32F1xx_HAL_Driver/Src/stm32f1xx_hal_dma.c.obj
 .debug_line    0x000029f7      0x83a CMakeFiles/rc_car_new.dir/C_/Works/STM32_Projects/rc_car_new/common/Drivers/STM32F1xx_HAL_Driver/Src/stm32f1xx_hal_gpio.c.obj
 .debug_line    0x00003231     0x3a23 CMakeFiles/rc_car_new.dir/C_/Works/STM32_Projects/rc_car_new/common/Drivers/STM32F1xx_HAL_Driver/Src/stm32f1xx_hal_i2c.c.obj
 .debug_line    0x00006c54      0xbbf CMakeFiles/rc_car_new.dir/C_/Works/STM32_Projects/rc_car_new/common/Drivers/STM32F1xx_HAL_Driver/Src/stm32f1xx_hal_rcc.c.obj
 .debug_line    0x00007813     0x3277 CMakeFiles/rc_car_new.dir/C_/Works/STM32_Projects/rc_car_new/common/Drivers/STM32F1xx_HAL_Driver/Src/stm32f1xx_hal_tim.c.obj
 .debug_line    0x0000aa8a     0x16e5 CMakeFiles/rc_car_new.dir/C_/Works/STM32_Projects/rc_car_new/common/Drivers/STM32F1xx_HAL_Driver/Src/stm32f1xx_hal_tim_ex.c.obj
 .debug_line    0x0000c16f     0x26ff CMakeFiles/rc_car_new.dir/C_/Works/STM32_Projects/rc_car_new/common/Drivers/STM32F1xx_HAL_Driver/Src/stm32f1xx_hal_uart.c.obj
 .debug_line    0x0000e86e      0x546 CMakeFiles/rc_car_new.dir/C_/Works/STM32_Projects/rc_car_new/common/Core/Src/crc.c.obj
 .debug_line    0x0000edb4      0x523 CMakeFiles/rc_car_new.dir/C_/Works/STM32_Projects/rc_car_new/common/Core/Src/gpio.c.obj
 .debug_line    0x0000f2d7      0x577 CMakeFiles/rc_car_new.dir/C_/Works/STM32_Projects/rc_car_new/common/Core/Src/i2c.c.obj
 .debug_line    0x0000f84e      0x50b CMakeFiles/rc_car_new.dir/C_/Works/STM32_Projects/rc_car_new/common/Core/Src/stm32f1xx_hal_msp.c.obj
 .debug_line    0x0000fd59      0x615 CMakeFiles/rc_car_new.dir/C_/Works/STM32_Projects/rc_car_new/common/Core/Src/stm32f1xx_it.c.obj
 .debug_line    0x0001036e      0x589 CMakeFiles/rc_car_new.dir/C_/Works/STM32_Projects/rc_car_new/common/Core/Src/system_stm32f1xx.c.obj
 .debug_line    0x000108f7      0x748 CMakeFiles/rc_car_new.dir/C_/Works/STM32_Projects/rc_car_new/common/Core/Src/tim.c.obj
 .debug_line    0x0001103f      0x57d CMakeFiles/rc_car_new.dir/C_/Works/STM32_Projects/rc_car_new/common/Core/Src/usart.c.obj

.debug_line_str
                0x00000000       0x8c
 .debug_line_str
                0x00000000       0x8c CMakeFiles/rc_car_new.dir/C_/Works/STM32_Projects/rc_car_new/common/Startup/startup_stm32f103c6tx.s.obj

.debug_info     0x00000000     0xf3ab
 .debug_info    0x00000000       0x30 CMakeFiles/rc_car_new.dir/C_/Works/STM32_Projects/rc_car_new/common/Startup/startup_stm32f103c6tx.s.obj
 .debug_info    0x00000030      0x7cf CMakeFiles/rc_car_new.dir/C_/Works/STM32_Projects/rc_car_new/common/Core/Src/main.c.obj
 .debug_info    0x000007ff      0x6df CMakeFiles/rc_car_new.dir/C_/Works/STM32_Projects/rc_car_new/common/Drivers/STM32F1xx_HAL_Driver/Src/stm32f1xx_hal.c.obj
 .debug_info    0x00000ede      0xa62 CMakeFiles/rc_car_new.dir/C_/Works/STM32_Projects/rc_car_new/common/Drivers/STM32F1xx_HAL_Driver/Src/stm32f1xx_hal_cortex.c.obj
 .debug_info    0x00001940      0x378 CMakeFiles/rc_car_new.dir/C_/Works/STM32_Projects/rc_car_new/common/Drivers/STM32F1xx_HAL_Driver/Src/stm32f1xx_hal_crc.c.obj
 .debug_info    0x00001cb8      0x6cb CMakeFiles/rc_car_new.dir/C_/Works/STM32_Projects/rc_car_new/common/Drivers/STM32F1xx_HAL_Driver/Src/stm32f1xx_hal_dma.c.obj
 .debug_info    0x00002383      0x5a4 CMakeFiles/rc_car_new.dir/C_/Works/STM32_Projects/rc_car_new/common/Drivers/STM32F1xx_HAL_Driver/Src/stm32f1xx_hal_gpio.c.obj
 .debug_info    0x00002927     0x250e CMakeFiles/rc_car_new.dir/C_/Works/STM32_Projects/rc_car_new/common/Drivers/STM32F1xx_HAL_Driver/Src/stm32f1xx_hal_i2c.c.obj
 .debug_info    0x00004e35      0x7ce CMakeFiles/rc_car_new.dir/C_/Works/STM32_Projects/rc_car_new/common/Drivers/STM32F1xx_HAL_Driver/Src/stm32f1xx_hal_rcc.c.obj
 .debug_info    0x00005603     0x2934 CMakeFiles/rc_car_new.dir/C_/Works/STM32_Projects/rc_car_new/common/Drivers/STM32F1xx_HAL_Driver/Src/stm32f1xx_hal_tim.c.obj
 .debug_info    0x00007f37     0x1494 CMakeFiles/rc_car_new.dir/C_/Works/STM32_Projects/rc_car_new/common/Drivers/STM32F1xx_HAL_Driver/Src/stm32f1xx_hal_tim_ex.c.obj
 .debug_info    0x000093cb     0x2fa1 CMakeFiles/rc_car_new.dir/C_/Works/STM32_Projects/rc_car_new/common/Drivers/STM32F1xx_HAL_Driver/Src/stm32f1xx_hal_uart.c.obj
 .debug_info    0x0000c36c      0x318 CMakeFiles/rc_car_new.dir/C_/Works/STM32_Projects/rc_car_new/common/Core/Src/crc.c.obj
 .debug_info    0x0000c684      0x2b0 CMakeFiles/rc_car_new.dir/C_/Works/STM32_Projects/rc_car_new/common/Core/Src/gpio.c.obj
 .debug_info    0x0000c934      0x951 CMakeFiles/rc_car_new.dir/C_/Works/STM32_Projects/rc_car_new/common/Core/Src/i2c.c.obj
 .debug_info    0x0000d285      0x1ea CMakeFiles/rc_car_new.dir/C_/Works/STM32_Projects/rc_car_new/common/Core/Src/stm32f1xx_hal_msp.c.obj
 .debug_info    0x0000d46f      0x8bf CMakeFiles/rc_car_new.dir/C_/Works/STM32_Projects/rc_car_new/common/Core/Src/stm32f1xx_it.c.obj
 .debug_info    0x0000dd2e      0x21b CMakeFiles/rc_car_new.dir/C_/Works/STM32_Projects/rc_car_new/common/Core/Src/system_stm32f1xx.c.obj
 .debug_info    0x0000df49      0xb5d CMakeFiles/rc_car_new.dir/C_/Works/STM32_Projects/rc_car_new/common/Core/Src/tim.c.obj
 .debug_info    0x0000eaa6      0x905 CMakeFiles/rc_car_new.dir/C_/Works/STM32_Projects/rc_car_new/common/Core/Src/usart.c.obj

.debug_abbrev   0x00000000     0x26ed
 .debug_abbrev  0x00000000       0x24 CMakeFiles/rc_car_new.dir/C_/Works/STM32_Projects/rc_car_new/common/Startup/startup_stm32f103c6tx.s.obj
 .debug_abbrev  0x00000024      0x228 CMakeFiles/rc_car_new.dir/C_/Works/STM32_Projects/rc_car_new/common/Core/Src/main.c.obj
 .debug_abbrev  0x0000024c      0x201 CMakeFiles/rc_car_new.dir/C_/Works/STM32_Projects/rc_car_new/common/Drivers/STM32F1xx_HAL_Driver/Src/stm32f1xx_hal.c.obj
 .debug_abbrev  0x0000044d      0x2f8 CMakeFiles/rc_car_new.dir/C_/Works/STM32_Projects/rc_car_new/common/Drivers/STM32F1xx_HAL_Driver/Src/stm32f1xx_hal_cortex.c.obj
 .debug_abbrev  0x00000745      0x1b1 CMakeFiles/rc_car_new.dir/C_/Works/STM32_Projects/rc_car_new/common/Drivers/STM32F1xx_HAL_Driver/Src/stm32f1xx_hal_crc.c.obj
 .debug_abbrev  0x000008f6      0x20b CMakeFiles/rc_car_new.dir/C_/Works/STM32_Projects/rc_car_new/common/Drivers/STM32F1xx_HAL_Driver/Src/stm32f1xx_hal_dma.c.obj
 .debug_abbrev  0x00000b01      0x1ca CMakeFiles/rc_car_new.dir/C_/Works/STM32_Projects/rc_car_new/common/Drivers/STM32F1xx_HAL_Driver/Src/stm32f1xx_hal_gpio.c.obj
 .debug_abbrev  0x00000ccb      0x2a3 CMakeFiles/rc_car_new.dir/C_/Works/STM32_Projects/rc_car_new/common/Drivers/STM32F1xx_HAL_Driver/Src/stm32f1xx_hal_i2c.c.obj
 .debug_abbrev  0x00000f6e      0x2b3 CMakeFiles/rc_car_new.dir/C_/Works/STM32_Projects/rc_car_new/common/Drivers/STM32F1xx_HAL_Driver/Src/stm32f1xx_hal_rcc.c.obj
 .debug_abbrev  0x00001221      0x277 CMakeFiles/rc_car_new.dir/C_/Works/STM32_Projects/rc_car_new/common/Drivers/STM32F1xx_HAL_Driver/Src/stm32f1xx_hal_tim.c.obj
 .debug_abbrev  0x00001498      0x282 CMakeFiles/rc_car_new.dir/C_/Works/STM32_Projects/rc_car_new/common/Drivers/STM32F1xx_HAL_Driver/Src/stm32f1xx_hal_tim_ex.c.obj
 .debug_abbrev  0x0000171a      0x2f8 CMakeFiles/rc_car_new.dir/C_/Works/STM32_Projects/rc_car_new/common/Drivers/STM32F1xx_HAL_Driver/Src/stm32f1xx_hal_uart.c.obj
 .debug_abbrev  0x00001a12      0x189 CMakeFiles/rc_car_new.dir/C_/Works/STM32_Projects/rc_car_new/common/Core/Src/crc.c.obj
 .debug_abbrev  0x00001b9b      0x13f CMakeFiles/rc_car_new.dir/C_/Works/STM32_Projects/rc_car_new/common/Core/Src/gpio.c.obj
 .debug_abbrev  0x00001cda      0x1fd CMakeFiles/rc_car_new.dir/C_/Works/STM32_Projects/rc_car_new/common/Core/Src/i2c.c.obj
 .debug_abbrev  0x00001ed7       0xdb CMakeFiles/rc_car_new.dir/C_/Works/STM32_Projects/rc_car_new/common/Core/Src/stm32f1xx_hal_msp.c.obj
 .debug_abbrev  0x00001fb2      0x177 CMakeFiles/rc_car_new.dir/C_/Works/STM32_Projects/rc_car_new/common/Core/Src/stm32f1xx_it.c.obj
 .debug_abbrev  0x00002129      0x13f CMakeFiles/rc_car_new.dir/C_/Works/STM32_Projects/rc_car_new/common/Core/Src/system_stm32f1xx.c.obj
 .debug_abbrev  0x00002268      0x280 CMakeFiles/rc_car_new.dir/C_/Works/STM32_Projects/rc_car_new/common/Core/Src/tim.c.obj
 .debug_abbrev  0x000024e8      0x205 CMakeFiles/rc_car_new.dir/C_/Works/STM32_Projects/rc_car_new/common/Core/Src/usart.c.obj

.debug_aranges  0x00000000      0xf98
 .debug_aranges
                0x00000000       0x28 CMakeFiles/rc_car_new.dir/C_/Works/STM32_Projects/rc_car_new/common/Startup/startup_stm32f103c6tx.s.obj
 .debug_aranges
                0x00000028       0x38 CMakeFiles/rc_car_new.dir/C_/Works/STM32_Projects/rc_car_new/common/Core/Src/main.c.obj
 .debug_aranges
                0x00000060       0xe0 CMakeFiles/rc_car_new.dir/C_/Works/STM32_Projects/rc_car_new/common/Drivers/STM32F1xx_HAL_Driver/Src/stm32f1xx_hal.c.obj
 .debug_aranges
                0x00000140      0x100 CMakeFiles/rc_car_new.dir/C_/Works/STM32_Projects/rc_car_new/common/Drivers/STM32F1xx_HAL_Driver/Src/stm32f1xx_hal_cortex.c.obj
 .debug_aranges
                0x00000240       0x50 CMakeFiles/rc_car_new.dir/C_/Works/STM32_Projects/rc_car_new/common/Drivers/STM32F1xx_HAL_Driver/Src/stm32f1xx_hal_crc.c.obj
 .debug_aranges
                0x00000290       0x80 CMakeFiles/rc_car_new.dir/C_/Works/STM32_Projects/rc_car_new/common/Drivers/STM32F1xx_HAL_Driver/Src/stm32f1xx_hal_dma.c.obj
 .debug_aranges
                0x00000310       0x58 CMakeFiles/rc_car_new.dir/C_/Works/STM32_Projects/rc_car_new/common/Drivers/STM32F1xx_HAL_Driver/Src/stm32f1xx_hal_gpio.c.obj
 .debug_aranges
                0x00000368      0x2a8 CMakeFiles/rc_car_new.dir/C_/Works/STM32_Projects/rc_car_new/common/Drivers/STM32F1xx_HAL_Driver/Src/stm32f1xx_hal_i2c.c.obj
 .debug_aranges
                0x00000610       0x90 CMakeFiles/rc_car_new.dir/C_/Works/STM32_Projects/rc_car_new/common/Drivers/STM32F1xx_HAL_Driver/Src/stm32f1xx_hal_rcc.c.obj
 .debug_aranges
                0x000006a0      0x3d0 CMakeFiles/rc_car_new.dir/C_/Works/STM32_Projects/rc_car_new/common/Drivers/STM32F1xx_HAL_Driver/Src/stm32f1xx_hal_tim.c.obj
 .debug_aranges
                0x00000a70      0x168 CMakeFiles/rc_car_new.dir/C_/Works/STM32_Projects/rc_car_new/common/Drivers/STM32F1xx_HAL_Driver/Src/stm32f1xx_hal_tim_ex.c.obj
 .debug_aranges
                0x00000bd8      0x208 CMakeFiles/rc_car_new.dir/C_/Works/STM32_Projects/rc_car_new/common/Drivers/STM32F1xx_HAL_Driver/Src/stm32f1xx_hal_uart.c.obj
 .debug_aranges
                0x00000de0       0x30 CMakeFiles/rc_car_new.dir/C_/Works/STM32_Projects/rc_car_new/common/Core/Src/crc.c.obj
 .debug_aranges
                0x00000e10       0x20 CMakeFiles/rc_car_new.dir/C_/Works/STM32_Projects/rc_car_new/common/Core/Src/gpio.c.obj
 .debug_aranges
                0x00000e30       0x30 CMakeFiles/rc_car_new.dir/C_/Works/STM32_Projects/rc_car_new/common/Core/Src/i2c.c.obj
 .debug_aranges
                0x00000e60       0x20 CMakeFiles/rc_car_new.dir/C_/Works/STM32_Projects/rc_car_new/common/Core/Src/stm32f1xx_hal_msp.c.obj
 .debug_aranges
                0x00000e80       0x78 CMakeFiles/rc_car_new.dir/C_/Works/STM32_Projects/rc_car_new/common/Core/Src/stm32f1xx_it.c.obj
 .debug_aranges
                0x00000ef8       0x28 CMakeFiles/rc_car_new.dir/C_/Works/STM32_Projects/rc_car_new/common/Core/Src/system_stm32f1xx.c.obj
 .debug_aranges
                0x00000f20       0x48 CMakeFiles/rc_car_new.dir/C_/Works/STM32_Projects/rc_car_new/common/Core/Src/tim.c.obj
 .debug_aranges
                0x00000f68       0x30 CMakeFiles/rc_car_new.dir/C_/Works/STM32_Projects/rc_car_new/common/Core/Src/usart.c.obj

.debug_str      0x00000000    0x8734b
 .debug_str     0x00000000       0xa8 CMakeFiles/rc_car_new.dir/C_/Works/STM32_Projects/rc_car_new/common/Startup/startup_stm32f103c6tx.s.obj
 .debug_str     0x000000a8    0x83137 CMakeFiles/rc_car_new.dir/C_/Works/STM32_Projects/rc_car_new/common/Core/Src/main.c.obj
                              0x83501 (size before relaxing)
 .debug_str     0x000831df      0x665 CMakeFiles/rc_car_new.dir/C_/Works/STM32_Projects/rc_car_new/common/Drivers/STM32F1xx_HAL_Driver/Src/stm32f1xx_hal.c.obj
                              0x8338e (size before relaxing)
 .debug_str     0x00083844      0x2ec CMakeFiles/rc_car_new.dir/C_/Works/STM32_Projects/rc_car_new/common/Drivers/STM32F1xx_HAL_Driver/Src/stm32f1xx_hal_cortex.c.obj
                              0x832da (size before relaxing)
 .debug_str     0x00083b30      0x19a CMakeFiles/rc_car_new.dir/C_/Works/STM32_Projects/rc_car_new/common/Drivers/STM32F1xx_HAL_Driver/Src/stm32f1xx_hal_crc.c.obj
                              0x82dd7 (size before relaxing)
 .debug_str     0x00083cca      0x25c CMakeFiles/rc_car_new.dir/C_/Works/STM32_Projects/rc_car_new/common/Drivers/STM32F1xx_HAL_Driver/Src/stm32f1xx_hal_dma.c.obj
                              0x8303e (size before relaxing)
 .debug_str     0x00083f26      0x3ba CMakeFiles/rc_car_new.dir/C_/Works/STM32_Projects/rc_car_new/common/Drivers/STM32F1xx_HAL_Driver/Src/stm32f1xx_hal_gpio.c.obj
                              0x8301b (size before relaxing)
 .debug_str     0x000842e0      0xe29 CMakeFiles/rc_car_new.dir/C_/Works/STM32_Projects/rc_car_new/common/Drivers/STM32F1xx_HAL_Driver/Src/stm32f1xx_hal_i2c.c.obj
                              0x83d5c (size before relaxing)
 .debug_str     0x00085109      0x24c CMakeFiles/rc_car_new.dir/C_/Works/STM32_Projects/rc_car_new/common/Drivers/STM32F1xx_HAL_Driver/Src/stm32f1xx_hal_rcc.c.obj
                              0x830c4 (size before relaxing)
 .debug_str     0x00085355     0x111f CMakeFiles/rc_car_new.dir/C_/Works/STM32_Projects/rc_car_new/common/Drivers/STM32F1xx_HAL_Driver/Src/stm32f1xx_hal_tim.c.obj
                              0x840b6 (size before relaxing)
 .debug_str     0x00086474      0x52a CMakeFiles/rc_car_new.dir/C_/Works/STM32_Projects/rc_car_new/common/Drivers/STM32F1xx_HAL_Driver/Src/stm32f1xx_hal_tim_ex.c.obj
                              0x838d2 (size before relaxing)
 .debug_str     0x0008699e      0x635 CMakeFiles/rc_car_new.dir/C_/Works/STM32_Projects/rc_car_new/common/Drivers/STM32F1xx_HAL_Driver/Src/stm32f1xx_hal_uart.c.obj
                              0x83735 (size before relaxing)
 .debug_str     0x00086fd3       0x43 CMakeFiles/rc_car_new.dir/C_/Works/STM32_Projects/rc_car_new/common/Core/Src/crc.c.obj
                              0x83049 (size before relaxing)
 .debug_str     0x00087016       0x4a CMakeFiles/rc_car_new.dir/C_/Works/STM32_Projects/rc_car_new/common/Core/Src/gpio.c.obj
                              0x82f60 (size before relaxing)
 .debug_str     0x00087060       0x49 CMakeFiles/rc_car_new.dir/C_/Works/STM32_Projects/rc_car_new/common/Core/Src/i2c.c.obj
                              0x836fb (size before relaxing)
 .debug_str     0x000870a9       0x47 CMakeFiles/rc_car_new.dir/C_/Works/STM32_Projects/rc_car_new/common/Core/Src/stm32f1xx_hal_msp.c.obj
                              0x82ee8 (size before relaxing)
 .debug_str     0x000870f0      0x11c CMakeFiles/rc_car_new.dir/C_/Works/STM32_Projects/rc_car_new/common/Core/Src/stm32f1xx_it.c.obj
                              0x83601 (size before relaxing)
 .debug_str     0x0008720c       0x79 CMakeFiles/rc_car_new.dir/C_/Works/STM32_Projects/rc_car_new/common/Core/Src/system_stm32f1xx.c.obj
                              0x82c95 (size before relaxing)
 .debug_str     0x00087285       0x80 CMakeFiles/rc_car_new.dir/C_/Works/STM32_Projects/rc_car_new/common/Core/Src/tim.c.obj
                              0x8364f (size before relaxing)
 .debug_str     0x00087305       0x46 CMakeFiles/rc_car_new.dir/C_/Works/STM32_Projects/rc_car_new/common/Core/Src/usart.c.obj
                              0x83689 (size before relaxing)

.debug_rnglists
                0x00000000      0xc45
 .debug_rnglists
                0x00000000       0x19 CMakeFiles/rc_car_new.dir/C_/Works/STM32_Projects/rc_car_new/common/Startup/startup_stm32f103c6tx.s.obj
 .debug_rnglists
                0x00000019       0x26 CMakeFiles/rc_car_new.dir/C_/Works/STM32_Projects/rc_car_new/common/Core/Src/main.c.obj
 .debug_rnglists
                0x0000003f       0xa3 CMakeFiles/rc_car_new.dir/C_/Works/STM32_Projects/rc_car_new/common/Drivers/STM32F1xx_HAL_Driver/Src/stm32f1xx_hal.c.obj
 .debug_rnglists
                0x000000e2       0xbb CMakeFiles/rc_car_new.dir/C_/Works/STM32_Projects/rc_car_new/common/Drivers/STM32F1xx_HAL_Driver/Src/stm32f1xx_hal_cortex.c.obj
 .debug_rnglists
                0x0000019d       0x37 CMakeFiles/rc_car_new.dir/C_/Works/STM32_Projects/rc_car_new/common/Drivers/STM32F1xx_HAL_Driver/Src/stm32f1xx_hal_crc.c.obj
 .debug_rnglists
                0x000001d4       0x64 CMakeFiles/rc_car_new.dir/C_/Works/STM32_Projects/rc_car_new/common/Drivers/STM32F1xx_HAL_Driver/Src/stm32f1xx_hal_dma.c.obj
 .debug_rnglists
                0x00000238       0x3f CMakeFiles/rc_car_new.dir/C_/Works/STM32_Projects/rc_car_new/common/Drivers/STM32F1xx_HAL_Driver/Src/stm32f1xx_hal_gpio.c.obj
 .debug_rnglists
                0x00000277      0x23c CMakeFiles/rc_car_new.dir/C_/Works/STM32_Projects/rc_car_new/common/Drivers/STM32F1xx_HAL_Driver/Src/stm32f1xx_hal_i2c.c.obj
 .debug_rnglists
                0x000004b3       0x6c CMakeFiles/rc_car_new.dir/C_/Works/STM32_Projects/rc_car_new/common/Drivers/STM32F1xx_HAL_Driver/Src/stm32f1xx_hal_rcc.c.obj
 .debug_rnglists
                0x0000051f      0x31a CMakeFiles/rc_car_new.dir/C_/Works/STM32_Projects/rc_car_new/common/Drivers/STM32F1xx_HAL_Driver/Src/stm32f1xx_hal_tim.c.obj
 .debug_rnglists
                0x00000839      0x125 CMakeFiles/rc_car_new.dir/C_/Works/STM32_Projects/rc_car_new/common/Drivers/STM32F1xx_HAL_Driver/Src/stm32f1xx_hal_tim_ex.c.obj
 .debug_rnglists
                0x0000095e      0x1bc CMakeFiles/rc_car_new.dir/C_/Works/STM32_Projects/rc_car_new/common/Drivers/STM32F1xx_HAL_Driver/Src/stm32f1xx_hal_uart.c.obj
 .debug_rnglists
                0x00000b1a       0x1f CMakeFiles/rc_car_new.dir/C_/Works/STM32_Projects/rc_car_new/common/Core/Src/crc.c.obj
 .debug_rnglists
                0x00000b39       0x14 CMakeFiles/rc_car_new.dir/C_/Works/STM32_Projects/rc_car_new/common/Core/Src/gpio.c.obj
 .debug_rnglists
                0x00000b4d       0x20 CMakeFiles/rc_car_new.dir/C_/Works/STM32_Projects/rc_car_new/common/Core/Src/i2c.c.obj
 .debug_rnglists
                0x00000b6d       0x13 CMakeFiles/rc_car_new.dir/C_/Works/STM32_Projects/rc_car_new/common/Core/Src/stm32f1xx_hal_msp.c.obj
 .debug_rnglists
                0x00000b80       0x55 CMakeFiles/rc_car_new.dir/C_/Works/STM32_Projects/rc_car_new/common/Core/Src/stm32f1xx_it.c.obj
 .debug_rnglists
                0x00000bd5       0x1a CMakeFiles/rc_car_new.dir/C_/Works/STM32_Projects/rc_car_new/common/Core/Src/system_stm32f1xx.c.obj
 .debug_rnglists
                0x00000bef       0x36 CMakeFiles/rc_car_new.dir/C_/Works/STM32_Projects/rc_car_new/common/Core/Src/tim.c.obj
 .debug_rnglists
                0x00000c25       0x20 CMakeFiles/rc_car_new.dir/C_/Works/STM32_Projects/rc_car_new/common/Core/Src/usart.c.obj

.debug_macro    0x00000000    0x16e9b
 .debug_macro   0x00000000      0x1fa CMakeFiles/rc_car_new.dir/C_/Works/STM32_Projects/rc_car_new/common/Core/Src/main.c.obj
 .debug_macro   0x000001fa      0x227 CMakeFiles/rc_car_new.dir/C_/Works/STM32_Projects/rc_car_new/common/Core/Src/main.c.obj
 .debug_macro   0x00000421       0x2e CMakeFiles/rc_car_new.dir/C_/Works/STM32_Projects/rc_car_new/common/Core/Src/main.c.obj
 .debug_macro   0x0000044f       0x22 CMakeFiles/rc_car_new.dir/C_/Works/STM32_Projects/rc_car_new/common/Core/Src/main.c.obj
 .debug_macro   0x00000471       0x22 CMakeFiles/rc_car_new.dir/C_/Works/STM32_Projects/rc_car_new/common/Core/Src/main.c.obj
 .debug_macro   0x00000493       0x56 CMakeFiles/rc_car_new.dir/C_/Works/STM32_Projects/rc_car_new/common/Core/Src/main.c.obj
 .debug_macro   0x000004e9       0x51 CMakeFiles/rc_car_new.dir/C_/Works/STM32_Projects/rc_car_new/common/Core/Src/main.c.obj
 .debug_macro   0x0000053a      0x103 CMakeFiles/rc_car_new.dir/C_/Works/STM32_Projects/rc_car_new/common/Core/Src/main.c.obj
 .debug_macro   0x0000063d       0x6a CMakeFiles/rc_car_new.dir/C_/Works/STM32_Projects/rc_car_new/common/Core/Src/main.c.obj
 .debug_macro   0x000006a7      0x1df CMakeFiles/rc_car_new.dir/C_/Works/STM32_Projects/rc_car_new/common/Core/Src/main.c.obj
 .debug_macro   0x00000886       0x1c CMakeFiles/rc_car_new.dir/C_/Works/STM32_Projects/rc_car_new/common/Core/Src/main.c.obj
 .debug_macro   0x000008a2       0x22 CMakeFiles/rc_car_new.dir/C_/Works/STM32_Projects/rc_car_new/common/Core/Src/main.c.obj
 .debug_macro   0x000008c4       0xbd CMakeFiles/rc_car_new.dir/C_/Works/STM32_Projects/rc_car_new/common/Core/Src/main.c.obj
 .debug_macro   0x00000981      0xd23 CMakeFiles/rc_car_new.dir/C_/Works/STM32_Projects/rc_car_new/common/Core/Src/main.c.obj
 .debug_macro   0x000016a4     0xde75 CMakeFiles/rc_car_new.dir/C_/Works/STM32_Projects/rc_car_new/common/Core/Src/main.c.obj
 .debug_macro   0x0000f519       0x6d CMakeFiles/rc_car_new.dir/C_/Works/STM32_Projects/rc_car_new/common/Core/Src/main.c.obj
 .debug_macro   0x0000f586     0x348d CMakeFiles/rc_car_new.dir/C_/Works/STM32_Projects/rc_car_new/common/Core/Src/main.c.obj
 .debug_macro   0x00012a13      0x182 CMakeFiles/rc_car_new.dir/C_/Works/STM32_Projects/rc_car_new/common/Core/Src/main.c.obj
 .debug_macro   0x00012b95       0x5c CMakeFiles/rc_car_new.dir/C_/Works/STM32_Projects/rc_car_new/common/Core/Src/main.c.obj
 .debug_macro   0x00012bf1      0x5bc CMakeFiles/rc_car_new.dir/C_/Works/STM32_Projects/rc_car_new/common/Core/Src/main.c.obj
 .debug_macro   0x000131ad      0x1b7 CMakeFiles/rc_car_new.dir/C_/Works/STM32_Projects/rc_car_new/common/Core/Src/main.c.obj
 .debug_macro   0x00013364      0x1cb CMakeFiles/rc_car_new.dir/C_/Works/STM32_Projects/rc_car_new/common/Core/Src/main.c.obj
 .debug_macro   0x0001352f      0x114 CMakeFiles/rc_car_new.dir/C_/Works/STM32_Projects/rc_car_new/common/Core/Src/main.c.obj
 .debug_macro   0x00013643      0x1b2 CMakeFiles/rc_car_new.dir/C_/Works/STM32_Projects/rc_car_new/common/Core/Src/main.c.obj
 .debug_macro   0x000137f5       0x27 CMakeFiles/rc_car_new.dir/C_/Works/STM32_Projects/rc_car_new/common/Core/Src/main.c.obj
 .debug_macro   0x0001381c      0x12f CMakeFiles/rc_car_new.dir/C_/Works/STM32_Projects/rc_car_new/common/Core/Src/main.c.obj
 .debug_macro   0x0001394b      0x1bc CMakeFiles/rc_car_new.dir/C_/Works/STM32_Projects/rc_car_new/common/Core/Src/main.c.obj
 .debug_macro   0x00013b07       0x34 CMakeFiles/rc_car_new.dir/C_/Works/STM32_Projects/rc_car_new/common/Core/Src/main.c.obj
 .debug_macro   0x00013b3b       0x3c CMakeFiles/rc_car_new.dir/C_/Works/STM32_Projects/rc_car_new/common/Core/Src/main.c.obj
 .debug_macro   0x00013b77       0x57 CMakeFiles/rc_car_new.dir/C_/Works/STM32_Projects/rc_car_new/common/Core/Src/main.c.obj
 .debug_macro   0x00013bce       0x22 CMakeFiles/rc_car_new.dir/C_/Works/STM32_Projects/rc_car_new/common/Core/Src/main.c.obj
 .debug_macro   0x00013bf0       0x87 CMakeFiles/rc_car_new.dir/C_/Works/STM32_Projects/rc_car_new/common/Core/Src/main.c.obj
 .debug_macro   0x00013c77      0x183 CMakeFiles/rc_car_new.dir/C_/Works/STM32_Projects/rc_car_new/common/Core/Src/main.c.obj
 .debug_macro   0x00013dfa      0x287 CMakeFiles/rc_car_new.dir/C_/Works/STM32_Projects/rc_car_new/common/Core/Src/main.c.obj
 .debug_macro   0x00014081      0x140 CMakeFiles/rc_car_new.dir/C_/Works/STM32_Projects/rc_car_new/common/Core/Src/main.c.obj
 .debug_macro   0x000141c1      0x8ed CMakeFiles/rc_car_new.dir/C_/Works/STM32_Projects/rc_car_new/common/Core/Src/main.c.obj
 .debug_macro   0x00014aae      0x28e CMakeFiles/rc_car_new.dir/C_/Works/STM32_Projects/rc_car_new/common/Core/Src/main.c.obj
 .debug_macro   0x00014d3c       0x69 CMakeFiles/rc_car_new.dir/C_/Works/STM32_Projects/rc_car_new/common/Core/Src/main.c.obj
 .debug_macro   0x00014da5       0xa6 CMakeFiles/rc_car_new.dir/C_/Works/STM32_Projects/rc_car_new/common/Core/Src/main.c.obj
 .debug_macro   0x00014e4b      0x1d9 CMakeFiles/rc_car_new.dir/C_/Works/STM32_Projects/rc_car_new/common/Drivers/STM32F1xx_HAL_Driver/Src/stm32f1xx_hal.c.obj
 .debug_macro   0x00015024      0x1b5 CMakeFiles/rc_car_new.dir/C_/Works/STM32_Projects/rc_car_new/common/Drivers/STM32F1xx_HAL_Driver/Src/stm32f1xx_hal_cortex.c.obj
 .debug_macro   0x000151d9      0x1b5 CMakeFiles/rc_car_new.dir/C_/Works/STM32_Projects/rc_car_new/common/Drivers/STM32F1xx_HAL_Driver/Src/stm32f1xx_hal_crc.c.obj
 .debug_macro   0x0001538e      0x1b5 CMakeFiles/rc_car_new.dir/C_/Works/STM32_Projects/rc_car_new/common/Drivers/STM32F1xx_HAL_Driver/Src/stm32f1xx_hal_dma.c.obj
 .debug_macro   0x00015543      0x220 CMakeFiles/rc_car_new.dir/C_/Works/STM32_Projects/rc_car_new/common/Drivers/STM32F1xx_HAL_Driver/Src/stm32f1xx_hal_gpio.c.obj
 .debug_macro   0x00015763      0x203 CMakeFiles/rc_car_new.dir/C_/Works/STM32_Projects/rc_car_new/common/Drivers/STM32F1xx_HAL_Driver/Src/stm32f1xx_hal_i2c.c.obj
 .debug_macro   0x00015966      0x1c7 CMakeFiles/rc_car_new.dir/C_/Works/STM32_Projects/rc_car_new/common/Drivers/STM32F1xx_HAL_Driver/Src/stm32f1xx_hal_rcc.c.obj
 .debug_macro   0x00015b2d      0x1b6 CMakeFiles/rc_car_new.dir/C_/Works/STM32_Projects/rc_car_new/common/Drivers/STM32F1xx_HAL_Driver/Src/stm32f1xx_hal_tim.c.obj
 .debug_macro   0x00015ce3      0x1b5 CMakeFiles/rc_car_new.dir/C_/Works/STM32_Projects/rc_car_new/common/Drivers/STM32F1xx_HAL_Driver/Src/stm32f1xx_hal_tim_ex.c.obj
 .debug_macro   0x00015e98      0x1b6 CMakeFiles/rc_car_new.dir/C_/Works/STM32_Projects/rc_car_new/common/Drivers/STM32F1xx_HAL_Driver/Src/stm32f1xx_hal_uart.c.obj
 .debug_macro   0x0001604e      0x1ce CMakeFiles/rc_car_new.dir/C_/Works/STM32_Projects/rc_car_new/common/Core/Src/crc.c.obj
 .debug_macro   0x0001621c      0x1ce CMakeFiles/rc_car_new.dir/C_/Works/STM32_Projects/rc_car_new/common/Core/Src/gpio.c.obj
 .debug_macro   0x000163ea      0x1ce CMakeFiles/rc_car_new.dir/C_/Works/STM32_Projects/rc_car_new/common/Core/Src/i2c.c.obj
 .debug_macro   0x000165b8      0x1c4 CMakeFiles/rc_car_new.dir/C_/Works/STM32_Projects/rc_car_new/common/Core/Src/stm32f1xx_hal_msp.c.obj
 .debug_macro   0x0001677c      0x1ce CMakeFiles/rc_car_new.dir/C_/Works/STM32_Projects/rc_car_new/common/Core/Src/stm32f1xx_it.c.obj
 .debug_macro   0x0001694a      0x1b5 CMakeFiles/rc_car_new.dir/C_/Works/STM32_Projects/rc_car_new/common/Core/Src/system_stm32f1xx.c.obj
 .debug_macro   0x00016aff      0x1ce CMakeFiles/rc_car_new.dir/C_/Works/STM32_Projects/rc_car_new/common/Core/Src/tim.c.obj
 .debug_macro   0x00016ccd      0x1ce CMakeFiles/rc_car_new.dir/C_/Works/STM32_Projects/rc_car_new/common/Core/Src/usart.c.obj

.comment        0x00000000       0x45
 .comment       0x00000000       0x45 CMakeFiles/rc_car_new.dir/C_/Works/STM32_Projects/rc_car_new/common/Core/Src/main.c.obj
                                 0x46 (size before relaxing)
 .comment       0x00000045       0x46 CMakeFiles/rc_car_new.dir/C_/Works/STM32_Projects/rc_car_new/common/Drivers/STM32F1xx_HAL_Driver/Src/stm32f1xx_hal.c.obj
 .comment       0x00000045       0x46 CMakeFiles/rc_car_new.dir/C_/Works/STM32_Projects/rc_car_new/common/Drivers/STM32F1xx_HAL_Driver/Src/stm32f1xx_hal_cortex.c.obj
 .comment       0x00000045       0x46 CMakeFiles/rc_car_new.dir/C_/Works/STM32_Projects/rc_car_new/common/Drivers/STM32F1xx_HAL_Driver/Src/stm32f1xx_hal_crc.c.obj
 .comment       0x00000045       0x46 CMakeFiles/rc_car_new.dir/C_/Works/STM32_Projects/rc_car_new/common/Drivers/STM32F1xx_HAL_Driver/Src/stm32f1xx_hal_dma.c.obj
 .comment       0x00000045       0x46 CMakeFiles/rc_car_new.dir/C_/Works/STM32_Projects/rc_car_new/common/Drivers/STM32F1xx_HAL_Driver/Src/stm32f1xx_hal_gpio.c.obj
 .comment       0x00000045       0x46 CMakeFiles/rc_car_new.dir/C_/Works/STM32_Projects/rc_car_new/common/Drivers/STM32F1xx_HAL_Driver/Src/stm32f1xx_hal_i2c.c.obj
 .comment       0x00000045       0x46 CMakeFiles/rc_car_new.dir/C_/Works/STM32_Projects/rc_car_new/common/Drivers/STM32F1xx_HAL_Driver/Src/stm32f1xx_hal_rcc.c.obj
 .comment       0x00000045       0x46 CMakeFiles/rc_car_new.dir/C_/Works/STM32_Projects/rc_car_new/common/Drivers/STM32F1xx_HAL_Driver/Src/stm32f1xx_hal_tim.c.obj
 .comment       0x00000045       0x46 CMakeFiles/rc_car_new.dir/C_/Works/STM32_Projects/rc_car_new/common/Drivers/STM32F1xx_HAL_Driver/Src/stm32f1xx_hal_tim_ex.c.obj
 .comment       0x00000045       0x46 CMakeFiles/rc_car_new.dir/C_/Works/STM32_Projects/rc_car_new/common/Drivers/STM32F1xx_HAL_Driver/Src/stm32f1xx_hal_uart.c.obj
 .comment       0x00000045       0x46 CMakeFiles/rc_car_new.dir/C_/Works/STM32_Projects/rc_car_new/common/Core/Src/crc.c.obj
 .comment       0x00000045       0x46 CMakeFiles/rc_car_new.dir/C_/Works/STM32_Projects/rc_car_new/common/Core/Src/gpio.c.obj
 .comment       0x00000045       0x46 CMakeFiles/rc_car_new.dir/C_/Works/STM32_Projects/rc_car_new/common/Core/Src/i2c.c.obj
 .comment       0x00000045       0x46 CMakeFiles/rc_car_new.dir/C_/Works/STM32_Projects/rc_car_new/common/Core/Src/stm32f1xx_hal_msp.c.obj
 .comment       0x00000045       0x46 CMakeFiles/rc_car_new.dir/C_/Works/STM32_Projects/rc_car_new/common/Core/Src/stm32f1xx_it.c.obj
 .comment       0x00000045       0x46 CMakeFiles/rc_car_new.dir/C_/Works/STM32_Projects/rc_car_new/common/Core/Src/system_stm32f1xx.c.obj
 .comment       0x00000045       0x46 CMakeFiles/rc_car_new.dir/C_/Works/STM32_Projects/rc_car_new/common/Core/Src/tim.c.obj
 .comment       0x00000045       0x46 CMakeFiles/rc_car_new.dir/C_/Works/STM32_Projects/rc_car_new/common/Core/Src/usart.c.obj

.debug_frame    0x00000000     0x428c
 .debug_frame   0x00000000       0x90 CMakeFiles/rc_car_new.dir/C_/Works/STM32_Projects/rc_car_new/common/Core/Src/main.c.obj
 .debug_frame   0x00000090      0x334 CMakeFiles/rc_car_new.dir/C_/Works/STM32_Projects/rc_car_new/common/Drivers/STM32F1xx_HAL_Driver/Src/stm32f1xx_hal.c.obj
 .debug_frame   0x000003c4      0x428 CMakeFiles/rc_car_new.dir/C_/Works/STM32_Projects/rc_car_new/common/Drivers/STM32F1xx_HAL_Driver/Src/stm32f1xx_hal_cortex.c.obj
 .debug_frame   0x000007ec      0x120 CMakeFiles/rc_car_new.dir/C_/Works/STM32_Projects/rc_car_new/common/Drivers/STM32F1xx_HAL_Driver/Src/stm32f1xx_hal_crc.c.obj
 .debug_frame   0x0000090c      0x208 CMakeFiles/rc_car_new.dir/C_/Works/STM32_Projects/rc_car_new/common/Drivers/STM32F1xx_HAL_Driver/Src/stm32f1xx_hal_dma.c.obj
 .debug_frame   0x00000b14      0x14c CMakeFiles/rc_car_new.dir/C_/Works/STM32_Projects/rc_car_new/common/Drivers/STM32F1xx_HAL_Driver/Src/stm32f1xx_hal_gpio.c.obj
 .debug_frame   0x00000c60      0xc84 CMakeFiles/rc_car_new.dir/C_/Works/STM32_Projects/rc_car_new/common/Drivers/STM32F1xx_HAL_Driver/Src/stm32f1xx_hal_i2c.c.obj
 .debug_frame   0x000018e4      0x218 CMakeFiles/rc_car_new.dir/C_/Works/STM32_Projects/rc_car_new/common/Drivers/STM32F1xx_HAL_Driver/Src/stm32f1xx_hal_rcc.c.obj
 .debug_frame   0x00001afc     0x11b8 CMakeFiles/rc_car_new.dir/C_/Works/STM32_Projects/rc_car_new/common/Drivers/STM32F1xx_HAL_Driver/Src/stm32f1xx_hal_tim.c.obj
 .debug_frame   0x00002cb4      0x638 CMakeFiles/rc_car_new.dir/C_/Works/STM32_Projects/rc_car_new/common/Drivers/STM32F1xx_HAL_Driver/Src/stm32f1xx_hal_tim_ex.c.obj
 .debug_frame   0x000032ec      0x944 CMakeFiles/rc_car_new.dir/C_/Works/STM32_Projects/rc_car_new/common/Drivers/STM32F1xx_HAL_Driver/Src/stm32f1xx_hal_uart.c.obj
 .debug_frame   0x00003c30       0x7c CMakeFiles/rc_car_new.dir/C_/Works/STM32_Projects/rc_car_new/common/Core/Src/crc.c.obj
 .debug_frame   0x00003cac       0x34 CMakeFiles/rc_car_new.dir/C_/Works/STM32_Projects/rc_car_new/common/Core/Src/gpio.c.obj
 .debug_frame   0x00003ce0       0x74 CMakeFiles/rc_car_new.dir/C_/Works/STM32_Projects/rc_car_new/common/Core/Src/i2c.c.obj
 .debug_frame   0x00003d54       0x38 CMakeFiles/rc_car_new.dir/C_/Works/STM32_Projects/rc_car_new/common/Core/Src/stm32f1xx_hal_msp.c.obj
 .debug_frame   0x00003d8c      0x158 CMakeFiles/rc_car_new.dir/C_/Works/STM32_Projects/rc_car_new/common/Core/Src/stm32f1xx_it.c.obj
 .debug_frame   0x00003ee4       0x58 CMakeFiles/rc_car_new.dir/C_/Works/STM32_Projects/rc_car_new/common/Core/Src/system_stm32f1xx.c.obj
 .debug_frame   0x00003f3c       0xf0 CMakeFiles/rc_car_new.dir/C_/Works/STM32_Projects/rc_car_new/common/Core/Src/tim.c.obj
 .debug_frame   0x0000402c       0x74 CMakeFiles/rc_car_new.dir/C_/Works/STM32_Projects/rc_car_new/common/Core/Src/usart.c.obj
 .debug_frame   0x000040a0       0x2c c:/sysgcc/arm-eabi/bin/../lib/gcc/arm-none-eabi/12.3.1/thumb/v7-m/nofp\libg.a(libc_a-memset.o)
 .debug_frame   0x000040cc       0x2c c:/sysgcc/arm-eabi/bin/../lib/gcc/arm-none-eabi/12.3.1/thumb/v7-m/nofp\libg.a(libc_a-init.o)
 .debug_frame   0x000040f8       0xb0 c:/sysgcc/arm-eabi/bin/../lib/gcc/arm-none-eabi/12.3.1/thumb/v7-m/nofp\libg.a(libc_a-lock.o)
 .debug_frame   0x000041a8       0x5c c:/sysgcc/arm-eabi/bin/../lib/gcc/arm-none-eabi/12.3.1/thumb/v7-m/nofp\libg.a(libc_a-__call_atexit.o)
 .debug_frame   0x00004204       0x20 c:/sysgcc/arm-eabi/bin/../lib/gcc/arm-none-eabi/12.3.1/thumb/v7-m/nofp\libg.a(libc_a-atexit.o)
 .debug_frame   0x00004224       0x34 c:/sysgcc/arm-eabi/bin/../lib/gcc/arm-none-eabi/12.3.1/thumb/v7-m/nofp\libg.a(libc_a-fini.o)
 .debug_frame   0x00004258       0x34 c:/sysgcc/arm-eabi/bin/../lib/gcc/arm-none-eabi/12.3.1/thumb/v7-m/nofp\libg.a(libc_a-__atexit.o)
