Archive member included to satisfy reference by file (symbol)

c:/sysgcc/arm-eabi/bin/../lib/gcc/arm-none-eabi/12.3.1/thumb/v7-m/nofp\libg.a(libc_a-exit.o)
                              c:/sysgcc/arm-eabi/bin/../lib/gcc/arm-none-eabi/12.3.1/thumb/v7-m/nofp/crt0.o (exit)
c:/sysgcc/arm-eabi/bin/../lib/gcc/arm-none-eabi/12.3.1/thumb/v7-m/nofp\libg.a(libc_a-findfp.o)
                              c:/sysgcc/arm-eabi/bin/../lib/gcc/arm-none-eabi/12.3.1/thumb/v7-m/nofp\libg.a(libc_a-exit.o) (__stdio_exit_handler)
c:/sysgcc/arm-eabi/bin/../lib/gcc/arm-none-eabi/12.3.1/thumb/v7-m/nofp\libg.a(libc_a-fwalk.o)
                              c:/sysgcc/arm-eabi/bin/../lib/gcc/arm-none-eabi/12.3.1/thumb/v7-m/nofp\libg.a(libc_a-findfp.o) (_fwalk_sglue)
c:/sysgcc/arm-eabi/bin/../lib/gcc/arm-none-eabi/12.3.1/thumb/v7-m/nofp\libg.a(libc_a-stdio.o)
                              c:/sysgcc/arm-eabi/bin/../lib/gcc/arm-none-eabi/12.3.1/thumb/v7-m/nofp\libg.a(libc_a-findfp.o) (__sread)
c:/sysgcc/arm-eabi/bin/../lib/gcc/arm-none-eabi/12.3.1/thumb/v7-m/nofp\libg.a(libc_a-memset.o)
                              c:/sysgcc/arm-eabi/bin/../lib/gcc/arm-none-eabi/12.3.1/thumb/v7-m/nofp/crt0.o (memset)
c:/sysgcc/arm-eabi/bin/../lib/gcc/arm-none-eabi/12.3.1/thumb/v7-m/nofp\libg.a(libc_a-closer.o)
                              c:/sysgcc/arm-eabi/bin/../lib/gcc/arm-none-eabi/12.3.1/thumb/v7-m/nofp\libg.a(libc_a-stdio.o) (_close_r)
c:/sysgcc/arm-eabi/bin/../lib/gcc/arm-none-eabi/12.3.1/thumb/v7-m/nofp\libg.a(libc_a-reent.o)
                              c:/sysgcc/arm-eabi/bin/../lib/gcc/arm-none-eabi/12.3.1/thumb/v7-m/nofp\libg.a(libc_a-closer.o) (errno)
c:/sysgcc/arm-eabi/bin/../lib/gcc/arm-none-eabi/12.3.1/thumb/v7-m/nofp\libg.a(libc_a-impure.o)
                              c:/sysgcc/arm-eabi/bin/../lib/gcc/arm-none-eabi/12.3.1/thumb/v7-m/nofp\libg.a(libc_a-reent.o) (_impure_ptr)
c:/sysgcc/arm-eabi/bin/../lib/gcc/arm-none-eabi/12.3.1/thumb/v7-m/nofp\libg.a(libc_a-lseekr.o)
                              c:/sysgcc/arm-eabi/bin/../lib/gcc/arm-none-eabi/12.3.1/thumb/v7-m/nofp\libg.a(libc_a-stdio.o) (_lseek_r)
c:/sysgcc/arm-eabi/bin/../lib/gcc/arm-none-eabi/12.3.1/thumb/v7-m/nofp\libg.a(libc_a-readr.o)
                              c:/sysgcc/arm-eabi/bin/../lib/gcc/arm-none-eabi/12.3.1/thumb/v7-m/nofp\libg.a(libc_a-stdio.o) (_read_r)
c:/sysgcc/arm-eabi/bin/../lib/gcc/arm-none-eabi/12.3.1/thumb/v7-m/nofp\libg.a(libc_a-writer.o)
                              c:/sysgcc/arm-eabi/bin/../lib/gcc/arm-none-eabi/12.3.1/thumb/v7-m/nofp\libg.a(libc_a-stdio.o) (_write_r)
c:/sysgcc/arm-eabi/bin/../lib/gcc/arm-none-eabi/12.3.1/thumb/v7-m/nofp\libg.a(libc_a-errno.o)
                              CMakeFiles/rc_4wd_new.dir/C_/Works/STM32_Projects/rc_4wd_new/common/Core/Src/syscalls.c.obj (__errno)
c:/sysgcc/arm-eabi/bin/../lib/gcc/arm-none-eabi/12.3.1/thumb/v7-m/nofp\libg.a(libc_a-init.o)
                              c:/sysgcc/arm-eabi/bin/../lib/gcc/arm-none-eabi/12.3.1/thumb/v7-m/nofp/crt0.o (__libc_init_array)
c:/sysgcc/arm-eabi/bin/../lib/gcc/arm-none-eabi/12.3.1/thumb/v7-m/nofp\libg.a(libc_a-lock.o)
                              c:/sysgcc/arm-eabi/bin/../lib/gcc/arm-none-eabi/12.3.1/thumb/v7-m/nofp\libg.a(libc_a-findfp.o) (__retarget_lock_init_recursive)
c:/sysgcc/arm-eabi/bin/../lib/gcc/arm-none-eabi/12.3.1/thumb/v7-m/nofp\libg.a(libc_a-__call_atexit.o)
                              c:/sysgcc/arm-eabi/bin/../lib/gcc/arm-none-eabi/12.3.1/thumb/v7-m/nofp\libg.a(libc_a-exit.o) (__call_exitprocs)
c:/sysgcc/arm-eabi/bin/../lib/gcc/arm-none-eabi/12.3.1/thumb/v7-m/nofp\libg.a(libc_a-atexit.o)
                              c:/sysgcc/arm-eabi/bin/../lib/gcc/arm-none-eabi/12.3.1/thumb/v7-m/nofp\libg.a(libc_a-__call_atexit.o) (atexit)
c:/sysgcc/arm-eabi/bin/../lib/gcc/arm-none-eabi/12.3.1/thumb/v7-m/nofp\libg.a(libc_a-freer.o)
                              c:/sysgcc/arm-eabi/bin/../lib/gcc/arm-none-eabi/12.3.1/thumb/v7-m/nofp\libg.a(libc_a-reent.o) (_free_r)
c:/sysgcc/arm-eabi/bin/../lib/gcc/arm-none-eabi/12.3.1/thumb/v7-m/nofp\libg.a(libc_a-mallocr.o)
                              c:/sysgcc/arm-eabi/bin/../lib/gcc/arm-none-eabi/12.3.1/thumb/v7-m/nofp\libg.a(libc_a-findfp.o) (_malloc_r)
c:/sysgcc/arm-eabi/bin/../lib/gcc/arm-none-eabi/12.3.1/thumb/v7-m/nofp\libg.a(libc_a-mlock.o)
                              c:/sysgcc/arm-eabi/bin/../lib/gcc/arm-none-eabi/12.3.1/thumb/v7-m/nofp\libg.a(libc_a-freer.o) (__malloc_lock)
c:/sysgcc/arm-eabi/bin/../lib/gcc/arm-none-eabi/12.3.1/thumb/v7-m/nofp\libg.a(libc_a-fclose.o)
                              c:/sysgcc/arm-eabi/bin/../lib/gcc/arm-none-eabi/12.3.1/thumb/v7-m/nofp\libg.a(libc_a-findfp.o) (_fclose_r)
c:/sysgcc/arm-eabi/bin/../lib/gcc/arm-none-eabi/12.3.1/thumb/v7-m/nofp\libg.a(libc_a-fflush.o)
                              c:/sysgcc/arm-eabi/bin/../lib/gcc/arm-none-eabi/12.3.1/thumb/v7-m/nofp\libg.a(libc_a-fclose.o) (__sflush_r)
c:/sysgcc/arm-eabi/bin/../lib/gcc/arm-none-eabi/12.3.1/thumb/v7-m/nofp\libg.a(libc_a-sbrkr.o)
[...]
Memory Configuration

Name             Origin             Length             Attributes
RAM              0x20000000         0x00002000         xrw
FLASH            0x08000000         0x00020000         xr
*default*        0x00000000         0xffffffff

Linker script and memory map

LOAD c:/sysgcc/arm-eabi/bin/../lib/gcc/arm-none-eabi/12.3.1/thumb/v7-m/nofp/crti.o
LOAD c:/sysgcc/arm-eabi/bin/../lib/gcc/arm-none-eabi/12.3.1/thumb/v7-m/nofp/crtbegin.o
LOAD c:/sysgcc/arm-eabi/bin/../lib/gcc/arm-none-eabi/12.3.1/thumb/v7-m/nofp/crt0.o
LOAD CMakeFiles/BSP.dir/C_/Program_Files_(x86)/Sysprogs/VisualGDB/CMake/embedded/dummy.c.obj
LOAD CMakeFiles/rc_4wd_new.dir/C_/Works/STM32_Projects/rc_4wd_new/common/Startup/startup_stm32f100rbtx.s.obj
LOAD CMakeFiles/rc_4wd_new.dir/C_/Works/STM32_Projects/rc_4wd_new/common/Core/Src/main.c.obj
LOAD CMakeFiles/rc_4wd_new.dir/C_/Works/STM32_Projects/rc_4wd_new/common/Drivers/STM32F1xx_HAL_Driver/Src/stm32f1xx_hal.c.obj
LOAD CMakeFiles/rc_4wd_new.dir/C_/Works/STM32_Projects/rc_4wd_new/common/Drivers/STM32F1xx_HAL_Driver/Src/stm32f1xx_hal_cortex.c.obj
LOAD CMakeFiles/rc_4wd_new.dir/C_/Works/STM32_Projects/rc_4wd_new/common/Drivers/STM32F1xx_HAL_Driver/Src/stm32f1xx_hal_dma.c.obj
LOAD CMakeFiles/rc_4wd_new.dir/C_/Works/STM32_Projects/rc_4wd_new/common/Drivers/STM32F1xx_HAL_Driver/Src/stm32f1xx_hal_exti.c.obj
LOAD CMakeFiles/rc_4wd_new.dir/C_/Works/STM32_Projects/rc_4wd_new/common/Drivers/STM32F1xx_HAL_Driver/Src/stm32f1xx_hal_flash.c.obj
LOAD CMakeFiles/rc_4wd_new.dir/C_/Works/STM32_Projects/rc_4wd_new/common/Drivers/STM32F1xx_HAL_Driver/Src/stm32f1xx_hal_flash_ex.c.obj
LOAD CMakeFiles/rc_4wd_new.dir/C_/Works/STM32_Projects/rc_4wd_new/common/Drivers/STM32F1xx_HAL_Driver/Src/stm32f1xx_hal_gpio.c.obj
LOAD CMakeFiles/rc_4wd_new.dir/C_/Works/STM32_Projects/rc_4wd_new/common/Drivers/STM32F1xx_HAL_Driver/Src/stm32f1xx_hal_gpio_ex.c.obj
LOAD CMakeFiles/rc_4wd_new.dir/C_/Works/STM32_Projects/rc_4wd_new/common/Drivers/STM32F1xx_HAL_Driver/Src/stm32f1xx_hal_pwr.c.obj
LOAD CMakeFiles/rc_4wd_new.dir/C_/Works/STM32_Projects/rc_4wd_new/common/Drivers/STM32F1xx_HAL_Driver/Src/stm32f1xx_hal_rcc.c.obj
LOAD CMakeFiles/rc_4wd_new.dir/C_/Works/STM32_Projects/rc_4wd_new/common/Drivers/STM32F1xx_HAL_Driver/Src/stm32f1xx_hal_rcc_ex.c.obj
LOAD CMakeFiles/rc_4wd_new.dir/C_/Works/STM32_Projects/rc_4wd_new/common/Drivers/STM32F1xx_HAL_Driver/Src/stm32f1xx_hal_tim.c.obj
LOAD CMakeFiles/rc_4wd_new.dir/C_/Works/STM32_Projects/rc_4wd_new/common/Drivers/STM32F1xx_HAL_Driver/Src/stm32f1xx_hal_tim_ex.c.obj
LOAD CMakeFiles/rc_4wd_new.dir/C_/Works/STM32_Projects/rc_4wd_new/common/Core/Src/stm32f1xx_hal_msp.c.obj
LOAD CMakeFiles/rc_4wd_new.dir/C_/Works/STM32_Projects/rc_4wd_new/common/Core/Src/stm32f1xx_it.c.obj
LOAD CMakeFiles/rc_4wd_new.dir/C_/Works/STM32_Projects/rc_4wd_new/common/Core/Src/syscalls.c.obj
LOAD CMakeFiles/rc_4wd_new.dir/C_/Works/STM32_Projects/rc_4wd_new/common/Core/Src/sysmem.c.obj
LOAD CMakeFiles/rc_4wd_new.dir/C_/Works/STM32_Projects/rc_4wd_new/common/Core/Src/system_stm32f1xx.c.obj
START GROUP
LOAD c:/sysgcc/arm-eabi/bin/../lib/gcc/arm-none-eabi/12.3.1/thumb/v7-m/nofp\libgcc.a
LOAD c:/sysgcc/arm-eabi/bin/../lib/gcc/arm-none-eabi/12.3.1/thumb/v7-m/nofp\libg.a
LOAD c:/sysgcc/arm-eabi/bin/../lib/gcc/arm-none-eabi/12.3.1/thumb/v7-m/nofp\libc.a
END GROUP
LOAD c:/sysgcc/arm-eabi/bin/../lib/gcc/arm-none-eabi/12.3.1/thumb/v7-m/nofp/crtend.o
LOAD c:/sysgcc/arm-eabi/bin/../lib/gcc/arm-none-eabi/12.3.1/thumb/v7-m/nofp/crtn.o
                0x20002000                        _estack = (ORIGIN (RAM) + LENGTH (RAM))
                0x00000200                        _Min_Heap_Size = 0x200
                0x00000400                        _Min_Stack_Size = 0x400

.isr_vector     0x08000000      0x1d0
                0x08000000                        . = ALIGN (0x4)
 *(.isr_vector)
 .isr_vector    0x08000000      0x1d0 CMakeFiles/rc_4wd_new.dir/C_/Works/STM32_Projects/rc_4wd_new/common/Startup/startup_stm32f100rbtx.s.obj
                0x08000000                g_pfnVectors
                0x080001d0                        . = ALIGN (0x4)

.text           0x080001d0      0xdac
                0x080001d0                        . = ALIGN (0x4)
 *(.text)
 *(.text*)
 .text.deregister_tm_clones
                0x080001d0       0x1c c:/sysgcc/arm-eabi/bin/../lib/gcc/arm-none-eabi/12.3.1/thumb/v7-m/nofp/crtbegin.o
 .text.register_tm_clones
                0x080001ec       0x24 c:/sysgcc/arm-eabi/bin/../lib/gcc/arm-none-eabi/12.3.1/thumb/v7-m/nofp/crtbegin.o
 .text.__do_global_dtors_aux
                0x08000210       0x28 c:/sysgcc/arm-eabi/bin/../lib/gcc/arm-none-eabi/12.3.1/thumb/v7-m/nofp/crtbegin.o
 .text.frame_dummy
                0x08000238       0x24 c:/sysgcc/arm-eabi/bin/../lib/gcc/arm-none-eabi/12.3.1/thumb/v7-m/nofp/crtbegin.o
 .text.Reset_Handler
                0x0800025c       0x48 CMakeFiles/rc_4wd_new.dir/C_/Works/STM32_Projects/rc_4wd_new/common/Startup/startup_stm32f100rbtx.s.obj
                0x0800025c                Reset_Handler
 .text.Default_Handler
                0x080002a4        0x2 CMakeFiles/rc_4wd_new.dir/C_/Works/STM32_Projects/rc_4wd_new/common/Startup/startup_stm32f100rbtx.s.obj
                0x080002a4                RTC_Alarm_IRQHandler
                0x080002a4                EXTI2_IRQHandler
                0x080002a4                TIM1_CC_IRQHandler
                0x080002a4                PVD_IRQHandler
                0x080002a4                EXTI3_IRQHandler
                0x080002a4                EXTI0_IRQHandler
                0x080002a4                TIM1_UP_TIM16_IRQHandler
                0x080002a4                SPI1_IRQHandler
                0x080002a4                TAMPER_IRQHandler
                0x080002a4                TIM6_DAC_IRQHandler
                0x080002a4                DMA1_Channel4_IRQHandler
                0x080002a4                ADC1_IRQHandler
                0x080002a4                USART3_IRQHandler
                0x080002a4                RTC_IRQHandler
                0x080002a4                DMA1_Channel7_IRQHandler
                0x080002a4                TIM4_IRQHandler
                0x080002a4                I2C1_EV_IRQHandler
                0x080002a4                DMA1_Channel6_IRQHandler
                0x080002a4                TIM3_IRQHandler
                0x080002a4                RCC_IRQHandler
                0x080002a4                DMA1_Channel1_IRQHandler
                0x080002a4                Default_Handler
                0x080002a4                CEC_IRQHandler
                0x080002a4                EXTI15_10_IRQHandler
                0x080002a4                TIM7_IRQHandler
                0x080002a4                EXTI9_5_IRQHandler
                0x080002a4                SPI2_IRQHandler
                0x080002a4                DMA1_Channel5_IRQHandler
                0x080002a4                EXTI4_IRQHandler
                0x080002a4                TIM1_TRG_COM_TIM17_IRQHandler
                0x080002a4                DMA1_Channel3_IRQHandler
                0x080002a4                WWDG_IRQHandler
                0x080002a4                TIM2_IRQHandler
                0x080002a4                EXTI1_IRQHandler
                0x080002a4                USART2_IRQHandler
                0x080002a4                DMA1_Channel2_IRQHandler
                0x080002a4                FLASH_IRQHandler
                0x080002a4                USART1_IRQHandler
                0x080002a4                I2C1_ER_IRQHandler
                0x080002a4                TIM1_BRK_TIM15_IRQHandler
 .text.main     0x080002a6        0xe CMakeFiles/rc_4wd_new.dir/C_/Works/STM32_Projects/rc_4wd_new/common/Core/Src/main.c.obj
                0x080002a6                main
 .text.SystemClock_Config
                0x080002b4       0x76 CMakeFiles/rc_4wd_new.dir/C_/Works/STM32_Projects/rc_4wd_new/common/Core/Src/main.c.obj
                0x080002b4                SystemClock_Config
 .text.Error_Handler
                0x0800032a        0xa CMakeFiles/rc_4wd_new.dir/C_/Works/STM32_Projects/rc_4wd_new/common/Core/Src/main.c.obj
                0x0800032a                Error_Handler
 .text.HAL_Init
                0x08000334       0x1a CMakeFiles/rc_4wd_new.dir/C_/Works/STM32_Projects/rc_4wd_new/common/Drivers/STM32F1xx_HAL_Driver/Src/stm32f1xx_hal.c.obj
                0x08000334                HAL_Init
 *fill*         0x0800034e        0x2 
 .text.HAL_InitTick
                0x08000350       0x60 CMakeFiles/rc_4wd_new.dir/C_/Works/STM32_Projects/rc_4wd_new/common/Drivers/STM32F1xx_HAL_Driver/Src/stm32f1xx_hal.c.obj
                0x08000350                HAL_InitTick
 .text.HAL_IncTick
                0x080003b0       0x24 CMakeFiles/rc_4wd_new.dir/C_/Works/STM32_Projects/rc_4wd_new/common/Drivers/STM32F1xx_HAL_Driver/Src/stm32f1xx_hal.c.obj
                0x080003b0                HAL_IncTick
 .text.HAL_GetTick
                0x080003d4       0x14 CMakeFiles/rc_4wd_new.dir/C_/Works/STM32_Projects/rc_4wd_new/common/Drivers/STM32F1xx_HAL_Driver/Src/stm32f1xx_hal.c.obj
                0x080003d4                HAL_GetTick
 .text.__NVIC_SetPriorityGrouping
                0x080003e8       0x48 CMakeFiles/rc_4wd_new.dir/C_/Works/STM32_Projects/rc_4wd_new/common/Drivers/STM32F1xx_HAL_Driver/Src/stm32f1xx_hal_cortex.c.obj
 .text.__NVIC_GetPriorityGrouping
                0x08000430       0x1c CMakeFiles/rc_4wd_new.dir/C_/Works/STM32_Projects/rc_4wd_new/common/Drivers/STM32F1xx_HAL_Driver/Src/stm32f1xx_hal_cortex.c.obj
 .text.__NVIC_SetPriority
                0x0800044c       0x54 CMakeFiles/rc_4wd_new.dir/C_/Works/STM32_Projects/rc_4wd_new/common/Drivers/STM32F1xx_HAL_Driver/Src/stm32f1xx_hal_cortex.c.obj
 .text.NVIC_EncodePriority
                0x080004a0       0x64 CMakeFiles/rc_4wd_new.dir/C_/Works/STM32_Projects/rc_4wd_new/common/Drivers/STM32F1xx_HAL_Driver/Src/stm32f1xx_hal_cortex.c.obj
 .text.SysTick_Config
                0x08000504       0x44 CMakeFiles/rc_4wd_new.dir/C_/Works/STM32_Projects/rc_4wd_new/common/Drivers/STM32F1xx_HAL_Driver/Src/stm32f1xx_hal_cortex.c.obj
 .text.HAL_NVIC_SetPriorityGrouping
                0x08000548       0x16 CMakeFiles/rc_4wd_new.dir/C_/Works/STM32_Projects/rc_4wd_new/common/Drivers/STM32F1xx_HAL_Driver/Src/stm32f1xx_hal_cortex.c.obj
                0x08000548                HAL_NVIC_SetPriorityGrouping
 .text.HAL_NVIC_SetPriority
                0x0800055e       0x38 CMakeFiles/rc_4wd_new.dir/C_/Works/STM32_Projects/rc_4wd_new/common/Drivers/STM32F1xx_HAL_Driver/Src/stm32f1xx_hal_cortex.c.obj
                0x0800055e                HAL_NVIC_SetPriority
 .text.HAL_SYSTICK_Config
                0x08000596       0x18 CMakeFiles/rc_4wd_new.dir/C_/Works/STM32_Projects/rc_4wd_new/common/Drivers/STM32F1xx_HAL_Driver/Src/stm32f1xx_hal_cortex.c.obj
                0x08000596                HAL_SYSTICK_Config
 *fill*         0x080005ae        0x2 
 .text.HAL_RCC_OscConfig
                0x080005b0      0x504 CMakeFiles/rc_4wd_new.dir/C_/Works/STM32_Projects/rc_4wd_new/common/Drivers/STM32F1xx_HAL_Driver/Src/stm32f1xx_hal_rcc.c.obj
                0x080005b0                HAL_RCC_OscConfig
 .text.HAL_RCC_ClockConfig
                0x08000ab4      0x170 CMakeFiles/rc_4wd_new.dir/C_/Works/STM32_Projects/rc_4wd_new/common/Drivers/STM32F1xx_HAL_Driver/Src/stm32f1xx_hal_rcc.c.obj
                0x08000ab4                HAL_RCC_ClockConfig
 .text.HAL_RCC_GetSysClockFreq
                0x08000c24       0xa4 CMakeFiles/rc_4wd_new.dir/C_/Works/STM32_Projects/rc_4wd_new/common/Drivers/STM32F1xx_HAL_Driver/Src/stm32f1xx_hal_rcc.c.obj
                0x08000c24                HAL_RCC_GetSysClockFreq
 .text.RCC_Delay
                0x08000cc8       0x3c CMakeFiles/rc_4wd_new.dir/C_/Works/STM32_Projects/rc_4wd_new/common/Drivers/STM32F1xx_HAL_Driver/Src/stm32f1xx_hal_rcc.c.obj
 .text.HAL_MspInit
                0x08000d04       0x44 CMakeFiles/rc_4wd_new.dir/C_/Works/STM32_Projects/rc_4wd_new/common/Core/Src/stm32f1xx_hal_msp.c.obj
                0x08000d04                HAL_MspInit
 .text.NMI_Handler
                0x08000d48        0x6 CMakeFiles/rc_4wd_new.dir/C_/Works/STM32_Projects/rc_4wd_new/common/Core/Src/stm32f1xx_it.c.obj
                0x08000d48                NMI_Handler
 .text.HardFault_Handler
                0x08000d4e        0x6 CMakeFiles/rc_4wd_new.dir/C_/Works/STM32_Projects/rc_4wd_new/common/Core/Src/stm32f1xx_it.c.obj
                0x08000d4e                HardFault_Handler
 .text.MemManage_Handler
                0x08000d54        0x6 CMakeFiles/rc_4wd_new.dir/C_/Works/STM32_Projects/rc_4wd_new/common/Core/Src/stm32f1xx_it.c.obj
                0x08000d54                MemManage_Handler
 .text.BusFault_Handler
                0x08000d5a        0x6 CMakeFiles/rc_4wd_new.dir/C_/Works/STM32_Projects/rc_4wd_new/common/Core/Src/stm32f1xx_it.c.obj
                0x08000d5a                BusFault_Handler
 .text.UsageFault_Handler
                0x08000d60        0x6 CMakeFiles/rc_4wd_new.dir/C_/Works/STM32_Projects/rc_4wd_new/common/Core/Src/stm32f1xx_it.c.obj
                0x08000d60                UsageFault_Handler
 .text.SVC_Handler
                0x08000d66        0xc CMakeFiles/rc_4wd_new.dir/C_/Works/STM32_Projects/rc_4wd_new/common/Core/Src/stm32f1xx_it.c.obj
                0x08000d66                SVC_Handler
 .text.DebugMon_Handler
                0x08000d72        0xc CMakeFiles/rc_4wd_new.dir/C_/Works/STM32_Projects/rc_4wd_new/common/Core/Src/stm32f1xx_it.c.obj
                0x08000d72                DebugMon_Handler
 .text.PendSV_Handler
                0x08000d7e        0xc CMakeFiles/rc_4wd_new.dir/C_/Works/STM32_Projects/rc_4wd_new/common/Core/Src/stm32f1xx_it.c.obj
                0x08000d7e                PendSV_Handler
 .text.SysTick_Handler
                0x08000d8a        0xc CMakeFiles/rc_4wd_new.dir/C_/Works/STM32_Projects/rc_4wd_new/common/Core/Src/stm32f1xx_it.c.obj
                0x08000d8a                SysTick_Handler
 .text.SystemInit
                0x08000d96        0xc CMakeFiles/rc_4wd_new.dir/C_/Works/STM32_Projects/rc_4wd_new/common/Core/Src/system_stm32f1xx.c.obj
                0x08000d96                SystemInit
 *fill*         0x08000da2        0x2 
 .text.memset   0x08000da4       0xa0 c:/sysgcc/arm-eabi/bin/../lib/gcc/arm-none-eabi/12.3.1/thumb/v7-m/nofp\libg.a(libc_a-memset.o)
                0x08000da4                memset
 .text.__libc_init_array
                0x08000e44       0x50 c:/sysgcc/arm-eabi/bin/../lib/gcc/arm-none-eabi/12.3.1/thumb/v7-m/nofp\libg.a(libc_a-init.o)
                0x08000e44                __libc_init_array
 .text.__retarget_lock_acquire_recursive
                0x08000e94        0x4 c:/sysgcc/arm-eabi/bin/../lib/gcc/arm-none-eabi/12.3.1/thumb/v7-m/nofp\libg.a(libc_a-lock.o)
                0x08000e94                __retarget_lock_acquire_recursive
 .text.__retarget_lock_release_recursive
                0x08000e98        0x4 c:/sysgcc/arm-eabi/bin/../lib/gcc/arm-none-eabi/12.3.1/thumb/v7-m/nofp\libg.a(libc_a-lock.o)
                0x08000e98                __retarget_lock_release_recursive
 .text.startup.register_fini
                0x08000e9c       0x14 c:/sysgcc/arm-eabi/bin/../lib/gcc/arm-none-eabi/12.3.1/thumb/v7-m/nofp\libg.a(libc_a-__call_atexit.o)
 .text.atexit   0x08000eb0        0xc c:/sysgcc/arm-eabi/bin/../lib/gcc/arm-none-eabi/12.3.1/thumb/v7-m/nofp\libg.a(libc_a-atexit.o)
                0x08000eb0                atexit
 .text.__libc_fini_array
                0x08000ebc       0x28 c:/sysgcc/arm-eabi/bin/../lib/gcc/arm-none-eabi/12.3.1/thumb/v7-m/nofp\libg.a(libc_a-fini.o)
                0x08000ebc                __libc_fini_array
 .text.__register_exitproc
                0x08000ee4       0x80 c:/sysgcc/arm-eabi/bin/../lib/gcc/arm-none-eabi/12.3.1/thumb/v7-m/nofp\libg.a(libc_a-__atexit.o)
                0x08000ee4                __register_exitproc
 *(.glue_7)
 .glue_7        0x08000f64        0x0 linker stubs
 *(.glue_7t)
 .glue_7t       0x08000f64        0x0 linker stubs
 *(.eh_frame)
 .eh_frame      0x08000f64        0x0 c:/sysgcc/arm-eabi/bin/../lib/gcc/arm-none-eabi/12.3.1/thumb/v7-m/nofp/crtbegin.o
 *(.init)
 .init          0x08000f64        0x4 c:/sysgcc/arm-eabi/bin/../lib/gcc/arm-none-eabi/12.3.1/thumb/v7-m/nofp/crti.o
                0x08000f64                _init
 .init          0x08000f68        0x8 c:/sysgcc/arm-eabi/bin/../lib/gcc/arm-none-eabi/12.3.1/thumb/v7-m/nofp/crtn.o
 *(.fini)
 .fini          0x08000f70        0x4 c:/sysgcc/arm-eabi/bin/../lib/gcc/arm-none-eabi/12.3.1/thumb/v7-m/nofp/crti.o
                0x08000f70                _fini
 .fini          0x08000f74        0x8 c:/sysgcc/arm-eabi/bin/../lib/gcc/arm-none-eabi/12.3.1/thumb/v7-m/nofp/crtn.o
                0x08000f7c                        . = ALIGN (0x4)
                0x08000f7c                        _etext = .

.vfp11_veneer   0x08000f7c        0x0
 .vfp11_veneer  0x08000f7c        0x0 linker stubs

.v4_bx          0x08000f7c        0x0
 .v4_bx         0x08000f7c        0x0 linker stubs

.iplt           0x08000f7c        0x0
 .iplt          0x08000f7c        0x0 c:/sysgcc/arm-eabi/bin/../lib/gcc/arm-none-eabi/12.3.1/thumb/v7-m/nofp/crtbegin.o

.rodata         0x08000f7c       0x30
                0x08000f7c                        . = ALIGN (0x4)
 *(.rodata)
 *(.rodata*)
 .rodata.aPLLMULFactorTable.1
                0x08000f7c       0x10 CMakeFiles/rc_4wd_new.dir/C_/Works/STM32_Projects/rc_4wd_new/common/Drivers/STM32F1xx_HAL_Driver/Src/stm32f1xx_hal_rcc.c.obj
 .rodata.aPredivFactorTable.0
                0x08000f8c       0x10 CMakeFiles/rc_4wd_new.dir/C_/Works/STM32_Projects/rc_4wd_new/common/Drivers/STM32F1xx_HAL_Driver/Src/stm32f1xx_hal_rcc.c.obj
 .rodata.AHBPrescTable
                0x08000f9c       0x10 CMakeFiles/rc_4wd_new.dir/C_/Works/STM32_Projects/rc_4wd_new/common/Core/Src/system_stm32f1xx.c.obj
                0x08000f9c                AHBPrescTable
                0x08000fac                        . = ALIGN (0x4)

.rel.dyn        0x08000fac        0x0
 .rel.iplt      0x08000fac        0x0 c:/sysgcc/arm-eabi/bin/../lib/gcc/arm-none-eabi/12.3.1/thumb/v7-m/nofp/crtbegin.o

.ARM.extab      0x08000fac        0x0
                0x08000fac                        . = ALIGN (0x4)
 *(.ARM.extab* .gnu.linkonce.armextab.*)
                0x08000fac                        . = ALIGN (0x4)

.ARM            0x08000fac        0x0
                0x08000fac                        . = ALIGN (0x4)
                0x08000fac                        __exidx_start = .
 *(.ARM.exidx*)
                0x08000fac                        __exidx_end = .
                0x08000fac                        . = ALIGN (0x4)

.preinit_array  0x08000fac        0x0
                0x08000fac                        . = ALIGN (0x4)
                0x08000fac                        PROVIDE (__preinit_array_start = .)
 *(.preinit_array*)
                0x08000fac                        PROVIDE (__preinit_array_end = .)
                0x08000fac                        . = ALIGN (0x4)

.init_array     0x08000fac        0x8
                0x08000fac                        . = ALIGN (0x4)
                0x08000fac                        PROVIDE (__init_array_start = .)
 *(SORT_BY_NAME(.init_array.*))
 .init_array.00000
                0x08000fac        0x4 c:/sysgcc/arm-eabi/bin/../lib/gcc/arm-none-eabi/12.3.1/thumb/v7-m/nofp\libg.a(libc_a-__call_atexit.o)
 *(.init_array*)
 .init_array    0x08000fb0        0x4 c:/sysgcc/arm-eabi/bin/../lib/gcc/arm-none-eabi/12.3.1/thumb/v7-m/nofp/crtbegin.o
                0x08000fb4                        PROVIDE (__init_array_end = .)
                0x08000fb4                        . = ALIGN (0x4)

.fini_array     0x08000fb4        0x4
                0x08000fb4                        . = ALIGN (0x4)
                0x08000fb4                        PROVIDE (__fini_array_start = .)
 *(SORT_BY_NAME(.fini_array.*))
 *(.fini_array*)
 .fini_array    0x08000fb4        0x4 c:/sysgcc/arm-eabi/bin/../lib/gcc/arm-none-eabi/12.3.1/thumb/v7-m/nofp/crtbegin.o
                0x08000fb8                        PROVIDE (__fini_array_end = .)
                0x08000fb8                        . = ALIGN (0x4)
                0x08000fb8                        _sidata = LOADADDR (.data)

.data           0x20000000       0x10 load address 0x08000fb8
                0x20000000                        . = ALIGN (0x4)
                0x20000000                        _sdata = .
 *(.data)
 *(.data*)
 .data.uwTickPrio
                0x20000000        0x4 CMakeFiles/rc_4wd_new.dir/C_/Works/STM32_Projects/rc_4wd_new/common/Drivers/STM32F1xx_HAL_Driver/Src/stm32f1xx_hal.c.obj
                0x20000000                uwTickPrio
 .data.uwTickFreq
                0x20000004        0x1 CMakeFiles/rc_4wd_new.dir/C_/Works/STM32_Projects/rc_4wd_new/common/Drivers/STM32F1xx_HAL_Driver/Src/stm32f1xx_hal.c.obj
                0x20000004                uwTickFreq
 *fill*         0x20000005        0x3 
 .data.SystemCoreClock
                0x20000008        0x4 CMakeFiles/rc_4wd_new.dir/C_/Works/STM32_Projects/rc_4wd_new/common/Core/Src/system_stm32f1xx.c.obj
                0x20000008                SystemCoreClock
 .data.__atexit_recursive_mutex
                0x2000000c        0x4 c:/sysgcc/arm-eabi/bin/../lib/gcc/arm-none-eabi/12.3.1/thumb/v7-m/nofp\libg.a(libc_a-__call_atexit.o)
                0x2000000c                __atexit_recursive_mutex
 *(.RamFunc)
 *(.RamFunc*)
                0x20000010                        . = ALIGN (0x4)
                0x20000010                        _edata = .

.tm_clone_table
                0x20000010        0x0 load address 0x08000fc8
 .tm_clone_table
                0x20000010        0x0 c:/sysgcc/arm-eabi/bin/../lib/gcc/arm-none-eabi/12.3.1/thumb/v7-m/nofp/crtbegin.o
 .tm_clone_table
                0x20000010        0x0 c:/sysgcc/arm-eabi/bin/../lib/gcc/arm-none-eabi/12.3.1/thumb/v7-m/nofp/crtend.o

.igot.plt       0x20000010        0x0 load address 0x08000fc8
 .igot.plt      0x20000010        0x0 c:/sysgcc/arm-eabi/bin/../lib/gcc/arm-none-eabi/12.3.1/thumb/v7-m/nofp/crtbegin.o
                0x20000010                        . = ALIGN (0x4)

.bss            0x20000010      0x1b8 load address 0x08000fc8
                0x20000010                        _sbss = .
                0x20000010                        __bss_start__ = _sbss
 *(.bss)
 *(.bss*)
 .bss.completed.1
                0x20000010        0x1 c:/sysgcc/arm-eabi/bin/../lib/gcc/arm-none-eabi/12.3.1/thumb/v7-m/nofp/crtbegin.o
 *fill*         0x20000011        0x3 
 .bss.object.0  0x20000014       0x18 c:/sysgcc/arm-eabi/bin/../lib/gcc/arm-none-eabi/12.3.1/thumb/v7-m/nofp/crtbegin.o
 .bss.uwTick    0x2000002c        0x4 CMakeFiles/rc_4wd_new.dir/C_/Works/STM32_Projects/rc_4wd_new/common/Drivers/STM32F1xx_HAL_Driver/Src/stm32f1xx_hal.c.obj
                0x2000002c                uwTick
 .bss.__lock___atexit_recursive_mutex
                0x20000030        0x1 c:/sysgcc/arm-eabi/bin/../lib/gcc/arm-none-eabi/12.3.1/thumb/v7-m/nofp\libg.a(libc_a-lock.o)
                0x20000030                __lock___atexit_recursive_mutex
 *fill*         0x20000031        0x3 
 .bss.__atexit  0x20000034        0x4 c:/sysgcc/arm-eabi/bin/../lib/gcc/arm-none-eabi/12.3.1/thumb/v7-m/nofp\libg.a(libc_a-__call_atexit.o)
                0x20000034                __atexit
 .bss.__atexit0
                0x20000038      0x190 c:/sysgcc/arm-eabi/bin/../lib/gcc/arm-none-eabi/12.3.1/thumb/v7-m/nofp\libg.a(libc_a-__atexit.o)
                0x20000038                __atexit0
 *(COMMON)
                0x200001c8                        . = ALIGN (0x4)
                0x200001c8                        _ebss = .
                0x200001c8                        __bss_end__ = _ebss

._user_heap_stack
                0x200001c8      0x600 load address 0x08000fc8
                0x200001c8                        . = ALIGN (0x8)
                [!provide]                        PROVIDE (end = .)
                0x200001c8                        PROVIDE (_end = .)
                0x200003c8                        . = (. + _Min_Heap_Size)
 *fill*         0x200001c8      0x200 
                0x200007c8                        . = (. + _Min_Stack_Size)
 *fill*         0x200003c8      0x400 
                0x200007c8                        . = ALIGN (0x8)

/DISCARD/
 libc.a(*)
 libm.a(*)
 libgcc.a(*)

.ARM.attributes
                0x00000000       0x29
 *(.ARM.attributes)
 .ARM.attributes
                0x00000000       0x1d c:/sysgcc/arm-eabi/bin/../lib/gcc/arm-none-eabi/12.3.1/thumb/v7-m/nofp/crti.o
 .ARM.attributes
                0x0000001d       0x2d c:/sysgcc/arm-eabi/bin/../lib/gcc/arm-none-eabi/12.3.1/thumb/v7-m/nofp/crtbegin.o
 .ARM.attributes
                0x0000004a       0x21 CMakeFiles/rc_4wd_new.dir/C_/Works/STM32_Projects/rc_4wd_new/common/Startup/startup_stm32f100rbtx.s.obj
 .ARM.attributes
                0x0000006b       0x2d CMakeFiles/rc_4wd_new.dir/C_/Works/STM32_Projects/rc_4wd_new/common/Core/Src/main.c.obj
 .ARM.attributes
                0x00000098       0x2d CMakeFiles/rc_4wd_new.dir/C_/Works/STM32_Projects/rc_4wd_new/common/Drivers/STM32F1xx_HAL_Driver/Src/stm32f1xx_hal.c.obj
 .ARM.attributes
                0x000000c5       0x2d CMakeFiles/rc_4wd_new.dir/C_/Works/STM32_Projects/rc_4wd_new/common/Drivers/STM32F1xx_HAL_Driver/Src/stm32f1xx_hal_cortex.c.obj
 .ARM.attributes
                0x000000f2       0x2d CMakeFiles/rc_4wd_new.dir/C_/Works/STM32_Projects/rc_4wd_new/common/Drivers/STM32F1xx_HAL_Driver/Src/stm32f1xx_hal_rcc.c.obj
 .ARM.attributes
                0x0000011f       0x2d CMakeFiles/rc_4wd_new.dir/C_/Works/STM32_Projects/rc_4wd_new/common/Core/Src/stm32f1xx_hal_msp.c.obj
 .ARM.attributes
                0x0000014c       0x2d CMakeFiles/rc_4wd_new.dir/C_/Works/STM32_Projects/rc_4wd_new/common/Core/Src/stm32f1xx_it.c.obj
 .ARM.attributes
                0x00000179       0x2d CMakeFiles/rc_4wd_new.dir/C_/Works/STM32_Projects/rc_4wd_new/common/Core/Src/system_stm32f1xx.c.obj
 .ARM.attributes
                0x000001a6       0x2d c:/sysgcc/arm-eabi/bin/../lib/gcc/arm-none-eabi/12.3.1/thumb/v7-m/nofp\libg.a(libc_a-memset.o)
 .ARM.attributes
                0x000001d3       0x2d c:/sysgcc/arm-eabi/bin/../lib/gcc/arm-none-eabi/12.3.1/thumb/v7-m/nofp\libg.a(libc_a-init.o)
 .ARM.attributes
                0x00000200       0x2d c:/sysgcc/arm-eabi/bin/../lib/gcc/arm-none-eabi/12.3.1/thumb/v7-m/nofp\libg.a(libc_a-lock.o)
 .ARM.attributes
                0x0000022d       0x2d c:/sysgcc/arm-eabi/bin/../lib/gcc/arm-none-eabi/12.3.1/thumb/v7-m/nofp\libg.a(libc_a-__call_atexit.o)
 .ARM.attributes
                0x0000025a       0x2d c:/sysgcc/arm-eabi/bin/../lib/gcc/arm-none-eabi/12.3.1/thumb/v7-m/nofp\libg.a(libc_a-atexit.o)
 .ARM.attributes
                0x00000287       0x2d c:/sysgcc/arm-eabi/bin/../lib/gcc/arm-none-eabi/12.3.1/thumb/v7-m/nofp\libg.a(libc_a-fini.o)
 .ARM.attributes
                0x000002b4       0x2d c:/sysgcc/arm-eabi/bin/../lib/gcc/arm-none-eabi/12.3.1/thumb/v7-m/nofp\libg.a(libc_a-__atexit.o)
 .ARM.attributes
                0x000002e1       0x2d c:/sysgcc/arm-eabi/bin/../lib/gcc/arm-none-eabi/12.3.1/thumb/v7-m/nofp/crtend.o
 .ARM.attributes
                0x0000030e       0x1d c:/sysgcc/arm-eabi/bin/../lib/gcc/arm-none-eabi/12.3.1/thumb/v7-m/nofp/crtn.o
OUTPUT(rc_4wd_new elf32-littlearm)
LOAD linker stubs
LOAD c:/sysgcc/arm-eabi/bin/../lib/gcc/arm-none-eabi/12.3.1/thumb/v7-m/nofp\libc.a
LOAD c:/sysgcc/arm-eabi/bin/../lib/gcc/arm-none-eabi/12.3.1/thumb/v7-m/nofp\libm.a
LOAD c:/sysgcc/arm-eabi/bin/../lib/gcc/arm-none-eabi/12.3.1/thumb/v7-m/nofp\libgcc.a

.debug_line     0x00000000     0x3308
 .debug_line    0x00000000       0x78 CMakeFiles/rc_4wd_new.dir/C_/Works/STM32_Projects/rc_4wd_new/common/Startup/startup_stm32f100rbtx.s.obj
 .debug_line    0x00000078      0x566 CMakeFiles/rc_4wd_new.dir/C_/Works/STM32_Projects/rc_4wd_new/common/Core/Src/main.c.obj
 .debug_line    0x000005de      0x7b1 CMakeFiles/rc_4wd_new.dir/C_/Works/STM32_Projects/rc_4wd_new/common/Drivers/STM32F1xx_HAL_Driver/Src/stm32f1xx_hal.c.obj
 .debug_line    0x00000d8f      0x99e CMakeFiles/rc_4wd_new.dir/C_/Works/STM32_Projects/rc_4wd_new/common/Drivers/STM32F1xx_HAL_Driver/Src/stm32f1xx_hal_cortex.c.obj
 .debug_line    0x0000172d      0xb92 CMakeFiles/rc_4wd_new.dir/C_/Works/STM32_Projects/rc_4wd_new/common/Drivers/STM32F1xx_HAL_Driver/Src/stm32f1xx_hal_rcc.c.obj
 .debug_line    0x000022bf      0x506 CMakeFiles/rc_4wd_new.dir/C_/Works/STM32_Projects/rc_4wd_new/common/Core/Src/stm32f1xx_hal_msp.c.obj
 .debug_line    0x000027c5      0x5c9 CMakeFiles/rc_4wd_new.dir/C_/Works/STM32_Projects/rc_4wd_new/common/Core/Src/stm32f1xx_it.c.obj
 .debug_line    0x00002d8e      0x57a CMakeFiles/rc_4wd_new.dir/C_/Works/STM32_Projects/rc_4wd_new/common/Core/Src/system_stm32f1xx.c.obj

.debug_line_str
                0x00000000       0x8c
 .debug_line_str
                0x00000000       0x8c CMakeFiles/rc_4wd_new.dir/C_/Works/STM32_Projects/rc_4wd_new/common/Startup/startup_stm32f100rbtx.s.obj

.debug_info     0x00000000     0x1fb1
 .debug_info    0x00000000       0x30 CMakeFiles/rc_4wd_new.dir/C_/Works/STM32_Projects/rc_4wd_new/common/Startup/startup_stm32f100rbtx.s.obj
 .debug_info    0x00000030      0x27b CMakeFiles/rc_4wd_new.dir/C_/Works/STM32_Projects/rc_4wd_new/common/Core/Src/main.c.obj
 .debug_info    0x000002ab      0x676 CMakeFiles/rc_4wd_new.dir/C_/Works/STM32_Projects/rc_4wd_new/common/Drivers/STM32F1xx_HAL_Driver/Src/stm32f1xx_hal.c.obj
 .debug_info    0x00000921      0xa74 CMakeFiles/rc_4wd_new.dir/C_/Works/STM32_Projects/rc_4wd_new/common/Drivers/STM32F1xx_HAL_Driver/Src/stm32f1xx_hal_cortex.c.obj
 .debug_info    0x00001395      0x75e CMakeFiles/rc_4wd_new.dir/C_/Works/STM32_Projects/rc_4wd_new/common/Drivers/STM32F1xx_HAL_Driver/Src/stm32f1xx_hal_rcc.c.obj
 .debug_info    0x00001af3      0x183 CMakeFiles/rc_4wd_new.dir/C_/Works/STM32_Projects/rc_4wd_new/common/Core/Src/stm32f1xx_hal_msp.c.obj
 .debug_info    0x00001c76      0x10c CMakeFiles/rc_4wd_new.dir/C_/Works/STM32_Projects/rc_4wd_new/common/Core/Src/stm32f1xx_it.c.obj
 .debug_info    0x00001d82      0x22f CMakeFiles/rc_4wd_new.dir/C_/Works/STM32_Projects/rc_4wd_new/common/Core/Src/system_stm32f1xx.c.obj

.debug_abbrev   0x00000000      0xbb0
 .debug_abbrev  0x00000000       0x24 CMakeFiles/rc_4wd_new.dir/C_/Works/STM32_Projects/rc_4wd_new/common/Startup/startup_stm32f100rbtx.s.obj
 .debug_abbrev  0x00000024      0x15e CMakeFiles/rc_4wd_new.dir/C_/Works/STM32_Projects/rc_4wd_new/common/Core/Src/main.c.obj
 .debug_abbrev  0x00000182      0x233 CMakeFiles/rc_4wd_new.dir/C_/Works/STM32_Projects/rc_4wd_new/common/Drivers/STM32F1xx_HAL_Driver/Src/stm32f1xx_hal.c.obj
 .debug_abbrev  0x000003b5      0x2f8 CMakeFiles/rc_4wd_new.dir/C_/Works/STM32_Projects/rc_4wd_new/common/Drivers/STM32F1xx_HAL_Driver/Src/stm32f1xx_hal_cortex.c.obj
 .debug_abbrev  0x000006ad      0x2b2 CMakeFiles/rc_4wd_new.dir/C_/Works/STM32_Projects/rc_4wd_new/common/Drivers/STM32F1xx_HAL_Driver/Src/stm32f1xx_hal_rcc.c.obj
 .debug_abbrev  0x0000095f       0xc5 CMakeFiles/rc_4wd_new.dir/C_/Works/STM32_Projects/rc_4wd_new/common/Core/Src/stm32f1xx_hal_msp.c.obj
 .debug_abbrev  0x00000a24       0x73 CMakeFiles/rc_4wd_new.dir/C_/Works/STM32_Projects/rc_4wd_new/common/Core/Src/stm32f1xx_it.c.obj
 .debug_abbrev  0x00000a97      0x119 CMakeFiles/rc_4wd_new.dir/C_/Works/STM32_Projects/rc_4wd_new/common/Core/Src/system_stm32f1xx.c.obj

.debug_aranges  0x00000000      0x370
 .debug_aranges
                0x00000000       0x28 CMakeFiles/rc_4wd_new.dir/C_/Works/STM32_Projects/rc_4wd_new/common/Startup/startup_stm32f100rbtx.s.obj
 .debug_aranges
                0x00000028       0x30 CMakeFiles/rc_4wd_new.dir/C_/Works/STM32_Projects/rc_4wd_new/common/Core/Src/main.c.obj
 .debug_aranges
                0x00000058       0xe0 CMakeFiles/rc_4wd_new.dir/C_/Works/STM32_Projects/rc_4wd_new/common/Drivers/STM32F1xx_HAL_Driver/Src/stm32f1xx_hal.c.obj
 .debug_aranges
                0x00000138      0x100 CMakeFiles/rc_4wd_new.dir/C_/Works/STM32_Projects/rc_4wd_new/common/Drivers/STM32F1xx_HAL_Driver/Src/stm32f1xx_hal_cortex.c.obj
 .debug_aranges
                0x00000238       0x90 CMakeFiles/rc_4wd_new.dir/C_/Works/STM32_Projects/rc_4wd_new/common/Drivers/STM32F1xx_HAL_Driver/Src/stm32f1xx_hal_rcc.c.obj
 .debug_aranges
                0x000002c8       0x20 CMakeFiles/rc_4wd_new.dir/C_/Works/STM32_Projects/rc_4wd_new/common/Core/Src/stm32f1xx_hal_msp.c.obj
 .debug_aranges
                0x000002e8       0x60 CMakeFiles/rc_4wd_new.dir/C_/Works/STM32_Projects/rc_4wd_new/common/Core/Src/stm32f1xx_it.c.obj
 .debug_aranges
                0x00000348       0x28 CMakeFiles/rc_4wd_new.dir/C_/Works/STM32_Projects/rc_4wd_new/common/Core/Src/system_stm32f1xx.c.obj

.debug_str      0x00000000    0x5adb0
 .debug_str     0x00000000       0xa8 CMakeFiles/rc_4wd_new.dir/C_/Works/STM32_Projects/rc_4wd_new/common/Startup/startup_stm32f100rbtx.s.obj
 .debug_str     0x000000a8    0x59f22 CMakeFiles/rc_4wd_new.dir/C_/Works/STM32_Projects/rc_4wd_new/common/Core/Src/main.c.obj
                              0x5a2a6 (size before relaxing)
 .debug_str     0x00059fca      0x689 CMakeFiles/rc_4wd_new.dir/C_/Works/STM32_Projects/rc_4wd_new/common/Drivers/STM32F1xx_HAL_Driver/Src/stm32f1xx_hal.c.obj
                              0x5a8aa (size before relaxing)
 .debug_str     0x0005a653      0x2ec CMakeFiles/rc_4wd_new.dir/C_/Works/STM32_Projects/rc_4wd_new/common/Drivers/STM32F1xx_HAL_Driver/Src/stm32f1xx_hal_cortex.c.obj
                              0x5a80f (size before relaxing)
 .debug_str     0x0005a93f      0x2bf CMakeFiles/rc_4wd_new.dir/C_/Works/STM32_Projects/rc_4wd_new/common/Drivers/STM32F1xx_HAL_Driver/Src/stm32f1xx_hal_rcc.c.obj
                              0x5a5c9 (size before relaxing)
 .debug_str     0x0005abfe       0x47 CMakeFiles/rc_4wd_new.dir/C_/Works/STM32_Projects/rc_4wd_new/common/Core/Src/stm32f1xx_hal_msp.c.obj
                              0x5a16a (size before relaxing)
 .debug_str     0x0005ac45       0xe4 CMakeFiles/rc_4wd_new.dir/C_/Works/STM32_Projects/rc_4wd_new/common/Core/Src/stm32f1xx_it.c.obj
                              0x5a19d (size before relaxing)
 .debug_str     0x0005ad29       0x87 CMakeFiles/rc_4wd_new.dir/C_/Works/STM32_Projects/rc_4wd_new/common/Core/Src/system_stm32f1xx.c.obj
                              0x5a1cb (size before relaxing)

.debug_rnglists
                0x00000000      0x272
 .debug_rnglists
                0x00000000       0x19 CMakeFiles/rc_4wd_new.dir/C_/Works/STM32_Projects/rc_4wd_new/common/Startup/startup_stm32f100rbtx.s.obj
 .debug_rnglists
                0x00000019       0x1f CMakeFiles/rc_4wd_new.dir/C_/Works/STM32_Projects/rc_4wd_new/common/Core/Src/main.c.obj
 .debug_rnglists
                0x00000038       0xa3 CMakeFiles/rc_4wd_new.dir/C_/Works/STM32_Projects/rc_4wd_new/common/Drivers/STM32F1xx_HAL_Driver/Src/stm32f1xx_hal.c.obj
 .debug_rnglists
                0x000000db       0xbb CMakeFiles/rc_4wd_new.dir/C_/Works/STM32_Projects/rc_4wd_new/common/Drivers/STM32F1xx_HAL_Driver/Src/stm32f1xx_hal_cortex.c.obj
 .debug_rnglists
                0x00000196       0x6c CMakeFiles/rc_4wd_new.dir/C_/Works/STM32_Projects/rc_4wd_new/common/Drivers/STM32F1xx_HAL_Driver/Src/stm32f1xx_hal_rcc.c.obj
 .debug_rnglists
                0x00000202       0x13 CMakeFiles/rc_4wd_new.dir/C_/Works/STM32_Projects/rc_4wd_new/common/Core/Src/stm32f1xx_hal_msp.c.obj
 .debug_rnglists
                0x00000215       0x43 CMakeFiles/rc_4wd_new.dir/C_/Works/STM32_Projects/rc_4wd_new/common/Core/Src/stm32f1xx_it.c.obj
 .debug_rnglists
                0x00000258       0x1a CMakeFiles/rc_4wd_new.dir/C_/Works/STM32_Projects/rc_4wd_new/common/Core/Src/system_stm32f1xx.c.obj

.debug_macro    0x00000000     0xe279
 .debug_macro   0x00000000      0x18d CMakeFiles/rc_4wd_new.dir/C_/Works/STM32_Projects/rc_4wd_new/common/Core/Src/main.c.obj
 .debug_macro   0x0000018d      0x209 CMakeFiles/rc_4wd_new.dir/C_/Works/STM32_Projects/rc_4wd_new/common/Core/Src/main.c.obj
 .debug_macro   0x00000396       0x2e CMakeFiles/rc_4wd_new.dir/C_/Works/STM32_Projects/rc_4wd_new/common/Core/Src/main.c.obj
 .debug_macro   0x000003c4       0x22 CMakeFiles/rc_4wd_new.dir/C_/Works/STM32_Projects/rc_4wd_new/common/Core/Src/main.c.obj
 .debug_macro   0x000003e6       0x22 CMakeFiles/rc_4wd_new.dir/C_/Works/STM32_Projects/rc_4wd_new/common/Core/Src/main.c.obj
 .debug_macro   0x00000408       0x56 CMakeFiles/rc_4wd_new.dir/C_/Works/STM32_Projects/rc_4wd_new/common/Core/Src/main.c.obj
 .debug_macro   0x0000045e       0x51 CMakeFiles/rc_4wd_new.dir/C_/Works/STM32_Projects/rc_4wd_new/common/Core/Src/main.c.obj
 .debug_macro   0x000004af      0x103 CMakeFiles/rc_4wd_new.dir/C_/Works/STM32_Projects/rc_4wd_new/common/Core/Src/main.c.obj
 .debug_macro   0x000005b2       0x6a CMakeFiles/rc_4wd_new.dir/C_/Works/STM32_Projects/rc_4wd_new/common/Core/Src/main.c.obj
 .debug_macro   0x0000061c      0x1df CMakeFiles/rc_4wd_new.dir/C_/Works/STM32_Projects/rc_4wd_new/common/Core/Src/main.c.obj
 .debug_macro   0x000007fb       0x1c CMakeFiles/rc_4wd_new.dir/C_/Works/STM32_Projects/rc_4wd_new/common/Core/Src/main.c.obj
 .debug_macro   0x00000817       0x22 CMakeFiles/rc_4wd_new.dir/C_/Works/STM32_Projects/rc_4wd_new/common/Core/Src/main.c.obj
 .debug_macro   0x00000839       0xbd CMakeFiles/rc_4wd_new.dir/C_/Works/STM32_Projects/rc_4wd_new/common/Core/Src/main.c.obj
 .debug_macro   0x000008f6      0xd23 CMakeFiles/rc_4wd_new.dir/C_/Works/STM32_Projects/rc_4wd_new/common/Core/Src/main.c.obj
 .debug_macro   0x00001619     0x75c9 CMakeFiles/rc_4wd_new.dir/C_/Works/STM32_Projects/rc_4wd_new/common/Core/Src/main.c.obj
 .debug_macro   0x00008be2       0x6d CMakeFiles/rc_4wd_new.dir/C_/Works/STM32_Projects/rc_4wd_new/common/Core/Src/main.c.obj
 .debug_macro   0x00008c4f     0x348d CMakeFiles/rc_4wd_new.dir/C_/Works/STM32_Projects/rc_4wd_new/common/Core/Src/main.c.obj
 .debug_macro   0x0000c0dc      0x182 CMakeFiles/rc_4wd_new.dir/C_/Works/STM32_Projects/rc_4wd_new/common/Core/Src/main.c.obj
 .debug_macro   0x0000c25e       0x5c CMakeFiles/rc_4wd_new.dir/C_/Works/STM32_Projects/rc_4wd_new/common/Core/Src/main.c.obj
 .debug_macro   0x0000c2ba      0x5bc CMakeFiles/rc_4wd_new.dir/C_/Works/STM32_Projects/rc_4wd_new/common/Core/Src/main.c.obj
 .debug_macro   0x0000c876      0x369 CMakeFiles/rc_4wd_new.dir/C_/Works/STM32_Projects/rc_4wd_new/common/Core/Src/main.c.obj
 .debug_macro   0x0000cbdf      0x1cb CMakeFiles/rc_4wd_new.dir/C_/Works/STM32_Projects/rc_4wd_new/common/Core/Src/main.c.obj
 .debug_macro   0x0000cdaa      0x114 CMakeFiles/rc_4wd_new.dir/C_/Works/STM32_Projects/rc_4wd_new/common/Core/Src/main.c.obj
 .debug_macro   0x0000cebe      0x1f1 CMakeFiles/rc_4wd_new.dir/C_/Works/STM32_Projects/rc_4wd_new/common/Core/Src/main.c.obj
 .debug_macro   0x0000d0af       0x27 CMakeFiles/rc_4wd_new.dir/C_/Works/STM32_Projects/rc_4wd_new/common/Core/Src/main.c.obj
 .debug_macro   0x0000d0d6      0x130 CMakeFiles/rc_4wd_new.dir/C_/Works/STM32_Projects/rc_4wd_new/common/Core/Src/main.c.obj
 .debug_macro   0x0000d206      0x1bc CMakeFiles/rc_4wd_new.dir/C_/Works/STM32_Projects/rc_4wd_new/common/Core/Src/main.c.obj
 .debug_macro   0x0000d3c2       0x34 CMakeFiles/rc_4wd_new.dir/C_/Works/STM32_Projects/rc_4wd_new/common/Core/Src/main.c.obj
 .debug_macro   0x0000d3f6       0x3c CMakeFiles/rc_4wd_new.dir/C_/Works/STM32_Projects/rc_4wd_new/common/Core/Src/main.c.obj
 .debug_macro   0x0000d432       0x57 CMakeFiles/rc_4wd_new.dir/C_/Works/STM32_Projects/rc_4wd_new/common/Core/Src/main.c.obj
 .debug_macro   0x0000d489       0x6b CMakeFiles/rc_4wd_new.dir/C_/Works/STM32_Projects/rc_4wd_new/common/Core/Src/main.c.obj
 .debug_macro   0x0000d4f4      0x240 CMakeFiles/rc_4wd_new.dir/C_/Works/STM32_Projects/rc_4wd_new/common/Core/Src/main.c.obj
 .debug_macro   0x0000d734      0x140 CMakeFiles/rc_4wd_new.dir/C_/Works/STM32_Projects/rc_4wd_new/common/Core/Src/main.c.obj
 .debug_macro   0x0000d874       0x9f CMakeFiles/rc_4wd_new.dir/C_/Works/STM32_Projects/rc_4wd_new/common/Core/Src/main.c.obj
 .debug_macro   0x0000d913      0x1a7 CMakeFiles/rc_4wd_new.dir/C_/Works/STM32_Projects/rc_4wd_new/common/Drivers/STM32F1xx_HAL_Driver/Src/stm32f1xx_hal.c.obj
 .debug_macro   0x0000daba      0x183 CMakeFiles/rc_4wd_new.dir/C_/Works/STM32_Projects/rc_4wd_new/common/Drivers/STM32F1xx_HAL_Driver/Src/stm32f1xx_hal_cortex.c.obj
 .debug_macro   0x0000dc3d      0x195 CMakeFiles/rc_4wd_new.dir/C_/Works/STM32_Projects/rc_4wd_new/common/Drivers/STM32F1xx_HAL_Driver/Src/stm32f1xx_hal_rcc.c.obj
 .debug_macro   0x0000ddd2      0x18d CMakeFiles/rc_4wd_new.dir/C_/Works/STM32_Projects/rc_4wd_new/common/Core/Src/stm32f1xx_hal_msp.c.obj
 .debug_macro   0x0000df5f      0x197 CMakeFiles/rc_4wd_new.dir/C_/Works/STM32_Projects/rc_4wd_new/common/Core/Src/stm32f1xx_it.c.obj
 .debug_macro   0x0000e0f6      0x183 CMakeFiles/rc_4wd_new.dir/C_/Works/STM32_Projects/rc_4wd_new/common/Core/Src/system_stm32f1xx.c.obj

.comment        0x00000000       0x45
 .comment       0x00000000       0x45 CMakeFiles/rc_4wd_new.dir/C_/Works/STM32_Projects/rc_4wd_new/common/Core/Src/main.c.obj
                                 0x46 (size before relaxing)
 .comment       0x00000045       0x46 CMakeFiles/rc_4wd_new.dir/C_/Works/STM32_Projects/rc_4wd_new/common/Drivers/STM32F1xx_HAL_Driver/Src/stm32f1xx_hal.c.obj
 .comment       0x00000045       0x46 CMakeFiles/rc_4wd_new.dir/C_/Works/STM32_Projects/rc_4wd_new/common/Drivers/STM32F1xx_HAL_Driver/Src/stm32f1xx_hal_cortex.c.obj
 .comment       0x00000045       0x46 CMakeFiles/rc_4wd_new.dir/C_/Works/STM32_Projects/rc_4wd_new/common/Drivers/STM32F1xx_HAL_Driver/Src/stm32f1xx_hal_rcc.c.obj
 .comment       0x00000045       0x46 CMakeFiles/rc_4wd_new.dir/C_/Works/STM32_Projects/rc_4wd_new/common/Core/Src/stm32f1xx_hal_msp.c.obj
 .comment       0x00000045       0x46 CMakeFiles/rc_4wd_new.dir/C_/Works/STM32_Projects/rc_4wd_new/common/Core/Src/stm32f1xx_it.c.obj
 .comment       0x00000045       0x46 CMakeFiles/rc_4wd_new.dir/C_/Works/STM32_Projects/rc_4wd_new/common/Core/Src/system_stm32f1xx.c.obj

.debug_frame    0x00000000      0xd5c
 .debug_frame   0x00000000       0x68 CMakeFiles/rc_4wd_new.dir/C_/Works/STM32_Projects/rc_4wd_new/common/Core/Src/main.c.obj
 .debug_frame   0x00000068      0x334 CMakeFiles/rc_4wd_new.dir/C_/Works/STM32_Projects/rc_4wd_new/common/Drivers/STM32F1xx_HAL_Driver/Src/stm32f1xx_hal.c.obj
 .debug_frame   0x0000039c      0x428 CMakeFiles/rc_4wd_new.dir/C_/Works/STM32_Projects/rc_4wd_new/common/Drivers/STM32F1xx_HAL_Driver/Src/stm32f1xx_hal_cortex.c.obj
 .debug_frame   0x000007c4      0x218 CMakeFiles/rc_4wd_new.dir/C_/Works/STM32_Projects/rc_4wd_new/common/Drivers/STM32F1xx_HAL_Driver/Src/stm32f1xx_hal_rcc.c.obj
 .debug_frame   0x000009dc       0x38 CMakeFiles/rc_4wd_new.dir/C_/Works/STM32_Projects/rc_4wd_new/common/Core/Src/stm32f1xx_hal_msp.c.obj
 .debug_frame   0x00000a14      0x104 CMakeFiles/rc_4wd_new.dir/C_/Works/STM32_Projects/rc_4wd_new/common/Core/Src/stm32f1xx_it.c.obj
 .debug_frame   0x00000b18       0x58 CMakeFiles/rc_4wd_new.dir/C_/Works/STM32_Projects/rc_4wd_new/common/Core/Src/system_stm32f1xx.c.obj
 .debug_frame   0x00000b70       0x2c c:/sysgcc/arm-eabi/bin/../lib/gcc/arm-none-eabi/12.3.1/thumb/v7-m/nofp\libg.a(libc_a-memset.o)
 .debug_frame   0x00000b9c       0x2c c:/sysgcc/arm-eabi/bin/../lib/gcc/arm-none-eabi/12.3.1/thumb/v7-m/nofp\libg.a(libc_a-init.o)
 .debug_frame   0x00000bc8       0xb0 c:/sysgcc/arm-eabi/bin/../lib/gcc/arm-none-eabi/12.3.1/thumb/v7-m/nofp\libg.a(libc_a-lock.o)
 .debug_frame   0x00000c78       0x5c c:/sysgcc/arm-eabi/bin/../lib/gcc/arm-none-eabi/12.3.1/thumb/v7-m/nofp\libg.a(libc_a-__call_atexit.o)
 .debug_frame   0x00000cd4       0x20 c:/sysgcc/arm-eabi/bin/../lib/gcc/arm-none-eabi/12.3.1/thumb/v7-m/nofp\libg.a(libc_a-atexit.o)
 .debug_frame   0x00000cf4       0x34 c:/sysgcc/arm-eabi/bin/../lib/gcc/arm-none-eabi/12.3.1/thumb/v7-m/nofp\libg.a(libc_a-fini.o)
 .debug_frame   0x00000d28       0x34 c:/sysgcc/arm-eabi/bin/../lib/gcc/arm-none-eabi/12.3.1/thumb/v7-m/nofp\libg.a(libc_a-__atexit.o)
