Archive member included to satisfy reference by file (symbol)

c:/sysgcc/arm-eabi/bin/../lib/gcc/arm-none-eabi/12.3.1/thumb/v7-m/nofp\libg.a(libc_a-exit.o)
                              c:/sysgcc/arm-eabi/bin/../lib/gcc/arm-none-eabi/12.3.1/thumb/v7-m/nofp/crt0.o (exit)
c:/sysgcc/arm-eabi/bin/../lib/gcc/arm-none-eabi/12.3.1/thumb/v7-m/nofp\libg.a(libc_a-findfp.o)
                              c:/sysgcc/arm-eabi/bin/../lib/gcc/arm-none-eabi/12.3.1/thumb/v7-m/nofp\libg.a(libc_a-exit.o) (__stdio_exit_handler)
c:/sysgcc/arm-eabi/bin/../lib/gcc/arm-none-eabi/12.3.1/thumb/v7-m/nofp\libg.a(libc_a-fwalk.o)
                              c:/sysgcc/arm-eabi/bin/../lib/gcc/arm-none-eabi/12.3.1/thumb/v7-m/nofp\libg.a(libc_a-findfp.o) (_fwalk_sglue)
c:/sysgcc/arm-eabi/bin/../lib/gcc/arm-none-eabi/12.3.1/thumb/v7-m/nofp\libg.a(libc_a-stdio.o)
                              c:/sysgcc/arm-eabi/bin/../lib/gcc/arm-none-eabi/12.3.1/thumb/v7-m/nofp\libg.a(libc_a-findfp.o) (__sread)
c:/sysgcc/arm-eabi/bin/../lib/gcc/arm-none-eabi/12.3.1/thumb/v7-m/nofp\libg.a(libc_a-memset.o)
                              c:/sysgcc/arm-eabi/bin/../lib/gcc/arm-none-eabi/12.3.1/thumb/v7-m/nofp/crt0.o (memset)
c:/sysgcc/arm-eabi/bin/../lib/gcc/arm-none-eabi/12.3.1/thumb/v7-m/nofp\libg.a(libc_a-closer.o)
                              c:/sysgcc/arm-eabi/bin/../lib/gcc/arm-none-eabi/12.3.1/thumb/v7-m/nofp\libg.a(libc_a-stdio.o) (_close_r)
c:/sysgcc/arm-eabi/bin/../lib/gcc/arm-none-eabi/12.3.1/thumb/v7-m/nofp\libg.a(libc_a-reent.o)
                              c:/sysgcc/arm-eabi/bin/../lib/gcc/arm-none-eabi/12.3.1/thumb/v7-m/nofp\libg.a(libc_a-closer.o) (errno)
c:/sysgcc/arm-eabi/bin/../lib/gcc/arm-none-eabi/12.3.1/thumb/v7-m/nofp\libg.a(libc_a-impure.o)
                              c:/sysgcc/arm-eabi/bin/../lib/gcc/arm-none-eabi/12.3.1/thumb/v7-m/nofp\libg.a(libc_a-reent.o) (_impure_ptr)
c:/sysgcc/arm-eabi/bin/../lib/gcc/arm-none-eabi/12.3.1/thumb/v7-m/nofp\libg.a(libc_a-lseekr.o)
                              c:/sysgcc/arm-eabi/bin/../lib/gcc/arm-none-eabi/12.3.1/thumb/v7-m/nofp\libg.a(libc_a-stdio.o) (_lseek_r)
c:/sysgcc/arm-eabi/bin/../lib/gcc/arm-none-eabi/12.3.1/thumb/v7-m/nofp\libg.a(libc_a-readr.o)
                              c:/sysgcc/arm-eabi/bin/../lib/gcc/arm-none-eabi/12.3.1/thumb/v7-m/nofp\libg.a(libc_a-stdio.o) (_read_r)
c:/sysgcc/arm-eabi/bin/../lib/gcc/arm-none-eabi/12.3.1/thumb/v7-m/nofp\libg.a(libc_a-writer.o)
                              c:/sysgcc/arm-eabi/bin/../lib/gcc/arm-none-eabi/12.3.1/thumb/v7-m/nofp\libg.a(libc_a-stdio.o) (_write_r)
c:/sysgcc/arm-eabi/bin/../lib/gcc/arm-none-eabi/12.3.1/thumb/v7-m/nofp\libg.a(libc_a-errno.o)
                              CMakeFiles/rc_car_new.dir/C_/Works/STM32_Projects/rc_joystick/common/Core/Src/syscalls.c.obj (__errno)
c:/sysgcc/arm-eabi/bin/../lib/gcc/arm-none-eabi/12.3.1/thumb/v7-m/nofp\libg.a(libc_a-init.o)
                              c:/sysgcc/arm-eabi/bin/../lib/gcc/arm-none-eabi/12.3.1/thumb/v7-m/nofp/crt0.o (__libc_init_array)
c:/sysgcc/arm-eabi/bin/../lib/gcc/arm-none-eabi/12.3.1/thumb/v7-m/nofp\libg.a(libc_a-lock.o)
                              c:/sysgcc/arm-eabi/bin/../lib/gcc/arm-none-eabi/12.3.1/thumb/v7-m/nofp\libg.a(libc_a-findfp.o) (__retarget_lock_init_recursive)
c:/sysgcc/arm-eabi/bin/../lib/gcc/arm-none-eabi/12.3.1/thumb/v7-m/nofp\libg.a(libc_a-__call_atexit.o)
                              c:/sysgcc/arm-eabi/bin/../lib/gcc/arm-none-eabi/12.3.1/thumb/v7-m/nofp\libg.a(libc_a-exit.o) (__call_exitprocs)
c:/sysgcc/arm-eabi/bin/../lib/gcc/arm-none-eabi/12.3.1/thumb/v7-m/nofp\libg.a(libc_a-atexit.o)
                              c:/sysgcc/arm-eabi/bin/../lib/gcc/arm-none-eabi/12.3.1/thumb/v7-m/nofp\libg.a(libc_a-__call_atexit.o) (atexit)
c:/sysgcc/arm-eabi/bin/../lib/gcc/arm-none-eabi/12.3.1/thumb/v7-m/nofp\libg.a(libc_a-freer.o)
                              c:/sysgcc/arm-eabi/bin/../lib/gcc/arm-none-eabi/12.3.1/thumb/v7-m/nofp\libg.a(libc_a-reent.o) (_free_r)
c:/sysgcc/arm-eabi/bin/../lib/gcc/arm-none-eabi/12.3.1/thumb/v7-m/nofp\libg.a(libc_a-mallocr.o)
                              c:/sysgcc/arm-eabi/bin/../lib/gcc/arm-none-eabi/12.3.1/thumb/v7-m/nofp\libg.a(libc_a-findfp.o) (_malloc_r)
c:/sysgcc/arm-eabi/bin/../lib/gcc/arm-none-eabi/12.3.1/thumb/v7-m/nofp\libg.a(libc_a-mlock.o)
                              c:/sysgcc/arm-eabi/bin/../lib/gcc/arm-none-eabi/12.3.1/thumb/v7-m/nofp\libg.a(libc_a-freer.o) (__malloc_lock)
c:/sysgcc/arm-eabi/bin/../lib/gcc/arm-none-eabi/12.3.1/thumb/v7-m/nofp\libg.a(libc_a-fclose.o)
                              c:/sysgcc/arm-eabi/bin/../lib/gcc/arm-none-eabi/12.3.1/thumb/v7-m/nofp\libg.a(libc_a-findfp.o) (_fclose_r)
c:/sysgcc/arm-eabi/bin/../lib/gcc/arm-none-eabi/12.3.1/thumb/v7-m/nofp\libg.a(libc_a-fflush.o)
                              c:/sysgcc/arm-eabi/bin/../lib/gcc/arm-none-eabi/12.3.1/thumb/v7-m/nofp\libg.a(libc_a-fclose.o) (__sflush_r)
c:/sysgcc/arm-eabi/bin/../lib/gcc/arm-none-eabi/12.3.1/thumb/v7-m/nofp\libg.a(libc_a-sbrkr.o)
[...]
Memory Configuration

Name             Origin             Length             Attributes
RAM              0x20000000         0x00002800         xrw
FLASH            0x08000000         0x00008000         xr
*default*        0x00000000         0xffffffff

Linker script and memory map

LOAD c:/sysgcc/arm-eabi/bin/../lib/gcc/arm-none-eabi/12.3.1/thumb/v7-m/nofp/crti.o
LOAD c:/sysgcc/arm-eabi/bin/../lib/gcc/arm-none-eabi/12.3.1/thumb/v7-m/nofp/crtbegin.o
LOAD c:/sysgcc/arm-eabi/bin/../lib/gcc/arm-none-eabi/12.3.1/thumb/v7-m/nofp/crt0.o
LOAD CMakeFiles/BSP.dir/C_/Program_Files_(x86)/Sysprogs/VisualGDB/CMake/embedded/dummy.c.obj
LOAD CMakeFiles/rc_car_new.dir/src/data_processing.c.obj
LOAD CMakeFiles/rc_car_new.dir/C_/Works/STM32_Projects/rc_joystick/common/Startup/startup_stm32f103c6tx.s.obj
LOAD CMakeFiles/rc_car_new.dir/C_/Works/STM32_Projects/rc_joystick/common/Core/Src/main.c.obj
LOAD CMakeFiles/rc_car_new.dir/C_/Works/STM32_Projects/rc_joystick/common/Drivers/STM32F1xx_HAL_Driver/Src/stm32f1xx_hal.c.obj
LOAD CMakeFiles/rc_car_new.dir/C_/Works/STM32_Projects/rc_joystick/common/Drivers/STM32F1xx_HAL_Driver/Src/stm32f1xx_hal_adc.c.obj
LOAD CMakeFiles/rc_car_new.dir/C_/Works/STM32_Projects/rc_joystick/common/Drivers/STM32F1xx_HAL_Driver/Src/stm32f1xx_hal_adc_ex.c.obj
LOAD CMakeFiles/rc_car_new.dir/C_/Works/STM32_Projects/rc_joystick/common/Drivers/STM32F1xx_HAL_Driver/Src/stm32f1xx_hal_cortex.c.obj
LOAD CMakeFiles/rc_car_new.dir/C_/Works/STM32_Projects/rc_joystick/common/Drivers/STM32F1xx_HAL_Driver/Src/stm32f1xx_hal_crc.c.obj
LOAD CMakeFiles/rc_car_new.dir/C_/Works/STM32_Projects/rc_joystick/common/Drivers/STM32F1xx_HAL_Driver/Src/stm32f1xx_hal_dma.c.obj
LOAD CMakeFiles/rc_car_new.dir/C_/Works/STM32_Projects/rc_joystick/common/Drivers/STM32F1xx_HAL_Driver/Src/stm32f1xx_hal_exti.c.obj
LOAD CMakeFiles/rc_car_new.dir/C_/Works/STM32_Projects/rc_joystick/common/Drivers/STM32F1xx_HAL_Driver/Src/stm32f1xx_hal_flash.c.obj
LOAD CMakeFiles/rc_car_new.dir/C_/Works/STM32_Projects/rc_joystick/common/Drivers/STM32F1xx_HAL_Driver/Src/stm32f1xx_hal_flash_ex.c.obj
LOAD CMakeFiles/rc_car_new.dir/C_/Works/STM32_Projects/rc_joystick/common/Drivers/STM32F1xx_HAL_Driver/Src/stm32f1xx_hal_gpio.c.obj
LOAD CMakeFiles/rc_car_new.dir/C_/Works/STM32_Projects/rc_joystick/common/Drivers/STM32F1xx_HAL_Driver/Src/stm32f1xx_hal_gpio_ex.c.obj
LOAD CMakeFiles/rc_car_new.dir/C_/Works/STM32_Projects/rc_joystick/common/Drivers/STM32F1xx_HAL_Driver/Src/stm32f1xx_hal_pwr.c.obj
LOAD CMakeFiles/rc_car_new.dir/C_/Works/STM32_Projects/rc_joystick/common/Drivers/STM32F1xx_HAL_Driver/Src/stm32f1xx_hal_rcc.c.obj
LOAD CMakeFiles/rc_car_new.dir/C_/Works/STM32_Projects/rc_joystick/common/Drivers/STM32F1xx_HAL_Driver/Src/stm32f1xx_hal_rcc_ex.c.obj
LOAD CMakeFiles/rc_car_new.dir/C_/Works/STM32_Projects/rc_joystick/common/Drivers/STM32F1xx_HAL_Driver/Src/stm32f1xx_hal_tim.c.obj
LOAD CMakeFiles/rc_car_new.dir/C_/Works/STM32_Projects/rc_joystick/common/Drivers/STM32F1xx_HAL_Driver/Src/stm32f1xx_hal_tim_ex.c.obj
LOAD CMakeFiles/rc_car_new.dir/C_/Works/STM32_Projects/rc_joystick/common/Drivers/STM32F1xx_HAL_Driver/Src/stm32f1xx_hal_uart.c.obj
LOAD CMakeFiles/rc_car_new.dir/C_/Works/STM32_Projects/rc_joystick/common/Core/Src/adc.c.obj
LOAD CMakeFiles/rc_car_new.dir/C_/Works/STM32_Projects/rc_joystick/common/Core/Src/crc.c.obj
LOAD CMakeFiles/rc_car_new.dir/C_/Works/STM32_Projects/rc_joystick/common/Core/Src/dma.c.obj
LOAD CMakeFiles/rc_car_new.dir/C_/Works/STM32_Projects/rc_joystick/common/Core/Src/gpio.c.obj
LOAD CMakeFiles/rc_car_new.dir/C_/Works/STM32_Projects/rc_joystick/common/Core/Src/stm32f1xx_hal_msp.c.obj
LOAD CMakeFiles/rc_car_new.dir/C_/Works/STM32_Projects/rc_joystick/common/Core/Src/stm32f1xx_it.c.obj
LOAD CMakeFiles/rc_car_new.dir/C_/Works/STM32_Projects/rc_joystick/common/Core/Src/syscalls.c.obj
LOAD CMakeFiles/rc_car_new.dir/C_/Works/STM32_Projects/rc_joystick/common/Core/Src/sysmem.c.obj
LOAD CMakeFiles/rc_car_new.dir/C_/Works/STM32_Projects/rc_joystick/common/Core/Src/system_stm32f1xx.c.obj
LOAD CMakeFiles/rc_car_new.dir/C_/Works/STM32_Projects/rc_joystick/common/Core/Src/usart.c.obj
START GROUP
LOAD c:/sysgcc/arm-eabi/bin/../lib/gcc/arm-none-eabi/12.3.1/thumb/v7-m/nofp\libgcc.a
LOAD c:/sysgcc/arm-eabi/bin/../lib/gcc/arm-none-eabi/12.3.1/thumb/v7-m/nofp\libg.a
LOAD c:/sysgcc/arm-eabi/bin/../lib/gcc/arm-none-eabi/12.3.1/thumb/v7-m/nofp\libc.a
END GROUP
LOAD c:/sysgcc/arm-eabi/bin/../lib/gcc/arm-none-eabi/12.3.1/thumb/v7-m/nofp/crtend.o
LOAD c:/sysgcc/arm-eabi/bin/../lib/gcc/arm-none-eabi/12.3.1/thumb/v7-m/nofp/crtn.o
                0x20002800                        _estack = (ORIGIN (RAM) + LENGTH (RAM))
                0x00000200                        _Min_Heap_Size = 0x200
                0x00000400                        _Min_Stack_Size = 0x400

.isr_vector     0x08000000      0x10c
                0x08000000                        . = ALIGN (0x4)
 *(.isr_vector)
 .isr_vector    0x08000000      0x10c CMakeFiles/rc_car_new.dir/C_/Works/STM32_Projects/rc_joystick/common/Startup/startup_stm32f103c6tx.s.obj
                0x08000000                g_pfnVectors
                0x0800010c                        . = ALIGN (0x4)

.text           0x0800010c     0x3614
                0x0800010c                        . = ALIGN (0x4)
 *(.text)
 *(.text*)
 .text.deregister_tm_clones
                0x0800010c       0x1c c:/sysgcc/arm-eabi/bin/../lib/gcc/arm-none-eabi/12.3.1/thumb/v7-m/nofp/crtbegin.o
 .text.register_tm_clones
                0x08000128       0x24 c:/sysgcc/arm-eabi/bin/../lib/gcc/arm-none-eabi/12.3.1/thumb/v7-m/nofp/crtbegin.o
 .text.__do_global_dtors_aux
                0x0800014c       0x28 c:/sysgcc/arm-eabi/bin/../lib/gcc/arm-none-eabi/12.3.1/thumb/v7-m/nofp/crtbegin.o
 .text.frame_dummy
                0x08000174       0x24 c:/sysgcc/arm-eabi/bin/../lib/gcc/arm-none-eabi/12.3.1/thumb/v7-m/nofp/crtbegin.o
 .text.gpio_joystick_read_in
                0x08000198       0x48 CMakeFiles/rc_car_new.dir/src/data_processing.c.obj
                0x08000198                gpio_joystick_read_in
 .text.convert16_to_8
                0x080001e0       0x3c CMakeFiles/rc_car_new.dir/src/data_processing.c.obj
                0x080001e0                convert16_to_8
 .text.convert32_to_8
                0x0800021c       0x48 CMakeFiles/rc_car_new.dir/src/data_processing.c.obj
                0x0800021c                convert32_to_8
 .text.transmit_data_to_usart
                0x08000264       0xf8 CMakeFiles/rc_car_new.dir/src/data_processing.c.obj
                0x08000264                transmit_data_to_usart
 .text.led_control
                0x0800035c       0x68 CMakeFiles/rc_car_new.dir/src/data_processing.c.obj
                0x0800035c                led_control
 .text.Reset_Handler
                0x080003c4       0x48 CMakeFiles/rc_car_new.dir/C_/Works/STM32_Projects/rc_joystick/common/Startup/startup_stm32f103c6tx.s.obj
                0x080003c4                Reset_Handler
 .text.Default_Handler
                0x0800040c        0x2 CMakeFiles/rc_car_new.dir/C_/Works/STM32_Projects/rc_joystick/common/Startup/startup_stm32f103c6tx.s.obj
                0x0800040c                RTC_Alarm_IRQHandler
                0x0800040c                EXTI2_IRQHandler
                0x0800040c                TIM1_CC_IRQHandler
                0x0800040c                PVD_IRQHandler
                0x0800040c                EXTI3_IRQHandler
                0x0800040c                EXTI0_IRQHandler
                0x0800040c                SPI1_IRQHandler
                0x0800040c                TAMPER_IRQHandler
                0x0800040c                DMA1_Channel4_IRQHandler
                0x0800040c                RTC_IRQHandler
                0x0800040c                DMA1_Channel7_IRQHandler
                0x0800040c                CAN1_RX1_IRQHandler
                0x0800040c                I2C1_EV_IRQHandler
                0x0800040c                DMA1_Channel6_IRQHandler
                0x0800040c                TIM3_IRQHandler
                0x0800040c                RCC_IRQHandler
                0x0800040c                TIM1_TRG_COM_IRQHandler
                0x0800040c                Default_Handler
                0x0800040c                DMA1_Channel5_IRQHandler
                0x0800040c                USB_LP_CAN1_RX0_IRQHandler
                0x0800040c                USB_HP_CAN1_TX_IRQHandler
                0x0800040c                DMA1_Channel3_IRQHandler
                0x0800040c                TIM1_UP_IRQHandler
                0x0800040c                WWDG_IRQHandler
                0x0800040c                TIM2_IRQHandler
                0x0800040c                TIM1_BRK_IRQHandler
                0x0800040c                EXTI1_IRQHandler
                0x0800040c                USART2_IRQHandler
                0x0800040c                DMA1_Channel2_IRQHandler
                0x0800040c                CAN1_SCE_IRQHandler
                0x0800040c                FLASH_IRQHandler
                0x0800040c                I2C1_ER_IRQHandler
                0x0800040c                USBWakeUp_IRQHandler
 *fill*         0x0800040e        0x2 
 .text.main     0x08000410       0x80 CMakeFiles/rc_car_new.dir/C_/Works/STM32_Projects/rc_joystick/common/Core/Src/main.c.obj
                0x08000410                main
 .text.SystemClock_Config
                0x08000490       0xb6 CMakeFiles/rc_car_new.dir/C_/Works/STM32_Projects/rc_joystick/common/Core/Src/main.c.obj
                0x08000490                SystemClock_Config
 *fill*         0x08000546        0x2 
 .text.HAL_UART_RxCpltCallback
                0x08000548       0x2c CMakeFiles/rc_car_new.dir/C_/Works/STM32_Projects/rc_joystick/common/Core/Src/main.c.obj
                0x08000548                HAL_UART_RxCpltCallback
 .text.HAL_GPIO_EXTI_Callback
                0x08000574       0x90 CMakeFiles/rc_car_new.dir/C_/Works/STM32_Projects/rc_joystick/common/Core/Src/main.c.obj
                0x08000574                HAL_GPIO_EXTI_Callback
 .text.Error_Handler
                0x08000604        0xa CMakeFiles/rc_car_new.dir/C_/Works/STM32_Projects/rc_joystick/common/Core/Src/main.c.obj
                0x08000604                Error_Handler
 *fill*         0x0800060e        0x2 
 .text.HAL_Init
                0x08000610       0x2c CMakeFiles/rc_car_new.dir/C_/Works/STM32_Projects/rc_joystick/common/Drivers/STM32F1xx_HAL_Driver/Src/stm32f1xx_hal.c.obj
                0x08000610                HAL_Init
 .text.HAL_InitTick
                0x0800063c       0x60 CMakeFiles/rc_car_new.dir/C_/Works/STM32_Projects/rc_joystick/common/Drivers/STM32F1xx_HAL_Driver/Src/stm32f1xx_hal.c.obj
                0x0800063c                HAL_InitTick
 .text.HAL_IncTick
                0x0800069c       0x24 CMakeFiles/rc_car_new.dir/C_/Works/STM32_Projects/rc_joystick/common/Drivers/STM32F1xx_HAL_Driver/Src/stm32f1xx_hal.c.obj
                0x0800069c                HAL_IncTick
 .text.HAL_GetTick
                0x080006c0       0x14 CMakeFiles/rc_car_new.dir/C_/Works/STM32_Projects/rc_joystick/common/Drivers/STM32F1xx_HAL_Driver/Src/stm32f1xx_hal.c.obj
                0x080006c0                HAL_GetTick
 .text.HAL_ADC_Init
                0x080006d4      0x1b0 CMakeFiles/rc_car_new.dir/C_/Works/STM32_Projects/rc_joystick/common/Drivers/STM32F1xx_HAL_Driver/Src/stm32f1xx_hal_adc.c.obj
                0x080006d4                HAL_ADC_Init
 .text.HAL_ADC_Start_DMA
                0x08000884      0x1bc CMakeFiles/rc_car_new.dir/C_/Works/STM32_Projects/rc_joystick/common/Drivers/STM32F1xx_HAL_Driver/Src/stm32f1xx_hal_adc.c.obj
                0x08000884                HAL_ADC_Start_DMA
 .text.HAL_ADC_IRQHandler
                0x08000a40      0x17e CMakeFiles/rc_car_new.dir/C_/Works/STM32_Projects/rc_joystick/common/Drivers/STM32F1xx_HAL_Driver/Src/stm32f1xx_hal_adc.c.obj
                0x08000a40                HAL_ADC_IRQHandler
 .text.HAL_ADC_ConvCpltCallback
                0x08000bbe       0x12 CMakeFiles/rc_car_new.dir/C_/Works/STM32_Projects/rc_joystick/common/Drivers/STM32F1xx_HAL_Driver/Src/stm32f1xx_hal_adc.c.obj
                0x08000bbe                HAL_ADC_ConvCpltCallback
 .text.HAL_ADC_ConvHalfCpltCallback
                0x08000bd0       0x12 CMakeFiles/rc_car_new.dir/C_/Works/STM32_Projects/rc_joystick/common/Drivers/STM32F1xx_HAL_Driver/Src/stm32f1xx_hal_adc.c.obj
                0x08000bd0                HAL_ADC_ConvHalfCpltCallback
 .text.HAL_ADC_LevelOutOfWindowCallback
                0x08000be2       0x12 CMakeFiles/rc_car_new.dir/C_/Works/STM32_Projects/rc_joystick/common/Drivers/STM32F1xx_HAL_Driver/Src/stm32f1xx_hal_adc.c.obj
                0x08000be2                HAL_ADC_LevelOutOfWindowCallback
 .text.HAL_ADC_ErrorCallback
                0x08000bf4       0x12 CMakeFiles/rc_car_new.dir/C_/Works/STM32_Projects/rc_joystick/common/Drivers/STM32F1xx_HAL_Driver/Src/stm32f1xx_hal_adc.c.obj
                0x08000bf4                HAL_ADC_ErrorCallback
 *fill*         0x08000c06        0x2 
 .text.HAL_ADC_ConfigChannel
                0x08000c08      0x1f0 CMakeFiles/rc_car_new.dir/C_/Works/STM32_Projects/rc_joystick/common/Drivers/STM32F1xx_HAL_Driver/Src/stm32f1xx_hal_adc.c.obj
                0x08000c08                HAL_ADC_ConfigChannel
 .text.ADC_Enable
                0x08000df8       0xb4 CMakeFiles/rc_car_new.dir/C_/Works/STM32_Projects/rc_joystick/common/Drivers/STM32F1xx_HAL_Driver/Src/stm32f1xx_hal_adc.c.obj
                0x08000df8                ADC_Enable
 .text.ADC_ConversionStop_Disable
                0x08000eac       0x82 CMakeFiles/rc_car_new.dir/C_/Works/STM32_Projects/rc_joystick/common/Drivers/STM32F1xx_HAL_Driver/Src/stm32f1xx_hal_adc.c.obj
                0x08000eac                ADC_ConversionStop_Disable
 .text.ADC_DMAConvCplt
                0x08000f2e       0x7c CMakeFiles/rc_car_new.dir/C_/Works/STM32_Projects/rc_joystick/common/Drivers/STM32F1xx_HAL_Driver/Src/stm32f1xx_hal_adc.c.obj
                0x08000f2e                ADC_DMAConvCplt
 .text.ADC_DMAHalfConvCplt
                0x08000faa       0x1c CMakeFiles/rc_car_new.dir/C_/Works/STM32_Projects/rc_joystick/common/Drivers/STM32F1xx_HAL_Driver/Src/stm32f1xx_hal_adc.c.obj
                0x08000faa                ADC_DMAHalfConvCplt
 .text.ADC_DMAError
                0x08000fc6       0x34 CMakeFiles/rc_car_new.dir/C_/Works/STM32_Projects/rc_joystick/common/Drivers/STM32F1xx_HAL_Driver/Src/stm32f1xx_hal_adc.c.obj
                0x08000fc6                ADC_DMAError
 .text.HAL_ADCEx_InjectedConvCpltCallback
                0x08000ffa       0x12 CMakeFiles/rc_car_new.dir/C_/Works/STM32_Projects/rc_joystick/common/Drivers/STM32F1xx_HAL_Driver/Src/stm32f1xx_hal_adc_ex.c.obj
                0x08000ffa                HAL_ADCEx_InjectedConvCpltCallback
 .text.__NVIC_SetPriorityGrouping
                0x0800100c       0x48 CMakeFiles/rc_car_new.dir/C_/Works/STM32_Projects/rc_joystick/common/Drivers/STM32F1xx_HAL_Driver/Src/stm32f1xx_hal_cortex.c.obj
 .text.__NVIC_GetPriorityGrouping
                0x08001054       0x1c CMakeFiles/rc_car_new.dir/C_/Works/STM32_Projects/rc_joystick/common/Drivers/STM32F1xx_HAL_Driver/Src/stm32f1xx_hal_cortex.c.obj
 .text.__NVIC_EnableIRQ
                0x08001070       0x38 CMakeFiles/rc_car_new.dir/C_/Works/STM32_Projects/rc_joystick/common/Drivers/STM32F1xx_HAL_Driver/Src/stm32f1xx_hal_cortex.c.obj
 .text.__NVIC_SetPriority
                0x080010a8       0x54 CMakeFiles/rc_car_new.dir/C_/Works/STM32_Projects/rc_joystick/common/Drivers/STM32F1xx_HAL_Driver/Src/stm32f1xx_hal_cortex.c.obj
 .text.NVIC_EncodePriority
                0x080010fc       0x64 CMakeFiles/rc_car_new.dir/C_/Works/STM32_Projects/rc_joystick/common/Drivers/STM32F1xx_HAL_Driver/Src/stm32f1xx_hal_cortex.c.obj
 .text.SysTick_Config
                0x08001160       0x44 CMakeFiles/rc_car_new.dir/C_/Works/STM32_Projects/rc_joystick/common/Drivers/STM32F1xx_HAL_Driver/Src/stm32f1xx_hal_cortex.c.obj
 .text.HAL_NVIC_SetPriorityGrouping
                0x080011a4       0x16 CMakeFiles/rc_car_new.dir/C_/Works/STM32_Projects/rc_joystick/common/Drivers/STM32F1xx_HAL_Driver/Src/stm32f1xx_hal_cortex.c.obj
                0x080011a4                HAL_NVIC_SetPriorityGrouping
 .text.HAL_NVIC_SetPriority
                0x080011ba       0x38 CMakeFiles/rc_car_new.dir/C_/Works/STM32_Projects/rc_joystick/common/Drivers/STM32F1xx_HAL_Driver/Src/stm32f1xx_hal_cortex.c.obj
                0x080011ba                HAL_NVIC_SetPriority
 .text.HAL_NVIC_EnableIRQ
                0x080011f2       0x1c CMakeFiles/rc_car_new.dir/C_/Works/STM32_Projects/rc_joystick/common/Drivers/STM32F1xx_HAL_Driver/Src/stm32f1xx_hal_cortex.c.obj
                0x080011f2                HAL_NVIC_EnableIRQ
 .text.HAL_SYSTICK_Config
                0x0800120e       0x18 CMakeFiles/rc_car_new.dir/C_/Works/STM32_Projects/rc_joystick/common/Drivers/STM32F1xx_HAL_Driver/Src/stm32f1xx_hal_cortex.c.obj
                0x0800120e                HAL_SYSTICK_Config
 .text.HAL_CRC_Init
                0x08001226       0x38 CMakeFiles/rc_car_new.dir/C_/Works/STM32_Projects/rc_joystick/common/Drivers/STM32F1xx_HAL_Driver/Src/stm32f1xx_hal_crc.c.obj
                0x08001226                HAL_CRC_Init
 .text.HAL_CRC_Calculate
                0x0800125e       0x64 CMakeFiles/rc_car_new.dir/C_/Works/STM32_Projects/rc_joystick/common/Drivers/STM32F1xx_HAL_Driver/Src/stm32f1xx_hal_crc.c.obj
                0x0800125e                HAL_CRC_Calculate
 *fill*         0x080012c2        0x2 
 .text.HAL_DMA_Init
                0x080012c4       0xb4 CMakeFiles/rc_car_new.dir/C_/Works/STM32_Projects/rc_joystick/common/Drivers/STM32F1xx_HAL_Driver/Src/stm32f1xx_hal_dma.c.obj
                0x080012c4                HAL_DMA_Init
 .text.HAL_DMA_Start_IT
                0x08001378       0xc0 CMakeFiles/rc_car_new.dir/C_/Works/STM32_Projects/rc_joystick/common/Drivers/STM32F1xx_HAL_Driver/Src/stm32f1xx_hal_dma.c.obj
                0x08001378                HAL_DMA_Start_IT
 .text.HAL_DMA_Abort
                0x08001438       0x76 CMakeFiles/rc_car_new.dir/C_/Works/STM32_Projects/rc_joystick/common/Drivers/STM32F1xx_HAL_Driver/Src/stm32f1xx_hal_dma.c.obj
                0x08001438                HAL_DMA_Abort
 *fill*         0x080014ae        0x2 
 .text.HAL_DMA_Abort_IT
                0x080014b0       0xf0 CMakeFiles/rc_car_new.dir/C_/Works/STM32_Projects/rc_joystick/common/Drivers/STM32F1xx_HAL_Driver/Src/stm32f1xx_hal_dma.c.obj
                0x080014b0                HAL_DMA_Abort_IT
 .text.HAL_DMA_IRQHandler
                0x080015a0      0x20c CMakeFiles/rc_car_new.dir/C_/Works/STM32_Projects/rc_joystick/common/Drivers/STM32F1xx_HAL_Driver/Src/stm32f1xx_hal_dma.c.obj
                0x080015a0                HAL_DMA_IRQHandler
 .text.DMA_SetConfig
                0x080017ac       0x5a CMakeFiles/rc_car_new.dir/C_/Works/STM32_Projects/rc_joystick/common/Drivers/STM32F1xx_HAL_Driver/Src/stm32f1xx_hal_dma.c.obj
 *fill*         0x08001806        0x2 
 .text.HAL_GPIO_Init
                0x08001808      0x2f8 CMakeFiles/rc_car_new.dir/C_/Works/STM32_Projects/rc_joystick/common/Drivers/STM32F1xx_HAL_Driver/Src/stm32f1xx_hal_gpio.c.obj
                0x08001808                HAL_GPIO_Init
 .text.HAL_GPIO_WritePin
                0x08001b00       0x30 CMakeFiles/rc_car_new.dir/C_/Works/STM32_Projects/rc_joystick/common/Drivers/STM32F1xx_HAL_Driver/Src/stm32f1xx_hal_gpio.c.obj
                0x08001b00                HAL_GPIO_WritePin
 .text.HAL_GPIO_EXTI_IRQHandler
                0x08001b30       0x30 CMakeFiles/rc_car_new.dir/C_/Works/STM32_Projects/rc_joystick/common/Drivers/STM32F1xx_HAL_Driver/Src/stm32f1xx_hal_gpio.c.obj
                0x08001b30                HAL_GPIO_EXTI_IRQHandler
 .text.HAL_RCC_OscConfig
                0x08001b60      0x504 CMakeFiles/rc_car_new.dir/C_/Works/STM32_Projects/rc_joystick/common/Drivers/STM32F1xx_HAL_Driver/Src/stm32f1xx_hal_rcc.c.obj
                0x08001b60                HAL_RCC_OscConfig
 .text.HAL_RCC_ClockConfig
                0x08002064      0x1d4 CMakeFiles/rc_car_new.dir/C_/Works/STM32_Projects/rc_joystick/common/Drivers/STM32F1xx_HAL_Driver/Src/stm32f1xx_hal_rcc.c.obj
                0x08002064                HAL_RCC_ClockConfig
 .text.HAL_RCC_GetSysClockFreq
                0x08002238       0xa8 CMakeFiles/rc_car_new.dir/C_/Works/STM32_Projects/rc_joystick/common/Drivers/STM32F1xx_HAL_Driver/Src/stm32f1xx_hal_rcc.c.obj
                0x08002238                HAL_RCC_GetSysClockFreq
 .text.HAL_RCC_GetHCLKFreq
                0x080022e0       0x14 CMakeFiles/rc_car_new.dir/C_/Works/STM32_Projects/rc_joystick/common/Drivers/STM32F1xx_HAL_Driver/Src/stm32f1xx_hal_rcc.c.obj
                0x080022e0                HAL_RCC_GetHCLKFreq
 .text.HAL_RCC_GetPCLK1Freq
                0x080022f4       0x28 CMakeFiles/rc_car_new.dir/C_/Works/STM32_Projects/rc_joystick/common/Drivers/STM32F1xx_HAL_Driver/Src/stm32f1xx_hal_rcc.c.obj
                0x080022f4                HAL_RCC_GetPCLK1Freq
 .text.HAL_RCC_GetPCLK2Freq
                0x0800231c       0x28 CMakeFiles/rc_car_new.dir/C_/Works/STM32_Projects/rc_joystick/common/Drivers/STM32F1xx_HAL_Driver/Src/stm32f1xx_hal_rcc.c.obj
                0x0800231c                HAL_RCC_GetPCLK2Freq
 .text.RCC_Delay
                0x08002344       0x3c CMakeFiles/rc_car_new.dir/C_/Works/STM32_Projects/rc_joystick/common/Drivers/STM32F1xx_HAL_Driver/Src/stm32f1xx_hal_rcc.c.obj
 .text.HAL_RCCEx_PeriphCLKConfig
                0x08002380      0x16c CMakeFiles/rc_car_new.dir/C_/Works/STM32_Projects/rc_joystick/common/Drivers/STM32F1xx_HAL_Driver/Src/stm32f1xx_hal_rcc_ex.c.obj
                0x08002380                HAL_RCCEx_PeriphCLKConfig
 .text.HAL_UART_Init
                0x080024ec       0xa0 CMakeFiles/rc_car_new.dir/C_/Works/STM32_Projects/rc_joystick/common/Drivers/STM32F1xx_HAL_Driver/Src/stm32f1xx_hal_uart.c.obj
                0x080024ec                HAL_UART_Init
 .text.HAL_UART_Transmit_IT
                0x0800258c       0x6a CMakeFiles/rc_car_new.dir/C_/Works/STM32_Projects/rc_joystick/common/Drivers/STM32F1xx_HAL_Driver/Src/stm32f1xx_hal_uart.c.obj
                0x0800258c                HAL_UART_Transmit_IT
 *fill*         0x080025f6        0x2 
 .text.HAL_UART_IRQHandler
                0x080025f8      0x524 CMakeFiles/rc_car_new.dir/C_/Works/STM32_Projects/rc_joystick/common/Drivers/STM32F1xx_HAL_Driver/Src/stm32f1xx_hal_uart.c.obj
                0x080025f8                HAL_UART_IRQHandler
 .text.HAL_UART_TxCpltCallback
                0x08002b1c       0x12 CMakeFiles/rc_car_new.dir/C_/Works/STM32_Projects/rc_joystick/common/Drivers/STM32F1xx_HAL_Driver/Src/stm32f1xx_hal_uart.c.obj
                0x08002b1c                HAL_UART_TxCpltCallback
 .text.HAL_UART_ErrorCallback
                0x08002b2e       0x12 CMakeFiles/rc_car_new.dir/C_/Works/STM32_Projects/rc_joystick/common/Drivers/STM32F1xx_HAL_Driver/Src/stm32f1xx_hal_uart.c.obj
                0x08002b2e                HAL_UART_ErrorCallback
 .text.HAL_UARTEx_RxEventCallback
                0x08002b40       0x16 CMakeFiles/rc_car_new.dir/C_/Works/STM32_Projects/rc_joystick/common/Drivers/STM32F1xx_HAL_Driver/Src/stm32f1xx_hal_uart.c.obj
                0x08002b40                HAL_UARTEx_RxEventCallback
 .text.UART_EndRxTransfer
                0x08002b56       0xc4 CMakeFiles/rc_car_new.dir/C_/Works/STM32_Projects/rc_joystick/common/Drivers/STM32F1xx_HAL_Driver/Src/stm32f1xx_hal_uart.c.obj
 .text.UART_DMAAbortOnError
                0x08002c1a       0x28 CMakeFiles/rc_car_new.dir/C_/Works/STM32_Projects/rc_joystick/common/Drivers/STM32F1xx_HAL_Driver/Src/stm32f1xx_hal_uart.c.obj
 .text.UART_Transmit_IT
                0x08002c42       0x9e CMakeFiles/rc_car_new.dir/C_/Works/STM32_Projects/rc_joystick/common/Drivers/STM32F1xx_HAL_Driver/Src/stm32f1xx_hal_uart.c.obj
 .text.UART_EndTransmit_IT
                0x08002ce0       0x30 CMakeFiles/rc_car_new.dir/C_/Works/STM32_Projects/rc_joystick/common/Drivers/STM32F1xx_HAL_Driver/Src/stm32f1xx_hal_uart.c.obj
 .text.UART_Receive_IT
                0x08002d10      0x17c CMakeFiles/rc_car_new.dir/C_/Works/STM32_Projects/rc_joystick/common/Drivers/STM32F1xx_HAL_Driver/Src/stm32f1xx_hal_uart.c.obj
 .text.UART_SetConfig
                0x08002e8c      0x11c CMakeFiles/rc_car_new.dir/C_/Works/STM32_Projects/rc_joystick/common/Drivers/STM32F1xx_HAL_Driver/Src/stm32f1xx_hal_uart.c.obj
 .text.MX_ADC1_Init
                0x08002fa8       0xd4 CMakeFiles/rc_car_new.dir/C_/Works/STM32_Projects/rc_joystick/common/Core/Src/adc.c.obj
                0x08002fa8                MX_ADC1_Init
 .text.HAL_ADC_MspInit
                0x0800307c       0xe0 CMakeFiles/rc_car_new.dir/C_/Works/STM32_Projects/rc_joystick/common/Core/Src/adc.c.obj
                0x0800307c                HAL_ADC_MspInit
 .text.MX_CRC_Init
                0x0800315c       0x28 CMakeFiles/rc_car_new.dir/C_/Works/STM32_Projects/rc_joystick/common/Core/Src/crc.c.obj
                0x0800315c                MX_CRC_Init
 .text.HAL_CRC_MspInit
                0x08003184       0x3c CMakeFiles/rc_car_new.dir/C_/Works/STM32_Projects/rc_joystick/common/Core/Src/crc.c.obj
                0x08003184                HAL_CRC_MspInit
 .text.MX_DMA_Init
                0x080031c0       0x3c CMakeFiles/rc_car_new.dir/C_/Works/STM32_Projects/rc_joystick/common/Core/Src/dma.c.obj
                0x080031c0                MX_DMA_Init
 .text.MX_GPIO_Init
                0x080031fc      0x120 CMakeFiles/rc_car_new.dir/C_/Works/STM32_Projects/rc_joystick/common/Core/Src/gpio.c.obj
                0x080031fc                MX_GPIO_Init
 .text.HAL_MspInit
                0x0800331c       0x64 CMakeFiles/rc_car_new.dir/C_/Works/STM32_Projects/rc_joystick/common/Core/Src/stm32f1xx_hal_msp.c.obj
                0x0800331c                HAL_MspInit
 .text.NMI_Handler
                0x08003380        0x6 CMakeFiles/rc_car_new.dir/C_/Works/STM32_Projects/rc_joystick/common/Core/Src/stm32f1xx_it.c.obj
                0x08003380                NMI_Handler
 .text.HardFault_Handler
                0x08003386        0x6 CMakeFiles/rc_car_new.dir/C_/Works/STM32_Projects/rc_joystick/common/Core/Src/stm32f1xx_it.c.obj
                0x08003386                HardFault_Handler
 .text.MemManage_Handler
                0x0800338c        0x6 CMakeFiles/rc_car_new.dir/C_/Works/STM32_Projects/rc_joystick/common/Core/Src/stm32f1xx_it.c.obj
                0x0800338c                MemManage_Handler
 .text.BusFault_Handler
                0x08003392        0x6 CMakeFiles/rc_car_new.dir/C_/Works/STM32_Projects/rc_joystick/common/Core/Src/stm32f1xx_it.c.obj
                0x08003392                BusFault_Handler
 .text.UsageFault_Handler
                0x08003398        0x6 CMakeFiles/rc_car_new.dir/C_/Works/STM32_Projects/rc_joystick/common/Core/Src/stm32f1xx_it.c.obj
                0x08003398                UsageFault_Handler
 .text.SVC_Handler
                0x0800339e        0xc CMakeFiles/rc_car_new.dir/C_/Works/STM32_Projects/rc_joystick/common/Core/Src/stm32f1xx_it.c.obj
                0x0800339e                SVC_Handler
 .text.DebugMon_Handler
                0x080033aa        0xc CMakeFiles/rc_car_new.dir/C_/Works/STM32_Projects/rc_joystick/common/Core/Src/stm32f1xx_it.c.obj
                0x080033aa                DebugMon_Handler
 .text.PendSV_Handler
                0x080033b6        0xc CMakeFiles/rc_car_new.dir/C_/Works/STM32_Projects/rc_joystick/common/Core/Src/stm32f1xx_it.c.obj
                0x080033b6                PendSV_Handler
 .text.SysTick_Handler
                0x080033c2        0xc CMakeFiles/rc_car_new.dir/C_/Works/STM32_Projects/rc_joystick/common/Core/Src/stm32f1xx_it.c.obj
                0x080033c2                SysTick_Handler
 .text.EXTI4_IRQHandler
                0x080033ce        0xe CMakeFiles/rc_car_new.dir/C_/Works/STM32_Projects/rc_joystick/common/Core/Src/stm32f1xx_it.c.obj
                0x080033ce                EXTI4_IRQHandler
 .text.DMA1_Channel1_IRQHandler
                0x080033dc       0x14 CMakeFiles/rc_car_new.dir/C_/Works/STM32_Projects/rc_joystick/common/Core/Src/stm32f1xx_it.c.obj
                0x080033dc                DMA1_Channel1_IRQHandler
 .text.ADC1_2_IRQHandler
                0x080033f0       0x14 CMakeFiles/rc_car_new.dir/C_/Works/STM32_Projects/rc_joystick/common/Core/Src/stm32f1xx_it.c.obj
                0x080033f0                ADC1_2_IRQHandler
 .text.EXTI9_5_IRQHandler
                0x08003404       0x16 CMakeFiles/rc_car_new.dir/C_/Works/STM32_Projects/rc_joystick/common/Core/Src/stm32f1xx_it.c.obj
                0x08003404                EXTI9_5_IRQHandler
 *fill*         0x0800341a        0x2 
 .text.USART1_IRQHandler
                0x0800341c       0x14 CMakeFiles/rc_car_new.dir/C_/Works/STM32_Projects/rc_joystick/common/Core/Src/stm32f1xx_it.c.obj
                0x0800341c                USART1_IRQHandler
 .text.EXTI15_10_IRQHandler
                0x08003430       0x10 CMakeFiles/rc_car_new.dir/C_/Works/STM32_Projects/rc_joystick/common/Core/Src/stm32f1xx_it.c.obj
                0x08003430                EXTI15_10_IRQHandler
 .text.SystemInit
                0x08003440        0xc CMakeFiles/rc_car_new.dir/C_/Works/STM32_Projects/rc_joystick/common/Core/Src/system_stm32f1xx.c.obj
                0x08003440                SystemInit
 .text.MX_USART1_UART_Init
                0x0800344c       0x54 CMakeFiles/rc_car_new.dir/C_/Works/STM32_Projects/rc_joystick/common/Core/Src/usart.c.obj
                0x0800344c                MX_USART1_UART_Init
 .text.HAL_UART_MspInit
                0x080034a0       0xa8 CMakeFiles/rc_car_new.dir/C_/Works/STM32_Projects/rc_joystick/common/Core/Src/usart.c.obj
                0x080034a0                HAL_UART_MspInit
 .text.memset   0x08003548       0xa0 c:/sysgcc/arm-eabi/bin/../lib/gcc/arm-none-eabi/12.3.1/thumb/v7-m/nofp\libg.a(libc_a-memset.o)
                0x08003548                memset
 .text.__libc_init_array
                0x080035e8       0x50 c:/sysgcc/arm-eabi/bin/../lib/gcc/arm-none-eabi/12.3.1/thumb/v7-m/nofp\libg.a(libc_a-init.o)
                0x080035e8                __libc_init_array
 .text.__retarget_lock_acquire_recursive
                0x08003638        0x4 c:/sysgcc/arm-eabi/bin/../lib/gcc/arm-none-eabi/12.3.1/thumb/v7-m/nofp\libg.a(libc_a-lock.o)
                0x08003638                __retarget_lock_acquire_recursive
 .text.__retarget_lock_release_recursive
                0x0800363c        0x4 c:/sysgcc/arm-eabi/bin/../lib/gcc/arm-none-eabi/12.3.1/thumb/v7-m/nofp\libg.a(libc_a-lock.o)
                0x0800363c                __retarget_lock_release_recursive
 .text.startup.register_fini
                0x08003640       0x14 c:/sysgcc/arm-eabi/bin/../lib/gcc/arm-none-eabi/12.3.1/thumb/v7-m/nofp\libg.a(libc_a-__call_atexit.o)
 .text.atexit   0x08003654        0xc c:/sysgcc/arm-eabi/bin/../lib/gcc/arm-none-eabi/12.3.1/thumb/v7-m/nofp\libg.a(libc_a-atexit.o)
                0x08003654                atexit
 .text.__libc_fini_array
                0x08003660       0x28 c:/sysgcc/arm-eabi/bin/../lib/gcc/arm-none-eabi/12.3.1/thumb/v7-m/nofp\libg.a(libc_a-fini.o)
                0x08003660                __libc_fini_array
 .text.__register_exitproc
                0x08003688       0x80 c:/sysgcc/arm-eabi/bin/../lib/gcc/arm-none-eabi/12.3.1/thumb/v7-m/nofp\libg.a(libc_a-__atexit.o)
                0x08003688                __register_exitproc
 *(.glue_7)
 .glue_7        0x08003708        0x0 linker stubs
 *(.glue_7t)
 .glue_7t       0x08003708        0x0 linker stubs
 *(.eh_frame)
 .eh_frame      0x08003708        0x0 c:/sysgcc/arm-eabi/bin/../lib/gcc/arm-none-eabi/12.3.1/thumb/v7-m/nofp/crtbegin.o
 *(.init)
 .init          0x08003708        0x4 c:/sysgcc/arm-eabi/bin/../lib/gcc/arm-none-eabi/12.3.1/thumb/v7-m/nofp/crti.o
                0x08003708                _init
 .init          0x0800370c        0x8 c:/sysgcc/arm-eabi/bin/../lib/gcc/arm-none-eabi/12.3.1/thumb/v7-m/nofp/crtn.o
 *(.fini)
 .fini          0x08003714        0x4 c:/sysgcc/arm-eabi/bin/../lib/gcc/arm-none-eabi/12.3.1/thumb/v7-m/nofp/crti.o
                0x08003714                _fini
 .fini          0x08003718        0x8 c:/sysgcc/arm-eabi/bin/../lib/gcc/arm-none-eabi/12.3.1/thumb/v7-m/nofp/crtn.o
                0x08003720                        . = ALIGN (0x4)
                0x08003720                        _etext = .

.vfp11_veneer   0x08003720        0x0
 .vfp11_veneer  0x08003720        0x0 linker stubs

.v4_bx          0x08003720        0x0
 .v4_bx         0x08003720        0x0 linker stubs

.iplt           0x08003720        0x0
 .iplt          0x08003720        0x0 c:/sysgcc/arm-eabi/bin/../lib/gcc/arm-none-eabi/12.3.1/thumb/v7-m/nofp/crtbegin.o

.rodata         0x08003720       0x2c
                0x08003720                        . = ALIGN (0x4)
 *(.rodata)
 *(.rodata*)
 .rodata.aPLLMULFactorTable.1
                0x08003720       0x10 CMakeFiles/rc_car_new.dir/C_/Works/STM32_Projects/rc_joystick/common/Drivers/STM32F1xx_HAL_Driver/Src/stm32f1xx_hal_rcc.c.obj
 .rodata.aPredivFactorTable.0
                0x08003730        0x2 CMakeFiles/rc_car_new.dir/C_/Works/STM32_Projects/rc_joystick/common/Drivers/STM32F1xx_HAL_Driver/Src/stm32f1xx_hal_rcc.c.obj
 *fill*         0x08003732        0x2 
 .rodata.AHBPrescTable
                0x08003734       0x10 CMakeFiles/rc_car_new.dir/C_/Works/STM32_Projects/rc_joystick/common/Core/Src/system_stm32f1xx.c.obj
                0x08003734                AHBPrescTable
 .rodata.APBPrescTable
                0x08003744        0x8 CMakeFiles/rc_car_new.dir/C_/Works/STM32_Projects/rc_joystick/common/Core/Src/system_stm32f1xx.c.obj
                0x08003744                APBPrescTable
                0x0800374c                        . = ALIGN (0x4)

.rel.dyn        0x0800374c        0x0
 .rel.iplt      0x0800374c        0x0 c:/sysgcc/arm-eabi/bin/../lib/gcc/arm-none-eabi/12.3.1/thumb/v7-m/nofp/crtbegin.o

.ARM.extab      0x0800374c        0x0
                0x0800374c                        . = ALIGN (0x4)
 *(.ARM.extab* .gnu.linkonce.armextab.*)
                0x0800374c                        . = ALIGN (0x4)

.ARM            0x0800374c        0x0
                0x0800374c                        . = ALIGN (0x4)
                0x0800374c                        __exidx_start = .
 *(.ARM.exidx*)
                0x0800374c                        __exidx_end = .
                0x0800374c                        . = ALIGN (0x4)

.preinit_array  0x0800374c        0x0
                0x0800374c                        . = ALIGN (0x4)
                0x0800374c                        PROVIDE (__preinit_array_start = .)
 *(.preinit_array*)
                0x0800374c                        PROVIDE (__preinit_array_end = .)
                0x0800374c                        . = ALIGN (0x4)

.init_array     0x0800374c        0x8
                0x0800374c                        . = ALIGN (0x4)
                0x0800374c                        PROVIDE (__init_array_start = .)
 *(SORT_BY_NAME(.init_array.*))
 .init_array.00000
                0x0800374c        0x4 c:/sysgcc/arm-eabi/bin/../lib/gcc/arm-none-eabi/12.3.1/thumb/v7-m/nofp\libg.a(libc_a-__call_atexit.o)
 *(.init_array*)
 .init_array    0x08003750        0x4 c:/sysgcc/arm-eabi/bin/../lib/gcc/arm-none-eabi/12.3.1/thumb/v7-m/nofp/crtbegin.o
                0x08003754                        PROVIDE (__init_array_end = .)
                0x08003754                        . = ALIGN (0x4)

.fini_array     0x08003754        0x4
                0x08003754                        . = ALIGN (0x4)
                0x08003754                        PROVIDE (__fini_array_start = .)
 *(SORT_BY_NAME(.fini_array.*))
 *(.fini_array*)
 .fini_array    0x08003754        0x4 c:/sysgcc/arm-eabi/bin/../lib/gcc/arm-none-eabi/12.3.1/thumb/v7-m/nofp/crtbegin.o
                0x08003758                        PROVIDE (__fini_array_end = .)
                0x08003758                        . = ALIGN (0x4)
                0x08003758                        _sidata = LOADADDR (.data)

.data           0x20000000       0x10 load address 0x08003758
                0x20000000                        . = ALIGN (0x4)
                0x20000000                        _sdata = .
 *(.data)
 *(.data*)
 .data.uwTickPrio
                0x20000000        0x4 CMakeFiles/rc_car_new.dir/C_/Works/STM32_Projects/rc_joystick/common/Drivers/STM32F1xx_HAL_Driver/Src/stm32f1xx_hal.c.obj
                0x20000000                uwTickPrio
 .data.uwTickFreq
                0x20000004        0x1 CMakeFiles/rc_car_new.dir/C_/Works/STM32_Projects/rc_joystick/common/Drivers/STM32F1xx_HAL_Driver/Src/stm32f1xx_hal.c.obj
                0x20000004                uwTickFreq
 *fill*         0x20000005        0x3 
 .data.SystemCoreClock
                0x20000008        0x4 CMakeFiles/rc_car_new.dir/C_/Works/STM32_Projects/rc_joystick/common/Core/Src/system_stm32f1xx.c.obj
                0x20000008                SystemCoreClock
 .data.__atexit_recursive_mutex
                0x2000000c        0x4 c:/sysgcc/arm-eabi/bin/../lib/gcc/arm-none-eabi/12.3.1/thumb/v7-m/nofp\libg.a(libc_a-__call_atexit.o)
                0x2000000c                __atexit_recursive_mutex
 *(.RamFunc)
 *(.RamFunc*)
                0x20000010                        . = ALIGN (0x4)
                0x20000010                        _edata = .

.tm_clone_table
                0x20000010        0x0 load address 0x08003768
 .tm_clone_table
                0x20000010        0x0 c:/sysgcc/arm-eabi/bin/../lib/gcc/arm-none-eabi/12.3.1/thumb/v7-m/nofp/crtbegin.o
 .tm_clone_table
                0x20000010        0x0 c:/sysgcc/arm-eabi/bin/../lib/gcc/arm-none-eabi/12.3.1/thumb/v7-m/nofp/crtend.o

.igot.plt       0x20000010        0x0 load address 0x08003768
 .igot.plt      0x20000010        0x0 c:/sysgcc/arm-eabi/bin/../lib/gcc/arm-none-eabi/12.3.1/thumb/v7-m/nofp/crtbegin.o
                0x20000010                        . = ALIGN (0x4)

.bss            0x20000010      0x2ac load address 0x08003768
                0x20000010                        _sbss = .
                0x20000010                        __bss_start__ = _sbss
 *(.bss)
 *(.bss*)
 .bss.completed.1
                0x20000010        0x1 c:/sysgcc/arm-eabi/bin/../lib/gcc/arm-none-eabi/12.3.1/thumb/v7-m/nofp/crtbegin.o
 *fill*         0x20000011        0x3 
 .bss.object.0  0x20000014       0x18 c:/sysgcc/arm-eabi/bin/../lib/gcc/arm-none-eabi/12.3.1/thumb/v7-m/nofp/crtbegin.o
 .bss.arr_for_gpio_data
                0x2000002c        0x4 CMakeFiles/rc_car_new.dir/src/data_processing.c.obj
                0x2000002c                arr_for_gpio_data
 .bss.arr_for_convert
                0x20000030        0x4 CMakeFiles/rc_car_new.dir/src/data_processing.c.obj
                0x20000030                arr_for_convert
 .bss.data_to_transmit
                0x20000034       0x18 CMakeFiles/rc_car_new.dir/src/data_processing.c.obj
                0x20000034                data_to_transmit
 .bss.adc_raw_data
                0x2000004c        0x8 CMakeFiles/rc_car_new.dir/C_/Works/STM32_Projects/rc_joystick/common/Core/Src/main.c.obj
                0x2000004c                adc_raw_data
 .bss.joybtn_right_state
                0x20000054        0x1 CMakeFiles/rc_car_new.dir/C_/Works/STM32_Projects/rc_joystick/common/Core/Src/main.c.obj
                0x20000054                joybtn_right_state
 .bss.joybtn_left_state
                0x20000055        0x1 CMakeFiles/rc_car_new.dir/C_/Works/STM32_Projects/rc_joystick/common/Core/Src/main.c.obj
                0x20000055                joybtn_left_state
 .bss.btn_left_state
                0x20000056        0x1 CMakeFiles/rc_car_new.dir/C_/Works/STM32_Projects/rc_joystick/common/Core/Src/main.c.obj
                0x20000056                btn_left_state
 .bss.btn_right_state
                0x20000057        0x1 CMakeFiles/rc_car_new.dir/C_/Works/STM32_Projects/rc_joystick/common/Core/Src/main.c.obj
                0x20000057                btn_right_state
 .bss.error_callback
                0x20000058        0x1 CMakeFiles/rc_car_new.dir/C_/Works/STM32_Projects/rc_joystick/common/Core/Src/main.c.obj
                0x20000058                error_callback
 *fill*         0x20000059        0x3 
 .bss.uwTick    0x2000005c        0x4 CMakeFiles/rc_car_new.dir/C_/Works/STM32_Projects/rc_joystick/common/Drivers/STM32F1xx_HAL_Driver/Src/stm32f1xx_hal.c.obj
                0x2000005c                uwTick
 .bss.hadc1     0x20000060       0x30 CMakeFiles/rc_car_new.dir/C_/Works/STM32_Projects/rc_joystick/common/Core/Src/adc.c.obj
                0x20000060                hadc1
 .bss.hdma_adc1
                0x20000090       0x44 CMakeFiles/rc_car_new.dir/C_/Works/STM32_Projects/rc_joystick/common/Core/Src/adc.c.obj
                0x20000090                hdma_adc1
 .bss.hcrc      0x200000d4        0x8 CMakeFiles/rc_car_new.dir/C_/Works/STM32_Projects/rc_joystick/common/Core/Src/crc.c.obj
                0x200000d4                hcrc
 .bss.huart1    0x200000dc       0x48 CMakeFiles/rc_car_new.dir/C_/Works/STM32_Projects/rc_joystick/common/Core/Src/usart.c.obj
                0x200000dc                huart1
 .bss.__lock___atexit_recursive_mutex
                0x20000124        0x1 c:/sysgcc/arm-eabi/bin/../lib/gcc/arm-none-eabi/12.3.1/thumb/v7-m/nofp\libg.a(libc_a-lock.o)
                0x20000124                __lock___atexit_recursive_mutex
 *fill*         0x20000125        0x3 
 .bss.__atexit  0x20000128        0x4 c:/sysgcc/arm-eabi/bin/../lib/gcc/arm-none-eabi/12.3.1/thumb/v7-m/nofp\libg.a(libc_a-__call_atexit.o)
                0x20000128                __atexit
 .bss.__atexit0
                0x2000012c      0x190 c:/sysgcc/arm-eabi/bin/../lib/gcc/arm-none-eabi/12.3.1/thumb/v7-m/nofp\libg.a(libc_a-__atexit.o)
                0x2000012c                __atexit0
 *(COMMON)
                0x200002bc                        . = ALIGN (0x4)
                0x200002bc                        _ebss = .
                0x200002bc                        __bss_end__ = _ebss

._user_heap_stack
                0x200002bc      0x604 load address 0x08003768
                0x200002c0                        . = ALIGN (0x8)
 *fill*         0x200002bc        0x4 
                [!provide]                        PROVIDE (end = .)
                0x200002c0                        PROVIDE (_end = .)
                0x200004c0                        . = (. + _Min_Heap_Size)
 *fill*         0x200002c0      0x200 
                0x200008c0                        . = (. + _Min_Stack_Size)
 *fill*         0x200004c0      0x400 
                0x200008c0                        . = ALIGN (0x8)

/DISCARD/
 libc.a(*)
 libm.a(*)
 libgcc.a(*)

.ARM.attributes
                0x00000000       0x29
 *(.ARM.attributes)
 .ARM.attributes
                0x00000000       0x1d c:/sysgcc/arm-eabi/bin/../lib/gcc/arm-none-eabi/12.3.1/thumb/v7-m/nofp/crti.o
 .ARM.attributes
                0x0000001d       0x2d c:/sysgcc/arm-eabi/bin/../lib/gcc/arm-none-eabi/12.3.1/thumb/v7-m/nofp/crtbegin.o
 .ARM.attributes
                0x0000004a       0x2d CMakeFiles/rc_car_new.dir/src/data_processing.c.obj
 .ARM.attributes
                0x00000077       0x21 CMakeFiles/rc_car_new.dir/C_/Works/STM32_Projects/rc_joystick/common/Startup/startup_stm32f103c6tx.s.obj
 .ARM.attributes
                0x00000098       0x2d CMakeFiles/rc_car_new.dir/C_/Works/STM32_Projects/rc_joystick/common/Core/Src/main.c.obj
 .ARM.attributes
                0x000000c5       0x2d CMakeFiles/rc_car_new.dir/C_/Works/STM32_Projects/rc_joystick/common/Drivers/STM32F1xx_HAL_Driver/Src/stm32f1xx_hal.c.obj
 .ARM.attributes
                0x000000f2       0x2d CMakeFiles/rc_car_new.dir/C_/Works/STM32_Projects/rc_joystick/common/Drivers/STM32F1xx_HAL_Driver/Src/stm32f1xx_hal_adc.c.obj
 .ARM.attributes
                0x0000011f       0x2d CMakeFiles/rc_car_new.dir/C_/Works/STM32_Projects/rc_joystick/common/Drivers/STM32F1xx_HAL_Driver/Src/stm32f1xx_hal_adc_ex.c.obj
 .ARM.attributes
                0x0000014c       0x2d CMakeFiles/rc_car_new.dir/C_/Works/STM32_Projects/rc_joystick/common/Drivers/STM32F1xx_HAL_Driver/Src/stm32f1xx_hal_cortex.c.obj
 .ARM.attributes
                0x00000179       0x2d CMakeFiles/rc_car_new.dir/C_/Works/STM32_Projects/rc_joystick/common/Drivers/STM32F1xx_HAL_Driver/Src/stm32f1xx_hal_crc.c.obj
 .ARM.attributes
                0x000001a6       0x2d CMakeFiles/rc_car_new.dir/C_/Works/STM32_Projects/rc_joystick/common/Drivers/STM32F1xx_HAL_Driver/Src/stm32f1xx_hal_dma.c.obj
 .ARM.attributes
                0x000001d3       0x2d CMakeFiles/rc_car_new.dir/C_/Works/STM32_Projects/rc_joystick/common/Drivers/STM32F1xx_HAL_Driver/Src/stm32f1xx_hal_gpio.c.obj
 .ARM.attributes
                0x00000200       0x2d CMakeFiles/rc_car_new.dir/C_/Works/STM32_Projects/rc_joystick/common/Drivers/STM32F1xx_HAL_Driver/Src/stm32f1xx_hal_rcc.c.obj
 .ARM.attributes
                0x0000022d       0x2d CMakeFiles/rc_car_new.dir/C_/Works/STM32_Projects/rc_joystick/common/Drivers/STM32F1xx_HAL_Driver/Src/stm32f1xx_hal_rcc_ex.c.obj
 .ARM.attributes
                0x0000025a       0x2d CMakeFiles/rc_car_new.dir/C_/Works/STM32_Projects/rc_joystick/common/Drivers/STM32F1xx_HAL_Driver/Src/stm32f1xx_hal_uart.c.obj
 .ARM.attributes
                0x00000287       0x2d CMakeFiles/rc_car_new.dir/C_/Works/STM32_Projects/rc_joystick/common/Core/Src/adc.c.obj
 .ARM.attributes
                0x000002b4       0x2d CMakeFiles/rc_car_new.dir/C_/Works/STM32_Projects/rc_joystick/common/Core/Src/crc.c.obj
 .ARM.attributes
                0x000002e1       0x2d CMakeFiles/rc_car_new.dir/C_/Works/STM32_Projects/rc_joystick/common/Core/Src/dma.c.obj
 .ARM.attributes
                0x0000030e       0x2d CMakeFiles/rc_car_new.dir/C_/Works/STM32_Projects/rc_joystick/common/Core/Src/gpio.c.obj
 .ARM.attributes
                0x0000033b       0x2d CMakeFiles/rc_car_new.dir/C_/Works/STM32_Projects/rc_joystick/common/Core/Src/stm32f1xx_hal_msp.c.obj
 .ARM.attributes
                0x00000368       0x2d CMakeFiles/rc_car_new.dir/C_/Works/STM32_Projects/rc_joystick/common/Core/Src/stm32f1xx_it.c.obj
 .ARM.attributes
                0x00000395       0x2d CMakeFiles/rc_car_new.dir/C_/Works/STM32_Projects/rc_joystick/common/Core/Src/system_stm32f1xx.c.obj
 .ARM.attributes
                0x000003c2       0x2d CMakeFiles/rc_car_new.dir/C_/Works/STM32_Projects/rc_joystick/common/Core/Src/usart.c.obj
 .ARM.attributes
                0x000003ef       0x2d c:/sysgcc/arm-eabi/bin/../lib/gcc/arm-none-eabi/12.3.1/thumb/v7-m/nofp\libg.a(libc_a-memset.o)
 .ARM.attributes
                0x0000041c       0x2d c:/sysgcc/arm-eabi/bin/../lib/gcc/arm-none-eabi/12.3.1/thumb/v7-m/nofp\libg.a(libc_a-init.o)
 .ARM.attributes
                0x00000449       0x2d c:/sysgcc/arm-eabi/bin/../lib/gcc/arm-none-eabi/12.3.1/thumb/v7-m/nofp\libg.a(libc_a-lock.o)
 .ARM.attributes
                0x00000476       0x2d c:/sysgcc/arm-eabi/bin/../lib/gcc/arm-none-eabi/12.3.1/thumb/v7-m/nofp\libg.a(libc_a-__call_atexit.o)
 .ARM.attributes
                0x000004a3       0x2d c:/sysgcc/arm-eabi/bin/../lib/gcc/arm-none-eabi/12.3.1/thumb/v7-m/nofp\libg.a(libc_a-atexit.o)
 .ARM.attributes
                0x000004d0       0x2d c:/sysgcc/arm-eabi/bin/../lib/gcc/arm-none-eabi/12.3.1/thumb/v7-m/nofp\libg.a(libc_a-fini.o)
 .ARM.attributes
                0x000004fd       0x2d c:/sysgcc/arm-eabi/bin/../lib/gcc/arm-none-eabi/12.3.1/thumb/v7-m/nofp\libg.a(libc_a-__atexit.o)
 .ARM.attributes
                0x0000052a       0x2d c:/sysgcc/arm-eabi/bin/../lib/gcc/arm-none-eabi/12.3.1/thumb/v7-m/nofp/crtend.o
 .ARM.attributes
                0x00000557       0x1d c:/sysgcc/arm-eabi/bin/../lib/gcc/arm-none-eabi/12.3.1/thumb/v7-m/nofp/crtn.o
OUTPUT(rc_car_new elf32-littlearm)
LOAD linker stubs
LOAD c:/sysgcc/arm-eabi/bin/../lib/gcc/arm-none-eabi/12.3.1/thumb/v7-m/nofp\libc.a
LOAD c:/sysgcc/arm-eabi/bin/../lib/gcc/arm-none-eabi/12.3.1/thumb/v7-m/nofp\libm.a
LOAD c:/sysgcc/arm-eabi/bin/../lib/gcc/arm-none-eabi/12.3.1/thumb/v7-m/nofp\libgcc.a

.debug_info     0x00000000     0xafad
 .debug_info    0x00000000      0x8be CMakeFiles/rc_car_new.dir/src/data_processing.c.obj
 .debug_info    0x000008be       0x30 CMakeFiles/rc_car_new.dir/C_/Works/STM32_Projects/rc_joystick/common/Startup/startup_stm32f103c6tx.s.obj
 .debug_info    0x000008ee      0xb46 CMakeFiles/rc_car_new.dir/C_/Works/STM32_Projects/rc_joystick/common/Core/Src/main.c.obj
 .debug_info    0x00001434      0x6df CMakeFiles/rc_car_new.dir/C_/Works/STM32_Projects/rc_joystick/common/Drivers/STM32F1xx_HAL_Driver/Src/stm32f1xx_hal.c.obj
 .debug_info    0x00001b13      0xc49 CMakeFiles/rc_car_new.dir/C_/Works/STM32_Projects/rc_joystick/common/Drivers/STM32F1xx_HAL_Driver/Src/stm32f1xx_hal_adc.c.obj
 .debug_info    0x0000275c      0xa09 CMakeFiles/rc_car_new.dir/C_/Works/STM32_Projects/rc_joystick/common/Drivers/STM32F1xx_HAL_Driver/Src/stm32f1xx_hal_adc_ex.c.obj
 .debug_info    0x00003165      0xa62 CMakeFiles/rc_car_new.dir/C_/Works/STM32_Projects/rc_joystick/common/Drivers/STM32F1xx_HAL_Driver/Src/stm32f1xx_hal_cortex.c.obj
 .debug_info    0x00003bc7      0x378 CMakeFiles/rc_car_new.dir/C_/Works/STM32_Projects/rc_joystick/common/Drivers/STM32F1xx_HAL_Driver/Src/stm32f1xx_hal_crc.c.obj
 .debug_info    0x00003f3f      0x6cb CMakeFiles/rc_car_new.dir/C_/Works/STM32_Projects/rc_joystick/common/Drivers/STM32F1xx_HAL_Driver/Src/stm32f1xx_hal_dma.c.obj
 .debug_info    0x0000460a      0x5a4 CMakeFiles/rc_car_new.dir/C_/Works/STM32_Projects/rc_joystick/common/Drivers/STM32F1xx_HAL_Driver/Src/stm32f1xx_hal_gpio.c.obj
 .debug_info    0x00004bae      0x7ce CMakeFiles/rc_car_new.dir/C_/Works/STM32_Projects/rc_joystick/common/Drivers/STM32F1xx_HAL_Driver/Src/stm32f1xx_hal_rcc.c.obj
 .debug_info    0x0000537c      0x3b9 CMakeFiles/rc_car_new.dir/C_/Works/STM32_Projects/rc_joystick/common/Drivers/STM32F1xx_HAL_Driver/Src/stm32f1xx_hal_rcc_ex.c.obj
 .debug_info    0x00005735     0x2fa1 CMakeFiles/rc_car_new.dir/C_/Works/STM32_Projects/rc_joystick/common/Drivers/STM32F1xx_HAL_Driver/Src/stm32f1xx_hal_uart.c.obj
 .debug_info    0x000086d6      0x969 CMakeFiles/rc_car_new.dir/C_/Works/STM32_Projects/rc_joystick/common/Core/Src/adc.c.obj
 .debug_info    0x0000903f      0x318 CMakeFiles/rc_car_new.dir/C_/Works/STM32_Projects/rc_joystick/common/Core/Src/crc.c.obj
 .debug_info    0x00009357      0x2aa CMakeFiles/rc_car_new.dir/C_/Works/STM32_Projects/rc_joystick/common/Core/Src/dma.c.obj
 .debug_info    0x00009601      0x40d CMakeFiles/rc_car_new.dir/C_/Works/STM32_Projects/rc_joystick/common/Core/Src/gpio.c.obj
 .debug_info    0x00009a0e      0x1ea CMakeFiles/rc_car_new.dir/C_/Works/STM32_Projects/rc_joystick/common/Core/Src/stm32f1xx_hal_msp.c.obj
 .debug_info    0x00009bf8      0x895 CMakeFiles/rc_car_new.dir/C_/Works/STM32_Projects/rc_joystick/common/Core/Src/stm32f1xx_it.c.obj
 .debug_info    0x0000a48d      0x21b CMakeFiles/rc_car_new.dir/C_/Works/STM32_Projects/rc_joystick/common/Core/Src/system_stm32f1xx.c.obj
 .debug_info    0x0000a6a8      0x905 CMakeFiles/rc_car_new.dir/C_/Works/STM32_Projects/rc_joystick/common/Core/Src/usart.c.obj

.debug_abbrev   0x00000000     0x2691
 .debug_abbrev  0x00000000      0x222 CMakeFiles/rc_car_new.dir/src/data_processing.c.obj
 .debug_abbrev  0x00000222       0x24 CMakeFiles/rc_car_new.dir/C_/Works/STM32_Projects/rc_joystick/common/Startup/startup_stm32f103c6tx.s.obj
 .debug_abbrev  0x00000246      0x25c CMakeFiles/rc_car_new.dir/C_/Works/STM32_Projects/rc_joystick/common/Core/Src/main.c.obj
 .debug_abbrev  0x000004a2      0x201 CMakeFiles/rc_car_new.dir/C_/Works/STM32_Projects/rc_joystick/common/Drivers/STM32F1xx_HAL_Driver/Src/stm32f1xx_hal.c.obj
 .debug_abbrev  0x000006a3      0x225 CMakeFiles/rc_car_new.dir/C_/Works/STM32_Projects/rc_joystick/common/Drivers/STM32F1xx_HAL_Driver/Src/stm32f1xx_hal_adc.c.obj
 .debug_abbrev  0x000008c8      0x249 CMakeFiles/rc_car_new.dir/C_/Works/STM32_Projects/rc_joystick/common/Drivers/STM32F1xx_HAL_Driver/Src/stm32f1xx_hal_adc_ex.c.obj
 .debug_abbrev  0x00000b11      0x2f8 CMakeFiles/rc_car_new.dir/C_/Works/STM32_Projects/rc_joystick/common/Drivers/STM32F1xx_HAL_Driver/Src/stm32f1xx_hal_cortex.c.obj
 .debug_abbrev  0x00000e09      0x1b1 CMakeFiles/rc_car_new.dir/C_/Works/STM32_Projects/rc_joystick/common/Drivers/STM32F1xx_HAL_Driver/Src/stm32f1xx_hal_crc.c.obj
 .debug_abbrev  0x00000fba      0x20b CMakeFiles/rc_car_new.dir/C_/Works/STM32_Projects/rc_joystick/common/Drivers/STM32F1xx_HAL_Driver/Src/stm32f1xx_hal_dma.c.obj
 .debug_abbrev  0x000011c5      0x1ca CMakeFiles/rc_car_new.dir/C_/Works/STM32_Projects/rc_joystick/common/Drivers/STM32F1xx_HAL_Driver/Src/stm32f1xx_hal_gpio.c.obj
 .debug_abbrev  0x0000138f      0x2b3 CMakeFiles/rc_car_new.dir/C_/Works/STM32_Projects/rc_joystick/common/Drivers/STM32F1xx_HAL_Driver/Src/stm32f1xx_hal_rcc.c.obj
 .debug_abbrev  0x00001642      0x188 CMakeFiles/rc_car_new.dir/C_/Works/STM32_Projects/rc_joystick/common/Drivers/STM32F1xx_HAL_Driver/Src/stm32f1xx_hal_rcc_ex.c.obj
 .debug_abbrev  0x000017ca      0x2f8 CMakeFiles/rc_car_new.dir/C_/Works/STM32_Projects/rc_joystick/common/Drivers/STM32F1xx_HAL_Driver/Src/stm32f1xx_hal_uart.c.obj
 .debug_abbrev  0x00001ac2      0x211 CMakeFiles/rc_car_new.dir/C_/Works/STM32_Projects/rc_joystick/common/Core/Src/adc.c.obj
 .debug_abbrev  0x00001cd3      0x189 CMakeFiles/rc_car_new.dir/C_/Works/STM32_Projects/rc_joystick/common/Core/Src/crc.c.obj
 .debug_abbrev  0x00001e5c       0xfc CMakeFiles/rc_car_new.dir/C_/Works/STM32_Projects/rc_joystick/common/Core/Src/dma.c.obj
 .debug_abbrev  0x00001f58      0x161 CMakeFiles/rc_car_new.dir/C_/Works/STM32_Projects/rc_joystick/common/Core/Src/gpio.c.obj
 .debug_abbrev  0x000020b9       0xdb CMakeFiles/rc_car_new.dir/C_/Works/STM32_Projects/rc_joystick/common/Core/Src/stm32f1xx_hal_msp.c.obj
 .debug_abbrev  0x00002194      0x1b9 CMakeFiles/rc_car_new.dir/C_/Works/STM32_Projects/rc_joystick/common/Core/Src/stm32f1xx_it.c.obj
 .debug_abbrev  0x0000234d      0x13f CMakeFiles/rc_car_new.dir/C_/Works/STM32_Projects/rc_joystick/common/Core/Src/system_stm32f1xx.c.obj
 .debug_abbrev  0x0000248c      0x205 CMakeFiles/rc_car_new.dir/C_/Works/STM32_Projects/rc_joystick/common/Core/Src/usart.c.obj

.debug_aranges  0x00000000      0x990
 .debug_aranges
                0x00000000       0x40 CMakeFiles/rc_car_new.dir/src/data_processing.c.obj
 .debug_aranges
                0x00000040       0x28 CMakeFiles/rc_car_new.dir/C_/Works/STM32_Projects/rc_joystick/common/Startup/startup_stm32f103c6tx.s.obj
 .debug_aranges
                0x00000068       0x40 CMakeFiles/rc_car_new.dir/C_/Works/STM32_Projects/rc_joystick/common/Core/Src/main.c.obj
 .debug_aranges
                0x000000a8       0xe0 CMakeFiles/rc_car_new.dir/C_/Works/STM32_Projects/rc_joystick/common/Drivers/STM32F1xx_HAL_Driver/Src/stm32f1xx_hal.c.obj
 .debug_aranges
                0x00000188       0xf0 CMakeFiles/rc_car_new.dir/C_/Works/STM32_Projects/rc_joystick/common/Drivers/STM32F1xx_HAL_Driver/Src/stm32f1xx_hal_adc.c.obj
 .debug_aranges
                0x00000278       0x80 CMakeFiles/rc_car_new.dir/C_/Works/STM32_Projects/rc_joystick/common/Drivers/STM32F1xx_HAL_Driver/Src/stm32f1xx_hal_adc_ex.c.obj
 .debug_aranges
                0x000002f8      0x100 CMakeFiles/rc_car_new.dir/C_/Works/STM32_Projects/rc_joystick/common/Drivers/STM32F1xx_HAL_Driver/Src/stm32f1xx_hal_cortex.c.obj
 .debug_aranges
                0x000003f8       0x50 CMakeFiles/rc_car_new.dir/C_/Works/STM32_Projects/rc_joystick/common/Drivers/STM32F1xx_HAL_Driver/Src/stm32f1xx_hal_crc.c.obj
 .debug_aranges
                0x00000448       0x80 CMakeFiles/rc_car_new.dir/C_/Works/STM32_Projects/rc_joystick/common/Drivers/STM32F1xx_HAL_Driver/Src/stm32f1xx_hal_dma.c.obj
 .debug_aranges
                0x000004c8       0x58 CMakeFiles/rc_car_new.dir/C_/Works/STM32_Projects/rc_joystick/common/Drivers/STM32F1xx_HAL_Driver/Src/stm32f1xx_hal_gpio.c.obj
 .debug_aranges
                0x00000520       0x90 CMakeFiles/rc_car_new.dir/C_/Works/STM32_Projects/rc_joystick/common/Drivers/STM32F1xx_HAL_Driver/Src/stm32f1xx_hal_rcc.c.obj
 .debug_aranges
                0x000005b0       0x30 CMakeFiles/rc_car_new.dir/C_/Works/STM32_Projects/rc_joystick/common/Drivers/STM32F1xx_HAL_Driver/Src/stm32f1xx_hal_rcc_ex.c.obj
 .debug_aranges
                0x000005e0      0x208 CMakeFiles/rc_car_new.dir/C_/Works/STM32_Projects/rc_joystick/common/Drivers/STM32F1xx_HAL_Driver/Src/stm32f1xx_hal_uart.c.obj
 .debug_aranges
                0x000007e8       0x30 CMakeFiles/rc_car_new.dir/C_/Works/STM32_Projects/rc_joystick/common/Core/Src/adc.c.obj
 .debug_aranges
                0x00000818       0x30 CMakeFiles/rc_car_new.dir/C_/Works/STM32_Projects/rc_joystick/common/Core/Src/crc.c.obj
 .debug_aranges
                0x00000848       0x20 CMakeFiles/rc_car_new.dir/C_/Works/STM32_Projects/rc_joystick/common/Core/Src/dma.c.obj
 .debug_aranges
                0x00000868       0x20 CMakeFiles/rc_car_new.dir/C_/Works/STM32_Projects/rc_joystick/common/Core/Src/gpio.c.obj
 .debug_aranges
                0x00000888       0x20 CMakeFiles/rc_car_new.dir/C_/Works/STM32_Projects/rc_joystick/common/Core/Src/stm32f1xx_hal_msp.c.obj
 .debug_aranges
                0x000008a8       0x90 CMakeFiles/rc_car_new.dir/C_/Works/STM32_Projects/rc_joystick/common/Core/Src/stm32f1xx_it.c.obj
 .debug_aranges
                0x00000938       0x28 CMakeFiles/rc_car_new.dir/C_/Works/STM32_Projects/rc_joystick/common/Core/Src/system_stm32f1xx.c.obj
 .debug_aranges
                0x00000960       0x30 CMakeFiles/rc_car_new.dir/C_/Works/STM32_Projects/rc_joystick/common/Core/Src/usart.c.obj

.debug_rnglists
                0x00000000      0x730
 .debug_rnglists
                0x00000000       0x2c CMakeFiles/rc_car_new.dir/src/data_processing.c.obj
 .debug_rnglists
                0x0000002c       0x19 CMakeFiles/rc_car_new.dir/C_/Works/STM32_Projects/rc_joystick/common/Startup/startup_stm32f103c6tx.s.obj
 .debug_rnglists
                0x00000045       0x2e CMakeFiles/rc_car_new.dir/C_/Works/STM32_Projects/rc_joystick/common/Core/Src/main.c.obj
 .debug_rnglists
                0x00000073       0xa3 CMakeFiles/rc_car_new.dir/C_/Works/STM32_Projects/rc_joystick/common/Drivers/STM32F1xx_HAL_Driver/Src/stm32f1xx_hal.c.obj
 .debug_rnglists
                0x00000116       0xbc CMakeFiles/rc_car_new.dir/C_/Works/STM32_Projects/rc_joystick/common/Drivers/STM32F1xx_HAL_Driver/Src/stm32f1xx_hal_adc.c.obj
 .debug_rnglists
                0x000001d2       0x65 CMakeFiles/rc_car_new.dir/C_/Works/STM32_Projects/rc_joystick/common/Drivers/STM32F1xx_HAL_Driver/Src/stm32f1xx_hal_adc_ex.c.obj
 .debug_rnglists
                0x00000237       0xbb CMakeFiles/rc_car_new.dir/C_/Works/STM32_Projects/rc_joystick/common/Drivers/STM32F1xx_HAL_Driver/Src/stm32f1xx_hal_cortex.c.obj
 .debug_rnglists
                0x000002f2       0x37 CMakeFiles/rc_car_new.dir/C_/Works/STM32_Projects/rc_joystick/common/Drivers/STM32F1xx_HAL_Driver/Src/stm32f1xx_hal_crc.c.obj
 .debug_rnglists
                0x00000329       0x64 CMakeFiles/rc_car_new.dir/C_/Works/STM32_Projects/rc_joystick/common/Drivers/STM32F1xx_HAL_Driver/Src/stm32f1xx_hal_dma.c.obj
 .debug_rnglists
                0x0000038d       0x3f CMakeFiles/rc_car_new.dir/C_/Works/STM32_Projects/rc_joystick/common/Drivers/STM32F1xx_HAL_Driver/Src/stm32f1xx_hal_gpio.c.obj
 .debug_rnglists
                0x000003cc       0x6c CMakeFiles/rc_car_new.dir/C_/Works/STM32_Projects/rc_joystick/common/Drivers/STM32F1xx_HAL_Driver/Src/stm32f1xx_hal_rcc.c.obj
 .debug_rnglists
                0x00000438       0x21 CMakeFiles/rc_car_new.dir/C_/Works/STM32_Projects/rc_joystick/common/Drivers/STM32F1xx_HAL_Driver/Src/stm32f1xx_hal_rcc_ex.c.obj
 .debug_rnglists
                0x00000459      0x1bc CMakeFiles/rc_car_new.dir/C_/Works/STM32_Projects/rc_joystick/common/Drivers/STM32F1xx_HAL_Driver/Src/stm32f1xx_hal_uart.c.obj
 .debug_rnglists
                0x00000615       0x21 CMakeFiles/rc_car_new.dir/C_/Works/STM32_Projects/rc_joystick/common/Core/Src/adc.c.obj
 .debug_rnglists
                0x00000636       0x1f CMakeFiles/rc_car_new.dir/C_/Works/STM32_Projects/rc_joystick/common/Core/Src/crc.c.obj
 .debug_rnglists
                0x00000655       0x13 CMakeFiles/rc_car_new.dir/C_/Works/STM32_Projects/rc_joystick/common/Core/Src/dma.c.obj
 .debug_rnglists
                0x00000668       0x14 CMakeFiles/rc_car_new.dir/C_/Works/STM32_Projects/rc_joystick/common/Core/Src/gpio.c.obj
 .debug_rnglists
                0x0000067c       0x13 CMakeFiles/rc_car_new.dir/C_/Works/STM32_Projects/rc_joystick/common/Core/Src/stm32f1xx_hal_msp.c.obj
 .debug_rnglists
                0x0000068f       0x67 CMakeFiles/rc_car_new.dir/C_/Works/STM32_Projects/rc_joystick/common/Core/Src/stm32f1xx_it.c.obj
 .debug_rnglists
                0x000006f6       0x1a CMakeFiles/rc_car_new.dir/C_/Works/STM32_Projects/rc_joystick/common/Core/Src/system_stm32f1xx.c.obj
 .debug_rnglists
                0x00000710       0x20 CMakeFiles/rc_car_new.dir/C_/Works/STM32_Projects/rc_joystick/common/Core/Src/usart.c.obj

.debug_macro    0x00000000    0x16a3e
 .debug_macro   0x00000000      0x1df CMakeFiles/rc_car_new.dir/src/data_processing.c.obj
 .debug_macro   0x000001df      0x227 CMakeFiles/rc_car_new.dir/src/data_processing.c.obj
 .debug_macro   0x00000406       0x2e CMakeFiles/rc_car_new.dir/src/data_processing.c.obj
 .debug_macro   0x00000434       0x22 CMakeFiles/rc_car_new.dir/src/data_processing.c.obj
 .debug_macro   0x00000456       0x22 CMakeFiles/rc_car_new.dir/src/data_processing.c.obj
 .debug_macro   0x00000478       0x56 CMakeFiles/rc_car_new.dir/src/data_processing.c.obj
 .debug_macro   0x000004ce       0x51 CMakeFiles/rc_car_new.dir/src/data_processing.c.obj
 .debug_macro   0x0000051f      0x103 CMakeFiles/rc_car_new.dir/src/data_processing.c.obj
 .debug_macro   0x00000622       0x6a CMakeFiles/rc_car_new.dir/src/data_processing.c.obj
 .debug_macro   0x0000068c      0x1df CMakeFiles/rc_car_new.dir/src/data_processing.c.obj
 .debug_macro   0x0000086b       0x1c CMakeFiles/rc_car_new.dir/src/data_processing.c.obj
 .debug_macro   0x00000887       0x22 CMakeFiles/rc_car_new.dir/src/data_processing.c.obj
 .debug_macro   0x000008a9       0xbd CMakeFiles/rc_car_new.dir/src/data_processing.c.obj
 .debug_macro   0x00000966      0xd23 CMakeFiles/rc_car_new.dir/src/data_processing.c.obj
 .debug_macro   0x00001689     0xde75 CMakeFiles/rc_car_new.dir/src/data_processing.c.obj
 .debug_macro   0x0000f4fe       0x6d CMakeFiles/rc_car_new.dir/src/data_processing.c.obj
 .debug_macro   0x0000f56b     0x348d CMakeFiles/rc_car_new.dir/src/data_processing.c.obj
 .debug_macro   0x000129f8      0x182 CMakeFiles/rc_car_new.dir/src/data_processing.c.obj
 .debug_macro   0x00012b7a       0x5c CMakeFiles/rc_car_new.dir/src/data_processing.c.obj
 .debug_macro   0x00012bd6      0x5bc CMakeFiles/rc_car_new.dir/src/data_processing.c.obj
 .debug_macro   0x00013192      0x1b7 CMakeFiles/rc_car_new.dir/src/data_processing.c.obj
 .debug_macro   0x00013349      0x1cb CMakeFiles/rc_car_new.dir/src/data_processing.c.obj
 .debug_macro   0x00013514      0x114 CMakeFiles/rc_car_new.dir/src/data_processing.c.obj
 .debug_macro   0x00013628      0x1b2 CMakeFiles/rc_car_new.dir/src/data_processing.c.obj
 .debug_macro   0x000137da       0x27 CMakeFiles/rc_car_new.dir/src/data_processing.c.obj
 .debug_macro   0x00013801      0x12f CMakeFiles/rc_car_new.dir/src/data_processing.c.obj
 .debug_macro   0x00013930      0x1bc CMakeFiles/rc_car_new.dir/src/data_processing.c.obj
 .debug_macro   0x00013aec       0x34 CMakeFiles/rc_car_new.dir/src/data_processing.c.obj
 .debug_macro   0x00013b20       0x3c CMakeFiles/rc_car_new.dir/src/data_processing.c.obj
 .debug_macro   0x00013b5c       0x57 CMakeFiles/rc_car_new.dir/src/data_processing.c.obj
 .debug_macro   0x00013bb3      0x46a CMakeFiles/rc_car_new.dir/src/data_processing.c.obj
 .debug_macro   0x0001401d      0x1b5 CMakeFiles/rc_car_new.dir/src/data_processing.c.obj
 .debug_macro   0x000141d2       0x22 CMakeFiles/rc_car_new.dir/src/data_processing.c.obj
 .debug_macro   0x000141f4       0x87 CMakeFiles/rc_car_new.dir/src/data_processing.c.obj
 .debug_macro   0x0001427b      0x183 CMakeFiles/rc_car_new.dir/src/data_processing.c.obj
 .debug_macro   0x000143fe      0x140 CMakeFiles/rc_car_new.dir/src/data_processing.c.obj
 .debug_macro   0x0001453e      0x28e CMakeFiles/rc_car_new.dir/src/data_processing.c.obj
 .debug_macro   0x000147cc       0x69 CMakeFiles/rc_car_new.dir/src/data_processing.c.obj
 .debug_macro   0x00014835       0xac CMakeFiles/rc_car_new.dir/src/data_processing.c.obj
 .debug_macro   0x000148e1      0x1f3 CMakeFiles/rc_car_new.dir/C_/Works/STM32_Projects/rc_joystick/common/Core/Src/main.c.obj
 .debug_macro   0x00014ad4      0x1ce CMakeFiles/rc_car_new.dir/C_/Works/STM32_Projects/rc_joystick/common/Drivers/STM32F1xx_HAL_Driver/Src/stm32f1xx_hal.c.obj
 .debug_macro   0x00014ca2      0x1c7 CMakeFiles/rc_car_new.dir/C_/Works/STM32_Projects/rc_joystick/common/Drivers/STM32F1xx_HAL_Driver/Src/stm32f1xx_hal_adc.c.obj
 .debug_macro   0x00014e69      0x1bc CMakeFiles/rc_car_new.dir/C_/Works/STM32_Projects/rc_joystick/common/Drivers/STM32F1xx_HAL_Driver/Src/stm32f1xx_hal_adc_ex.c.obj
 .debug_macro   0x00015025      0x1aa CMakeFiles/rc_car_new.dir/C_/Works/STM32_Projects/rc_joystick/common/Drivers/STM32F1xx_HAL_Driver/Src/stm32f1xx_hal_cortex.c.obj
 .debug_macro   0x000151cf      0x1aa CMakeFiles/rc_car_new.dir/C_/Works/STM32_Projects/rc_joystick/common/Drivers/STM32F1xx_HAL_Driver/Src/stm32f1xx_hal_crc.c.obj
 .debug_macro   0x00015379      0x1aa CMakeFiles/rc_car_new.dir/C_/Works/STM32_Projects/rc_joystick/common/Drivers/STM32F1xx_HAL_Driver/Src/stm32f1xx_hal_dma.c.obj
 .debug_macro   0x00015523      0x215 CMakeFiles/rc_car_new.dir/C_/Works/STM32_Projects/rc_joystick/common/Drivers/STM32F1xx_HAL_Driver/Src/stm32f1xx_hal_gpio.c.obj
 .debug_macro   0x00015738      0x1bc CMakeFiles/rc_car_new.dir/C_/Works/STM32_Projects/rc_joystick/common/Drivers/STM32F1xx_HAL_Driver/Src/stm32f1xx_hal_rcc.c.obj
 .debug_macro   0x000158f4      0x1aa CMakeFiles/rc_car_new.dir/C_/Works/STM32_Projects/rc_joystick/common/Drivers/STM32F1xx_HAL_Driver/Src/stm32f1xx_hal_rcc_ex.c.obj
 .debug_macro   0x00015a9e      0x1ab CMakeFiles/rc_car_new.dir/C_/Works/STM32_Projects/rc_joystick/common/Drivers/STM32F1xx_HAL_Driver/Src/stm32f1xx_hal_uart.c.obj
 .debug_macro   0x00015c49      0x1c3 CMakeFiles/rc_car_new.dir/C_/Works/STM32_Projects/rc_joystick/common/Core/Src/adc.c.obj
 .debug_macro   0x00015e0c      0x1c3 CMakeFiles/rc_car_new.dir/C_/Works/STM32_Projects/rc_joystick/common/Core/Src/crc.c.obj
 .debug_macro   0x00015fcf      0x1c3 CMakeFiles/rc_car_new.dir/C_/Works/STM32_Projects/rc_joystick/common/Core/Src/dma.c.obj
 .debug_macro   0x00016192      0x1c3 CMakeFiles/rc_car_new.dir/C_/Works/STM32_Projects/rc_joystick/common/Core/Src/gpio.c.obj
 .debug_macro   0x00016355      0x1b9 CMakeFiles/rc_car_new.dir/C_/Works/STM32_Projects/rc_joystick/common/Core/Src/stm32f1xx_hal_msp.c.obj
 .debug_macro   0x0001650e      0x1c3 CMakeFiles/rc_car_new.dir/C_/Works/STM32_Projects/rc_joystick/common/Core/Src/stm32f1xx_it.c.obj
 .debug_macro   0x000166d1      0x1aa CMakeFiles/rc_car_new.dir/C_/Works/STM32_Projects/rc_joystick/common/Core/Src/system_stm32f1xx.c.obj
 .debug_macro   0x0001687b      0x1c3 CMakeFiles/rc_car_new.dir/C_/Works/STM32_Projects/rc_joystick/common/Core/Src/usart.c.obj

.debug_line     0x00000000     0xb6e2
 .debug_line    0x00000000      0x69e CMakeFiles/rc_car_new.dir/src/data_processing.c.obj
 .debug_line    0x0000069e       0x78 CMakeFiles/rc_car_new.dir/C_/Works/STM32_Projects/rc_joystick/common/Startup/startup_stm32f103c6tx.s.obj
 .debug_line    0x00000716      0x643 CMakeFiles/rc_car_new.dir/C_/Works/STM32_Projects/rc_joystick/common/Core/Src/main.c.obj
 .debug_line    0x00000d59      0x7a0 CMakeFiles/rc_car_new.dir/C_/Works/STM32_Projects/rc_joystick/common/Drivers/STM32F1xx_HAL_Driver/Src/stm32f1xx_hal.c.obj
 .debug_line    0x000014f9      0xe1d CMakeFiles/rc_car_new.dir/C_/Works/STM32_Projects/rc_joystick/common/Drivers/STM32F1xx_HAL_Driver/Src/stm32f1xx_hal_adc.c.obj
 .debug_line    0x00002316      0xb57 CMakeFiles/rc_car_new.dir/C_/Works/STM32_Projects/rc_joystick/common/Drivers/STM32F1xx_HAL_Driver/Src/stm32f1xx_hal_adc_ex.c.obj
 .debug_line    0x00002e6d      0x98c CMakeFiles/rc_car_new.dir/C_/Works/STM32_Projects/rc_joystick/common/Drivers/STM32F1xx_HAL_Driver/Src/stm32f1xx_hal_cortex.c.obj
 .debug_line    0x000037f9      0x63b CMakeFiles/rc_car_new.dir/C_/Works/STM32_Projects/rc_joystick/common/Drivers/STM32F1xx_HAL_Driver/Src/stm32f1xx_hal_crc.c.obj
 .debug_line    0x00003e34      0xbf9 CMakeFiles/rc_car_new.dir/C_/Works/STM32_Projects/rc_joystick/common/Drivers/STM32F1xx_HAL_Driver/Src/stm32f1xx_hal_dma.c.obj
 .debug_line    0x00004a2d      0x824 CMakeFiles/rc_car_new.dir/C_/Works/STM32_Projects/rc_joystick/common/Drivers/STM32F1xx_HAL_Driver/Src/stm32f1xx_hal_gpio.c.obj
 .debug_line    0x00005251      0xba9 CMakeFiles/rc_car_new.dir/C_/Works/STM32_Projects/rc_joystick/common/Drivers/STM32F1xx_HAL_Driver/Src/stm32f1xx_hal_rcc.c.obj
 .debug_line    0x00005dfa      0x6ea CMakeFiles/rc_car_new.dir/C_/Works/STM32_Projects/rc_joystick/common/Drivers/STM32F1xx_HAL_Driver/Src/stm32f1xx_hal_rcc_ex.c.obj
 .debug_line    0x000064e4     0x26e9 CMakeFiles/rc_car_new.dir/C_/Works/STM32_Projects/rc_joystick/common/Drivers/STM32F1xx_HAL_Driver/Src/stm32f1xx_hal_uart.c.obj
 .debug_line    0x00008bcd      0x5b7 CMakeFiles/rc_car_new.dir/C_/Works/STM32_Projects/rc_joystick/common/Core/Src/adc.c.obj
 .debug_line    0x00009184      0x530 CMakeFiles/rc_car_new.dir/C_/Works/STM32_Projects/rc_joystick/common/Core/Src/crc.c.obj
 .debug_line    0x000096b4      0x4f0 CMakeFiles/rc_car_new.dir/C_/Works/STM32_Projects/rc_joystick/common/Core/Src/dma.c.obj
 .debug_line    0x00009ba4      0x527 CMakeFiles/rc_car_new.dir/C_/Works/STM32_Projects/rc_joystick/common/Core/Src/gpio.c.obj
 .debug_line    0x0000a0cb      0x4f5 CMakeFiles/rc_car_new.dir/C_/Works/STM32_Projects/rc_joystick/common/Core/Src/stm32f1xx_hal_msp.c.obj
 .debug_line    0x0000a5c0      0x648 CMakeFiles/rc_car_new.dir/C_/Works/STM32_Projects/rc_joystick/common/Core/Src/stm32f1xx_it.c.obj
 .debug_line    0x0000ac08      0x573 CMakeFiles/rc_car_new.dir/C_/Works/STM32_Projects/rc_joystick/common/Core/Src/system_stm32f1xx.c.obj
 .debug_line    0x0000b17b      0x567 CMakeFiles/rc_car_new.dir/C_/Works/STM32_Projects/rc_joystick/common/Core/Src/usart.c.obj

.debug_str      0x00000000    0x81c94
 .debug_str     0x00000000    0x7f4fd CMakeFiles/rc_car_new.dir/src/data_processing.c.obj
                              0x7f8e2 (size before relaxing)
 .debug_str     0x0007f4fd       0x67 CMakeFiles/rc_car_new.dir/C_/Works/STM32_Projects/rc_joystick/common/Startup/startup_stm32f103c6tx.s.obj
                                 0xaa (size before relaxing)
 .debug_str     0x0007f564      0x3d4 CMakeFiles/rc_car_new.dir/C_/Works/STM32_Projects/rc_joystick/common/Core/Src/main.c.obj
                              0x7fb57 (size before relaxing)
 .debug_str     0x0007f938      0x63f CMakeFiles/rc_car_new.dir/C_/Works/STM32_Projects/rc_joystick/common/Drivers/STM32F1xx_HAL_Driver/Src/stm32f1xx_hal.c.obj
                              0x7f75a (size before relaxing)
 .debug_str     0x0007ff77      0x412 CMakeFiles/rc_car_new.dir/C_/Works/STM32_Projects/rc_joystick/common/Drivers/STM32F1xx_HAL_Driver/Src/stm32f1xx_hal_adc.c.obj
                              0x7f745 (size before relaxing)
 .debug_str     0x00080389      0x300 CMakeFiles/rc_car_new.dir/C_/Works/STM32_Projects/rc_joystick/common/Drivers/STM32F1xx_HAL_Driver/Src/stm32f1xx_hal_adc_ex.c.obj
                              0x7f715 (size before relaxing)
 .debug_str     0x00080689      0x2e3 CMakeFiles/rc_car_new.dir/C_/Works/STM32_Projects/rc_joystick/common/Drivers/STM32F1xx_HAL_Driver/Src/stm32f1xx_hal_cortex.c.obj
                              0x7f6a6 (size before relaxing)
 .debug_str     0x0008096c       0xdc CMakeFiles/rc_car_new.dir/C_/Works/STM32_Projects/rc_joystick/common/Drivers/STM32F1xx_HAL_Driver/Src/stm32f1xx_hal_crc.c.obj
                              0x7f1a3 (size before relaxing)
 .debug_str     0x00080a48      0x239 CMakeFiles/rc_car_new.dir/C_/Works/STM32_Projects/rc_joystick/common/Drivers/STM32F1xx_HAL_Driver/Src/stm32f1xx_hal_dma.c.obj
                              0x7f40a (size before relaxing)
 .debug_str     0x00080c81      0x34e CMakeFiles/rc_car_new.dir/C_/Works/STM32_Projects/rc_joystick/common/Drivers/STM32F1xx_HAL_Driver/Src/stm32f1xx_hal_gpio.c.obj
                              0x7f3e7 (size before relaxing)
 .debug_str     0x00080fcf      0x26d CMakeFiles/rc_car_new.dir/C_/Works/STM32_Projects/rc_joystick/common/Drivers/STM32F1xx_HAL_Driver/Src/stm32f1xx_hal_rcc.c.obj
                              0x7f490 (size before relaxing)
 .debug_str     0x0008123c       0xac CMakeFiles/rc_car_new.dir/C_/Works/STM32_Projects/rc_joystick/common/Drivers/STM32F1xx_HAL_Driver/Src/stm32f1xx_hal_rcc_ex.c.obj
                              0x7f1e0 (size before relaxing)
 .debug_str     0x000812e8      0x643 CMakeFiles/rc_car_new.dir/C_/Works/STM32_Projects/rc_joystick/common/Drivers/STM32F1xx_HAL_Driver/Src/stm32f1xx_hal_uart.c.obj
                              0x7fb01 (size before relaxing)
 .debug_str     0x0008192b       0x5e CMakeFiles/rc_car_new.dir/C_/Works/STM32_Projects/rc_joystick/common/Core/Src/adc.c.obj
                              0x7fa32 (size before relaxing)
 .debug_str     0x00081989       0x44 CMakeFiles/rc_car_new.dir/C_/Works/STM32_Projects/rc_joystick/common/Core/Src/crc.c.obj
                              0x7f46f (size before relaxing)
 .debug_str     0x000819cd       0x3a CMakeFiles/rc_car_new.dir/C_/Works/STM32_Projects/rc_joystick/common/Core/Src/dma.c.obj
                              0x7f5aa (size before relaxing)
 .debug_str     0x00081a07       0x3b CMakeFiles/rc_car_new.dir/C_/Works/STM32_Projects/rc_joystick/common/Core/Src/gpio.c.obj
                              0x7f653 (size before relaxing)
 .debug_str     0x00081a42       0x48 CMakeFiles/rc_car_new.dir/C_/Works/STM32_Projects/rc_joystick/common/Core/Src/stm32f1xx_hal_msp.c.obj
                              0x7f30e (size before relaxing)
 .debug_str     0x00081a8a      0x149 CMakeFiles/rc_car_new.dir/C_/Works/STM32_Projects/rc_joystick/common/Core/Src/stm32f1xx_it.c.obj
                              0x7f93e (size before relaxing)
 .debug_str     0x00081bd3       0x7a CMakeFiles/rc_car_new.dir/C_/Works/STM32_Projects/rc_joystick/common/Core/Src/system_stm32f1xx.c.obj
                              0x7f061 (size before relaxing)
 .debug_str     0x00081c4d       0x47 CMakeFiles/rc_car_new.dir/C_/Works/STM32_Projects/rc_joystick/common/Core/Src/usart.c.obj
                              0x7faaf (size before relaxing)

.comment        0x00000000       0x45
 .comment       0x00000000       0x45 CMakeFiles/rc_car_new.dir/src/data_processing.c.obj
                                 0x46 (size before relaxing)
 .comment       0x00000045       0x46 CMakeFiles/rc_car_new.dir/C_/Works/STM32_Projects/rc_joystick/common/Core/Src/main.c.obj
 .comment       0x00000045       0x46 CMakeFiles/rc_car_new.dir/C_/Works/STM32_Projects/rc_joystick/common/Drivers/STM32F1xx_HAL_Driver/Src/stm32f1xx_hal.c.obj
 .comment       0x00000045       0x46 CMakeFiles/rc_car_new.dir/C_/Works/STM32_Projects/rc_joystick/common/Drivers/STM32F1xx_HAL_Driver/Src/stm32f1xx_hal_adc.c.obj
 .comment       0x00000045       0x46 CMakeFiles/rc_car_new.dir/C_/Works/STM32_Projects/rc_joystick/common/Drivers/STM32F1xx_HAL_Driver/Src/stm32f1xx_hal_adc_ex.c.obj
 .comment       0x00000045       0x46 CMakeFiles/rc_car_new.dir/C_/Works/STM32_Projects/rc_joystick/common/Drivers/STM32F1xx_HAL_Driver/Src/stm32f1xx_hal_cortex.c.obj
 .comment       0x00000045       0x46 CMakeFiles/rc_car_new.dir/C_/Works/STM32_Projects/rc_joystick/common/Drivers/STM32F1xx_HAL_Driver/Src/stm32f1xx_hal_crc.c.obj
 .comment       0x00000045       0x46 CMakeFiles/rc_car_new.dir/C_/Works/STM32_Projects/rc_joystick/common/Drivers/STM32F1xx_HAL_Driver/Src/stm32f1xx_hal_dma.c.obj
 .comment       0x00000045       0x46 CMakeFiles/rc_car_new.dir/C_/Works/STM32_Projects/rc_joystick/common/Drivers/STM32F1xx_HAL_Driver/Src/stm32f1xx_hal_gpio.c.obj
 .comment       0x00000045       0x46 CMakeFiles/rc_car_new.dir/C_/Works/STM32_Projects/rc_joystick/common/Drivers/STM32F1xx_HAL_Driver/Src/stm32f1xx_hal_rcc.c.obj
 .comment       0x00000045       0x46 CMakeFiles/rc_car_new.dir/C_/Works/STM32_Projects/rc_joystick/common/Drivers/STM32F1xx_HAL_Driver/Src/stm32f1xx_hal_rcc_ex.c.obj
 .comment       0x00000045       0x46 CMakeFiles/rc_car_new.dir/C_/Works/STM32_Projects/rc_joystick/common/Drivers/STM32F1xx_HAL_Driver/Src/stm32f1xx_hal_uart.c.obj
 .comment       0x00000045       0x46 CMakeFiles/rc_car_new.dir/C_/Works/STM32_Projects/rc_joystick/common/Core/Src/adc.c.obj
 .comment       0x00000045       0x46 CMakeFiles/rc_car_new.dir/C_/Works/STM32_Projects/rc_joystick/common/Core/Src/crc.c.obj
 .comment       0x00000045       0x46 CMakeFiles/rc_car_new.dir/C_/Works/STM32_Projects/rc_joystick/common/Core/Src/dma.c.obj
 .comment       0x00000045       0x46 CMakeFiles/rc_car_new.dir/C_/Works/STM32_Projects/rc_joystick/common/Core/Src/gpio.c.obj
 .comment       0x00000045       0x46 CMakeFiles/rc_car_new.dir/C_/Works/STM32_Projects/rc_joystick/common/Core/Src/stm32f1xx_hal_msp.c.obj
 .comment       0x00000045       0x46 CMakeFiles/rc_car_new.dir/C_/Works/STM32_Projects/rc_joystick/common/Core/Src/stm32f1xx_it.c.obj
 .comment       0x00000045       0x46 CMakeFiles/rc_car_new.dir/C_/Works/STM32_Projects/rc_joystick/common/Core/Src/system_stm32f1xx.c.obj
 .comment       0x00000045       0x46 CMakeFiles/rc_car_new.dir/C_/Works/STM32_Projects/rc_joystick/common/Core/Src/usart.c.obj

.debug_frame    0x00000000     0x2540
 .debug_frame   0x00000000       0xd0 CMakeFiles/rc_car_new.dir/src/data_processing.c.obj
 .debug_frame   0x000000d0       0xbc CMakeFiles/rc_car_new.dir/C_/Works/STM32_Projects/rc_joystick/common/Core/Src/main.c.obj
 .debug_frame   0x0000018c      0x334 CMakeFiles/rc_car_new.dir/C_/Works/STM32_Projects/rc_joystick/common/Drivers/STM32F1xx_HAL_Driver/Src/stm32f1xx_hal.c.obj
 .debug_frame   0x000004c0      0x40c CMakeFiles/rc_car_new.dir/C_/Works/STM32_Projects/rc_joystick/common/Drivers/STM32F1xx_HAL_Driver/Src/stm32f1xx_hal_adc.c.obj
 .debug_frame   0x000008cc      0x200 CMakeFiles/rc_car_new.dir/C_/Works/STM32_Projects/rc_joystick/common/Drivers/STM32F1xx_HAL_Driver/Src/stm32f1xx_hal_adc_ex.c.obj
 .debug_frame   0x00000acc      0x428 CMakeFiles/rc_car_new.dir/C_/Works/STM32_Projects/rc_joystick/common/Drivers/STM32F1xx_HAL_Driver/Src/stm32f1xx_hal_cortex.c.obj
 .debug_frame   0x00000ef4      0x120 CMakeFiles/rc_car_new.dir/C_/Works/STM32_Projects/rc_joystick/common/Drivers/STM32F1xx_HAL_Driver/Src/stm32f1xx_hal_crc.c.obj
 .debug_frame   0x00001014      0x208 CMakeFiles/rc_car_new.dir/C_/Works/STM32_Projects/rc_joystick/common/Drivers/STM32F1xx_HAL_Driver/Src/stm32f1xx_hal_dma.c.obj
 .debug_frame   0x0000121c      0x14c CMakeFiles/rc_car_new.dir/C_/Works/STM32_Projects/rc_joystick/common/Drivers/STM32F1xx_HAL_Driver/Src/stm32f1xx_hal_gpio.c.obj
 .debug_frame   0x00001368      0x218 CMakeFiles/rc_car_new.dir/C_/Works/STM32_Projects/rc_joystick/common/Drivers/STM32F1xx_HAL_Driver/Src/stm32f1xx_hal_rcc.c.obj
 .debug_frame   0x00001580       0x80 CMakeFiles/rc_car_new.dir/C_/Works/STM32_Projects/rc_joystick/common/Drivers/STM32F1xx_HAL_Driver/Src/stm32f1xx_hal_rcc_ex.c.obj
 .debug_frame   0x00001600      0x944 CMakeFiles/rc_car_new.dir/C_/Works/STM32_Projects/rc_joystick/common/Drivers/STM32F1xx_HAL_Driver/Src/stm32f1xx_hal_uart.c.obj
 .debug_frame   0x00001f44       0x7c CMakeFiles/rc_car_new.dir/C_/Works/STM32_Projects/rc_joystick/common/Core/Src/adc.c.obj
 .debug_frame   0x00001fc0       0x7c CMakeFiles/rc_car_new.dir/C_/Works/STM32_Projects/rc_joystick/common/Core/Src/crc.c.obj
 .debug_frame   0x0000203c       0x34 CMakeFiles/rc_car_new.dir/C_/Works/STM32_Projects/rc_joystick/common/Core/Src/dma.c.obj
 .debug_frame   0x00002070       0x34 CMakeFiles/rc_car_new.dir/C_/Works/STM32_Projects/rc_joystick/common/Core/Src/gpio.c.obj
 .debug_frame   0x000020a4       0x38 CMakeFiles/rc_car_new.dir/C_/Works/STM32_Projects/rc_joystick/common/Core/Src/stm32f1xx_hal_msp.c.obj
 .debug_frame   0x000020dc      0x1ac CMakeFiles/rc_car_new.dir/C_/Works/STM32_Projects/rc_joystick/common/Core/Src/stm32f1xx_it.c.obj
 .debug_frame   0x00002288       0x58 CMakeFiles/rc_car_new.dir/C_/Works/STM32_Projects/rc_joystick/common/Core/Src/system_stm32f1xx.c.obj
 .debug_frame   0x000022e0       0x74 CMakeFiles/rc_car_new.dir/C_/Works/STM32_Projects/rc_joystick/common/Core/Src/usart.c.obj
 .debug_frame   0x00002354       0x2c c:/sysgcc/arm-eabi/bin/../lib/gcc/arm-none-eabi/12.3.1/thumb/v7-m/nofp\libg.a(libc_a-memset.o)
 .debug_frame   0x00002380       0x2c c:/sysgcc/arm-eabi/bin/../lib/gcc/arm-none-eabi/12.3.1/thumb/v7-m/nofp\libg.a(libc_a-init.o)
 .debug_frame   0x000023ac       0xb0 c:/sysgcc/arm-eabi/bin/../lib/gcc/arm-none-eabi/12.3.1/thumb/v7-m/nofp\libg.a(libc_a-lock.o)
 .debug_frame   0x0000245c       0x5c c:/sysgcc/arm-eabi/bin/../lib/gcc/arm-none-eabi/12.3.1/thumb/v7-m/nofp\libg.a(libc_a-__call_atexit.o)
 .debug_frame   0x000024b8       0x20 c:/sysgcc/arm-eabi/bin/../lib/gcc/arm-none-eabi/12.3.1/thumb/v7-m/nofp\libg.a(libc_a-atexit.o)
 .debug_frame   0x000024d8       0x34 c:/sysgcc/arm-eabi/bin/../lib/gcc/arm-none-eabi/12.3.1/thumb/v7-m/nofp\libg.a(libc_a-fini.o)
 .debug_frame   0x0000250c       0x34 c:/sysgcc/arm-eabi/bin/../lib/gcc/arm-none-eabi/12.3.1/thumb/v7-m/nofp\libg.a(libc_a-__atexit.o)

.debug_line_str
                0x00000000       0x8e
 .debug_line_str
                0x00000000       0x8e CMakeFiles/rc_car_new.dir/C_/Works/STM32_Projects/rc_joystick/common/Startup/startup_stm32f103c6tx.s.obj
